******************************************************************************
               TMS320C6x Linker PC v7.4.24                     
******************************************************************************
>> Linked Wed Apr 10 16:46:50 2019

OUTPUT FILE NAME:   <Lab5.out>
ENTRY POINT SYMBOL: "_c_int00"  address: 800099a0


MEMORY CONFIGURATION

         name            origin    length      used     unused   attr    fill
----------------------  --------  ---------  --------  --------  ----  --------
  SHDSPL2ROM            11700000   00100000  00000000  00100000  RWIX
  ARRAY_DATA_MEM        11800000   00004000  00004000  00000000  RWIX
  SHDSPL2RAM            11804000   0003c000  000115cb  0002aa35  RWIX
  SHDSPL1PRAM           11e00000   00008000  00000000  00008000  RWIX
  SHDSPL1DRAM           11f00000   00008000  00000000  00008000  RWIX
  EMIFACS0              40000000   20000000  00000000  20000000  RWIX
  EMIFACS2              60000000   02000000  00000000  02000000  RWIX
  EMIFACS3              62000000   02000000  00000000  02000000  RWIX
  EMIFACS4              64000000   02000000  00000000  02000000  RWIX
  EMIFACS5              66000000   02000000  00000000  02000000  RWIX
  SHRAM                 80000000   00020000  00009f20  000160e0  RWIX
  EXT_DDR2              c0000000   08000000  00000000  08000000  RWIX


SECTION ALLOCATION MAP

 output                                  attributes/
section   page    origin      length       input sections
--------  ----  ----------  ----------   ----------------
arraySect 
*          0    11800000    00004000     UNINITIALIZED
                  11800000    00004000     interruptFFT.obj (arraySect)

.data      0    11804000    00000000     UNINITIALIZED

.sysmem    0    11804000    00010000     UNINITIALIZED
                  11804000    00000008     rts6740.lib : memory.obj (.sysmem)
                  11804008    0000fff8     --HOLE--

.stack     0    11814000    00000800     UNINITIALIZED
                  11814000    00000008     rts6740.lib : boot.obj (.stack)
                  11814008    000007f8     --HOLE--

.far       0    11814800    000004f8     UNINITIALIZED
                  11814800    00000324     rts6740.lib : defs.obj (.far)
                  11814b24    00000004                 : fopen.obj (.far)
                  11814b28    0000011c                 : lowlev.obj (.far)
                  11814c44    00000004     template2.obj (.far)
                  11814c48    00000040     rts6740.lib : cos.obj (.far)
                  11814c88    00000040                 : sin.obj (.far)
                  11814cc8    0000000c                 : exit.obj (.far)
                  11814cd4    00000008     L138_aic3106_init.obj (.far)
                  11814cdc    00000008     rts6740.lib : _lock.obj (.far)
                  11814ce4    00000008                 : memory.obj (.far)
                  11814cec    00000004     --HOLE--
                  11814cf0    00000008                 : trgdrv.obj (.far)

.cinit     0    11814cf8    00000224     
                  11814cf8    0000005c     rts6740.lib : defs.obj (.cinit)
                  11814d54    00000004     --HOLE-- [fill = 0]
                  11814d58    0000005c                 : lowlev.obj (.cinit)
                  11814db4    00000004     --HOLE-- [fill = 0]
                  11814db8    00000048                 : cos.obj (.cinit)
                  11814e00    00000048                 : sin.obj (.cinit)
                  11814e48    0000002c     L138_aic3106_init.obj (.cinit)
                  11814e74    00000004     --HOLE-- [fill = 0]
                  11814e78    0000002c     rts6740.lib : exit.obj (.cinit)
                  11814ea4    00000004     --HOLE-- [fill = 0]
                  11814ea8    0000002c                 : memory.obj (.cinit)
                  11814ed4    00000004     --HOLE-- [fill = 0]
                  11814ed8    0000001c                 : _lock.obj (.cinit)
                  11814ef4    00000004     --HOLE-- [fill = 0]
                  11814ef8    0000000c                 : fopen.obj (.cinit)
                  11814f04    00000004     --HOLE-- [fill = 0]
                  11814f08    0000000c     template2.obj (.cinit)
                  11814f14    00000004     --HOLE-- [fill = 0]
                  11814f18    00000004     (.pad.cinit) [fill = 0]

.bss       0    11814f1c    00000028     UNINITIALIZED
                  11814f1c    0000001c     L138_aic3106_init.obj (.bss)
                  11814f38    00000004     evmomapl138_bsl.lib : evmomapl138_i2c.obj (.bss)
                  11814f3c    00000004     interruptFFT.obj (.bss)
                  11814f40    00000004     template2.obj (.bss)

.vecs      0    11815000    00000200     
                  11815000    00000200     vectors_intr.obj (.vecs)

.interrupts 
*          0    11815200    00000200     
                  11815200    000001c0     interruptFFT.obj (.interrupts)
                  118153c0    00000010     L138_aic3106_init.obj ($Tramp$S$$_output_sample)
                  118153d0    00000010     bitrevf.obj ($Tramp$S$$_bitrev)
                  118153e0    00000010     67-cfftr2.obj ($Tramp$S$$_cfftr2_dit)
                  118153f0    00000010     L138_aic3106_init.obj ($Tramp$S$$_input_sample)

.const     0    11815400    00000167     
                  11815400    00000101     rts6740.lib : ctype.obj (.const:.string:__ctypes_)
                  11815501    00000002                 : fputs.obj (.const:.string)
                  11815503    00000001     --HOLE-- [fill = 0]
                  11815504    00000040     evmomapl138_bsl.lib : evmomapl138.obj (.const:.string)
                  11815544    00000023     rts6740.lib : _printfi.obj (.const:.string)

.cio       0    11815568    00000120     UNINITIALIZED
                  11815568    00000120     rts6740.lib : trgmsg.obj (.cio)

.text      0    80000000    00009f20     
                  80000000    00001680     L138_aic3106_init.obj (.text)
                  80001680    00000c20     evmomapl138_bsl.lib : evmomapl138.obj (.text)
                  800022a0    000005a0     rts6740.lib : divd.obj (.text:__divd)
                  80002840    00000580                 : _printfi.obj (.text:__getarg_diouxp)
                  80002dc0    00000520                 : _printfi.obj (.text:__setfield)
                  800032e0    000004e0     evmomapl138_bsl.lib : evmomapl138_i2c_gpio.obj (.text)
                  800037c0    00000440     rts6740.lib : _printfi.obj (.text:__printfi)
                  80003c00    00000440     template2.obj (.text)
                  80004040    000003a0     rts6740.lib : fputs.obj (.text:_fputs)
                  800043e0    00000380     evmomapl138_bsl.lib : evmomapl138_i2c.obj (.text)
                  80004760    00000320     rts6740.lib : _printfi.obj (.text:__pproc_fge)
                  80004a80    000002e0                 : cos.obj (.text:_cos)
                  80004d60    000002e0                 : _printfi.obj (.text:_ecvt)
                  80005040    000002e0                 : _printfi.obj (.text:_fcvt)
                  80005320    000002c0                 : _printfi.obj (.text:__pproc_fwp)
                  800055e0    00000280                 : divf.obj (.text:__divf)
                  80005860    00000280                 : memory.obj (.text:_free)
                  80005ae0    00000280                 : sin.obj (.text:_sin)
                  80005d60    00000260     67-cfftr2.obj (.text)
                  80005fc0    00000260     rts6740.lib : imath64.obj (.text:__divull)
                  80006220    00000240                 : _printfi.obj (.text:__pconv_e)
                  80006460    00000240                 : _printfi.obj (.text:__pproc_diouxp)
                  800066a0    00000220                 : _printfi.obj (.text:__pproc_str)
                  800068c0    00000220                 : fputc.obj (.text:_fputc)
                  80006ae0    00000200                 : _printfi.obj (.text:__pconv_g)
                  80006ce0    00000200                 : setvbuf.obj (.text:_setvbuf)
                  80006ee0    000001e0     evmomapl138_bsl.lib : evmomapl138_timer.obj (.text)
                  800070c0    000001c0     rts6740.lib : _printfi.obj (.text:__mcpy)
                  80007280    000001a0                 : imath40.obj (.text:__divul)
                  80007420    000001a0     evmomapl138_bsl.lib : evmomapl138_aic3106.obj (.text)
                  800075c0    00000180     rts6740.lib : trgdrv.obj (.text:_HOSTrename)
                  80007740    00000180                 : memory.obj (.text:_malloc)
                  800078c0    00000160     bitrevf.obj (.text)
                  80007a20    00000140     rts6740.lib : _printfi.obj (.text:__pproc_fflags)
                  80007b60    00000140                 : lowlev.obj (.text:_getdevice)
                  80007ca0    00000120                 : fclose.obj (.text:__closefile)
                  80007dc0    00000120                 : _printfi.obj (.text:__ltostr)
                  80007ee0    00000120                 : fseek.obj (.text:_fseek)
                  80008000    00000100                 : trgdrv.obj (.text:_HOSTlseek)
                  80008100    00000100                 : _io_perm.obj (.text:__wrt_ok)
                  80008200    000000e0                 : trgdrv.obj (.text:_HOSTopen)
                  800082e0    000000e0                 : trgdrv.obj (.text:_HOSTread)
                  800083c0    000000e0                 : divi.obj (.text:__divi)
                  800084a0    000000e0                 : atoi.obj (.text:_atoi)
                  80008580    000000e0                 : lowlev.obj (.text:_close)
                  80008660    000000e0                 : memset.obj (.text:_memset)
                  80008740    000000e0                 : printf.obj (.text:_printf)
                  80008820    000000c0                 : trgdrv.obj (.text:_HOSTunlink)
                  800088e0    000000c0                 : trgdrv.obj (.text:_HOSTwrite)
                  800089a0    000000c0                 : autoinit.obj (.text:__auto_init)
                  80008a60    000000c0                 : _printfi.obj (.text:__div)
                  80008b20    000000c0                 : divu.obj (.text:__divu)
                  80008be0    000000c0                 : fflush.obj (.text:__doflush)
                  80008ca0    000000c0                 : exit.obj (.text:_exit)
                  80008d60    000000c0                 : ltoa.obj (.text:_ltoa)
                  80008e20    000000a0                 : trgdrv.obj (.text:_HOSTclose)
                  80008ec0    000000a0                 : fopen.obj (.text:__cleanup)
                  80008f60    000000a0                 : imath40.obj (.text:__divli)
                  80009000    000000a0                 : _printfi.obj (.text:__ecpy)
                  800090a0    000000a0                 : _printfi.obj (.text:__fcpy)
                  80009140    000000a0                 : fixdli.obj (.text:__fixdli)
                  800091e0    000000a0                 : round.obj (.text:__nround)
                  80009280    000000a0                 : _printfi.obj (.text:__pconv_f)
                  80009320    000000a0                 : cpy_tbl.obj (.text:_copy_in)
                  800093c0    000000a0                 : lowlev.obj (.text:_finddevice)
                  80009460    000000a0                 : lowlev.obj (.text:_lseek)
                  80009500    000000a0                 : memcpy64.obj (.text:_memcpy)
                  800095a0    000000a0                 : memory.obj (.text:_minsert)
                  80009640    000000a0                 : modf.obj (.text:_modf)
                  800096e0    000000a0                 : memory.obj (.text:_mremove)
                  80009780    000000a0                 : lowlev.obj (.text:_write)
                  80009820    00000080                 : fixfu.obj (.text:__fixfu)
                  800098a0    00000080                 : fltlid.obj (.text:__fltlid)
                  80009920    00000080                 : llshift.obj (.text:__llshl)
                  800099a0    00000080                 : boot.obj (.text:_c_int00)
                  80009a20    00000080                 : trgmsg.obj (.text:_readmsg)
                  80009aa0    00000080                 : lowlev.obj (.text:_unlink)
                  80009b20    00000060                 : cpp_init.obj (.text:___TI_cpp_init)
                  80009b80    00000060                 : imath64.obj (.text:__subcull)
                  80009be0    00000060                 : memccpy.obj (.text:_memccpy)
                  80009c40    00000060                 : trgmsg.obj (.text:_writemsg)
                  80009ca0    00000040                 : isinf.obj (.text:___isinf)
                  80009ce0    00000040                 : _printfi.obj (.text:___isnan)
                  80009d20    00000040                 : args_main.obj (.text:__args_main)
                  80009d60    00000040                 : frcmpyd_div.obj (.text:__frcmpyd_div)
                  80009da0    00000040                 : llshift.obj (.text:__llshru)
                  80009de0    00000040                 : imath40.obj (.text:__remli)
                  80009e20    00000020                 : negll.obj (.text:__negll)
                  80009e40    00000020                 : _lock.obj (.text:__nop)
                  80009e60    00000020                 : printf.obj (.text:__outc)
                  80009e80    00000020                 : printf.obj (.text:__outs)
                  80009ea0    00000020                 : trunc.obj (.text:__trunc)
                  80009ec0    00000020                 : exit.obj (.text:_abort)
                  80009ee0    00000020                 : remove.obj (.text:_remove)
                  80009f00    00000020     vectors_intr.obj (.text)


FAR CALL TRAMPOLINES

callee name               trampoline name
   callee addr  tramp addr   call addr  call info
--------------  -----------  ---------  ----------------
$.text:L138_aic3106_init.obj$0xa4  $Tramp$S$$_output_sample
   800000a4     118153c0     11815388   interruptFFT.obj (.interrupts)
$.text:bitrevf.obj$0x0    $Tramp$S$$_bitrev
   800078c0     118153d0     118152b4   interruptFFT.obj (.interrupts)
$.text:67-cfftr2.obj$0x0  $Tramp$S$$_cfftr2_dit
   80005d60     118153e0     11815284   interruptFFT.obj (.interrupts)
                             118152b0   interruptFFT.obj (.interrupts)
$.text:L138_aic3106_init.obj$0x1e0  $Tramp$S$$_input_sample
   800001e0     118153f0     1181520c   interruptFFT.obj (.interrupts)

[4 trampolines]
[5 trampoline calls]


GLOBAL SYMBOLS: SORTED ALPHABETICALLY BY Name 

address    name
--------   ----
11814f1c   $bss
11814f1c   .bss
11804000   .data
80000000   .text
80009ec0   C$$EXIT
80009c98   C$$IO$$
80007420   _AIC3106_init
80007518   _AIC3106_readRegister
80007570   _AIC3106_writeRegister
11814cd4   _AIC31_data
80000f34   _EDMA3_PaRAM_setup
80001868   _EVMOMAPL138_enableDsp
80001680   _EVMOMAPL138_init
800016ac   _EVMOMAPL138_initRAM
80001930   _EVMOMAPL138_lpscTransition
80001894   _EVMOMAPL138_pinmuxConfig
80008e20   _HOSTclose
80008000   _HOSTlseek
80008200   _HOSTopen
800082e0   _HOSTread
800075c0   _HOSTrename
80008820   _HOSTunlink
800088e0   _HOSTwrite
800033b4   _I2CGPIO_getInput
800034d0   _I2CGPIO_getInputAll
800032e0   _I2CGPIO_init
800035e0   _I2CGPIO_setOutput
80003728   _I2CGPIO_setOutputAll
800043e0   _I2C_init
800044cc   _I2C_read
80004628   _I2C_write
80000304   _L138_init_aic3106_registers
80001140   _L138_init_mcasp_edma
80000ad0   _L138_init_mcasp_intr
8000066c   _L138_init_mcasp_poll
80001504   _L138_initialise_edma
80000e28   _L138_initialise_intr
80000a08   _L138_initialise_poll
80006fc4   _USTIMER_delay
80007084   _USTIMER_get
80006ee0   _USTIMER_init
80007054   _USTIMER_reset
80007098   _USTIMER_set
80002280   _UTIL_isUIBoardAttached
80002128   _UTIL_printMem
11815568   __CIOBUF_
11814800   __STACK_END
00000800   __STACK_SIZE
00010000   __SYSMEM_SIZE
00000001   __TI_args_main
80009b20   ___TI_cpp_init
11814cd0   ___TI_enable_exit_profile_output
ffffffff   ___TI_pprof_out_hndl
ffffffff   ___TI_prof_data_size
ffffffff   ___TI_prof_data_start
ffffffff   ___binit__
11814f1c   ___bss__
ffffffff   ___c_args__
11814cf8   ___cinit__
11804000   ___data__
11804000   ___edata__
11814f44   ___end__
80009f20   ___etext__
80009ca0   ___isinf
ffffffff   ___pinit__
80000000   ___text__
80009d20   __args_main
800089a0   __auto_init
800083c0   __c6xabi_divi
80008b20   __c6xabi_divu
80008ec0   __cleanup
11814cc8   __cleanup_ptr
80007ca0   __closefile
11815400   __ctypes_
800022a0   __divd
800055e0   __divf
800083c0   __divi
80008f60   __divli
80008b20   __divu
80007280   __divul
80005fc0   __divull
80008be0   __doflush
11814ccc   __dtors_ptr
80009140   __fixdli
80009820   __fixfu
800098a0   __fltlid
80009d60   __frcmpyd_div
11814b20   __ft_end
11814800   __ftable
80009920   __llshl
80009da0   __llshru
11814cdc   __lock
80009e20   __negll
80009e40   __nop
800091e0   __nround
800037c0   __printfi
80009de0   __remli
11814000   __stack
80009b80   __subcull
11804000   __sys_memory
118149e0   __tmpnams
80009ea0   __trunc
11814ce0   __unlock
80008100   __wrt_ok
80009ec0   _abort
800084a0   _atoi
800078c0   _bitrev
80003e44   _cFFT
800099a0   _c_int00
80005d60   _cfftr2_dit
80008580   _close
11814c44   _codec_data
80001d08   _config_pll0
80001f44   _config_pll1
80009320   _copy_in
80004a80   _cos
80003c00   _digitrev_index
80008ca0   _exit
11814f30   _fb
800068c0   _fputc
80004040   _fputs
80005860   _free
80007ee0   _fseek
11814f40   _i
11803000   _index
800002a0   _input_left_sample
8000023c   _input_right_sample
800001e0   _input_sample
11815200   _interruptFFT
80009460   _lseek
80008d60   _ltoa
80003d08   _main
80007740   _malloc
80009be0   _memccpy
80009500   _memcpy
80008660   _memset
80009640   _modf
80000170   _output_left_sample
80000108   _output_right_sample
800000a4   _output_sample
11814f20   _pingIN
11814f24   _pingOUT
11814f28   _pongIN
11814f2c   _pongOUT
8000008c   _prand
11814f34   _prand_seed
80000038   _prbs
80008740   _printf
800068c0   _putc
80000000   _rand31_next
80009a20   _readmsg
80009ee0   _remove
80006ce0   _setvbuf
80005ae0   _sin
11814cd8   _sreg
80009aa0   _unlink
11815020   _vector1
11815140   _vector10
11815160   _vector11
11815180   _vector12
118151a0   _vector13
118151c0   _vector14
118151e0   _vector15
11815040   _vector2
11815060   _vector3
118150a0   _vector5
118150c0   _vector6
118150e0   _vector7
11815100   _vector8
11815120   _vector9
11815000   _vectors
11802000   _w
80009780   _write
80009c40   _writemsg
11800000   _xBuff
ffffffff   binit
11814cf8   cinit
11804000   edata
11814f44   end
80009f20   etext
ffffffff   pinit


GLOBAL SYMBOLS: SORTED BY Symbol Address 

address    name
--------   ----
00000001   __TI_args_main
00000800   __STACK_SIZE
00010000   __SYSMEM_SIZE
11800000   _xBuff
11802000   _w
11803000   _index
11804000   .data
11804000   ___data__
11804000   ___edata__
11804000   __sys_memory
11804000   edata
11814000   __stack
11814800   __STACK_END
11814800   __ftable
118149e0   __tmpnams
11814b20   __ft_end
11814c44   _codec_data
11814cc8   __cleanup_ptr
11814ccc   __dtors_ptr
11814cd0   ___TI_enable_exit_profile_output
11814cd4   _AIC31_data
11814cd8   _sreg
11814cdc   __lock
11814ce0   __unlock
11814cf8   ___cinit__
11814cf8   cinit
11814f1c   $bss
11814f1c   .bss
11814f1c   ___bss__
11814f20   _pingIN
11814f24   _pingOUT
11814f28   _pongIN
11814f2c   _pongOUT
11814f30   _fb
11814f34   _prand_seed
11814f40   _i
11814f44   ___end__
11814f44   end
11815000   _vectors
11815020   _vector1
11815040   _vector2
11815060   _vector3
118150a0   _vector5
118150c0   _vector6
118150e0   _vector7
11815100   _vector8
11815120   _vector9
11815140   _vector10
11815160   _vector11
11815180   _vector12
118151a0   _vector13
118151c0   _vector14
118151e0   _vector15
11815200   _interruptFFT
11815400   __ctypes_
11815568   __CIOBUF_
80000000   .text
80000000   ___text__
80000000   _rand31_next
80000038   _prbs
8000008c   _prand
800000a4   _output_sample
80000108   _output_right_sample
80000170   _output_left_sample
800001e0   _input_sample
8000023c   _input_right_sample
800002a0   _input_left_sample
80000304   _L138_init_aic3106_registers
8000066c   _L138_init_mcasp_poll
80000a08   _L138_initialise_poll
80000ad0   _L138_init_mcasp_intr
80000e28   _L138_initialise_intr
80000f34   _EDMA3_PaRAM_setup
80001140   _L138_init_mcasp_edma
80001504   _L138_initialise_edma
80001680   _EVMOMAPL138_init
800016ac   _EVMOMAPL138_initRAM
80001868   _EVMOMAPL138_enableDsp
80001894   _EVMOMAPL138_pinmuxConfig
80001930   _EVMOMAPL138_lpscTransition
80001d08   _config_pll0
80001f44   _config_pll1
80002128   _UTIL_printMem
80002280   _UTIL_isUIBoardAttached
800022a0   __divd
800032e0   _I2CGPIO_init
800033b4   _I2CGPIO_getInput
800034d0   _I2CGPIO_getInputAll
800035e0   _I2CGPIO_setOutput
80003728   _I2CGPIO_setOutputAll
800037c0   __printfi
80003c00   _digitrev_index
80003d08   _main
80003e44   _cFFT
80004040   _fputs
800043e0   _I2C_init
800044cc   _I2C_read
80004628   _I2C_write
80004a80   _cos
800055e0   __divf
80005860   _free
80005ae0   _sin
80005d60   _cfftr2_dit
80005fc0   __divull
800068c0   _fputc
800068c0   _putc
80006ce0   _setvbuf
80006ee0   _USTIMER_init
80006fc4   _USTIMER_delay
80007054   _USTIMER_reset
80007084   _USTIMER_get
80007098   _USTIMER_set
80007280   __divul
80007420   _AIC3106_init
80007518   _AIC3106_readRegister
80007570   _AIC3106_writeRegister
800075c0   _HOSTrename
80007740   _malloc
800078c0   _bitrev
80007ca0   __closefile
80007ee0   _fseek
80008000   _HOSTlseek
80008100   __wrt_ok
80008200   _HOSTopen
800082e0   _HOSTread
800083c0   __c6xabi_divi
800083c0   __divi
800084a0   _atoi
80008580   _close
80008660   _memset
80008740   _printf
80008820   _HOSTunlink
800088e0   _HOSTwrite
800089a0   __auto_init
80008b20   __c6xabi_divu
80008b20   __divu
80008be0   __doflush
80008ca0   _exit
80008d60   _ltoa
80008e20   _HOSTclose
80008ec0   __cleanup
80008f60   __divli
80009140   __fixdli
800091e0   __nround
80009320   _copy_in
80009460   _lseek
80009500   _memcpy
80009640   _modf
80009780   _write
80009820   __fixfu
800098a0   __fltlid
80009920   __llshl
800099a0   _c_int00
80009a20   _readmsg
80009aa0   _unlink
80009b20   ___TI_cpp_init
80009b80   __subcull
80009be0   _memccpy
80009c40   _writemsg
80009c98   C$$IO$$
80009ca0   ___isinf
80009d20   __args_main
80009d60   __frcmpyd_div
80009da0   __llshru
80009de0   __remli
80009e20   __negll
80009e40   __nop
80009ea0   __trunc
80009ec0   C$$EXIT
80009ec0   _abort
80009ee0   _remove
80009f20   ___etext__
80009f20   etext
ffffffff   ___TI_pprof_out_hndl
ffffffff   ___TI_prof_data_size
ffffffff   ___TI_prof_data_start
ffffffff   ___binit__
ffffffff   ___c_args__
ffffffff   ___pinit__
ffffffff   binit
ffffffff   pinit

[181 symbols]
