<?xml version="1.0"?>
<link_info>
   <banner>TMS320C6x Linker PC v7.4.24</banner>
   <copyright>Copyright (c) 1996-2017 Texas Instruments Incorporated</copyright>
   <link_time>0x5cae725a</link_time>
   <output_file>Lab5.out</output_file>
   <entry_point>
      <name>_c_int00</name>
      <address>0x800099a0</address>
   </entry_point>
   <input_file_list>
      <input_file id="fl-2">
         <path>.\</path>
         <kind>object</kind>
         <file>67-cfftr2.obj</file>
         <name>67-cfftr2.obj</name>
      </input_file>
      <input_file id="fl-3">
         <path>.\</path>
         <kind>object</kind>
         <file>bitrevf.obj</file>
         <name>bitrevf.obj</name>
      </input_file>
      <input_file id="fl-4">
         <path>.\Lab Files\</path>
         <kind>object</kind>
         <file>L138_aic3106_init.obj</file>
         <name>L138_aic3106_init.obj</name>
      </input_file>
      <input_file id="fl-5">
         <path>.\Lab Files\</path>
         <kind>object</kind>
         <file>interruptFFT.obj</file>
         <name>interruptFFT.obj</name>
      </input_file>
      <input_file id="fl-6">
         <path>.\Lab Files\</path>
         <kind>object</kind>
         <file>template2.obj</file>
         <name>template2.obj</name>
      </input_file>
      <input_file id="fl-7">
         <path>.\Lab Files\</path>
         <kind>object</kind>
         <file>vectors_intr.obj</file>
         <name>vectors_intr.obj</name>
      </input_file>
      <input_file id="fl-83">
         <path>C:\ti\ccsv8\tools\compiler\c6000_7.4.24\lib\</path>
         <kind>archive</kind>
         <file>rts6740.lib</file>
         <name>boot.obj</name>
      </input_file>
      <input_file id="fl-84">
         <path>C:\ti\ccsv8\tools\compiler\c6000_7.4.24\lib\</path>
         <kind>archive</kind>
         <file>rts6740.lib</file>
         <name>cos.obj</name>
      </input_file>
      <input_file id="fl-85">
         <path>C:\ti\ccsv8\tools\compiler\c6000_7.4.24\lib\</path>
         <kind>archive</kind>
         <file>rts6740.lib</file>
         <name>divf.obj</name>
      </input_file>
      <input_file id="fl-86">
         <path>C:\ti\ccsv8\tools\compiler\c6000_7.4.24\lib\</path>
         <kind>archive</kind>
         <file>rts6740.lib</file>
         <name>divi.obj</name>
      </input_file>
      <input_file id="fl-87">
         <path>C:\ti\ccsv8\tools\compiler\c6000_7.4.24\lib\</path>
         <kind>archive</kind>
         <file>rts6740.lib</file>
         <name>exit.obj</name>
      </input_file>
      <input_file id="fl-88">
         <path>C:\ti\ccsv8\tools\compiler\c6000_7.4.24\lib\</path>
         <kind>archive</kind>
         <file>rts6740.lib</file>
         <name>fixfu.obj</name>
      </input_file>
      <input_file id="fl-89">
         <path>C:\ti\ccsv8\tools\compiler\c6000_7.4.24\lib\</path>
         <kind>archive</kind>
         <file>rts6740.lib</file>
         <name>memory.obj</name>
      </input_file>
      <input_file id="fl-8a">
         <path>C:\ti\ccsv8\tools\compiler\c6000_7.4.24\lib\</path>
         <kind>archive</kind>
         <file>rts6740.lib</file>
         <name>memset.obj</name>
      </input_file>
      <input_file id="fl-8b">
         <path>C:\ti\ccsv8\tools\compiler\c6000_7.4.24\lib\</path>
         <kind>archive</kind>
         <file>rts6740.lib</file>
         <name>modf.obj</name>
      </input_file>
      <input_file id="fl-8c">
         <path>C:\ti\ccsv8\tools\compiler\c6000_7.4.24\lib\</path>
         <kind>archive</kind>
         <file>rts6740.lib</file>
         <name>round.obj</name>
      </input_file>
      <input_file id="fl-8d">
         <path>C:\ti\ccsv8\tools\compiler\c6000_7.4.24\lib\</path>
         <kind>archive</kind>
         <file>rts6740.lib</file>
         <name>sin.obj</name>
      </input_file>
      <input_file id="fl-8e">
         <path>C:\ti\ccsv8\tools\compiler\c6000_7.4.24\lib\</path>
         <kind>archive</kind>
         <file>rts6740.lib</file>
         <name>trunc.obj</name>
      </input_file>
      <input_file id="fl-8f">
         <path>C:\ti\ccsv8\tools\compiler\c6000_7.4.24\lib\</path>
         <kind>archive</kind>
         <file>rts6740.lib</file>
         <name>_lock.obj</name>
      </input_file>
      <input_file id="fl-90">
         <path>C:\ti\ccsv8\tools\compiler\c6000_7.4.24\lib\</path>
         <kind>archive</kind>
         <file>rts6740.lib</file>
         <name>args_main.obj</name>
      </input_file>
      <input_file id="fl-91">
         <path>C:\ti\ccsv8\tools\compiler\c6000_7.4.24\lib\</path>
         <kind>archive</kind>
         <file>rts6740.lib</file>
         <name>autoinit.obj</name>
      </input_file>
      <input_file id="fl-92">
         <path>C:\ti\ccsv8\tools\compiler\c6000_7.4.24\lib\</path>
         <kind>archive</kind>
         <file>rts6740.lib</file>
         <name>cpp_init.obj</name>
      </input_file>
      <input_file id="fl-93">
         <path>C:\ti\ccsv8\tools\compiler\c6000_7.4.24\lib\</path>
         <kind>archive</kind>
         <file>rts6740.lib</file>
         <name>cpy_tbl.obj</name>
      </input_file>
      <input_file id="fl-94">
         <path>C:\ti\ccsv8\tools\compiler\c6000_7.4.24\lib\</path>
         <kind>archive</kind>
         <file>rts6740.lib</file>
         <name>memcpy64.obj</name>
      </input_file>
      <input_file id="fl-95">
         <path>C:\Users\Public\Documents\dsp_bsl\lib\</path>
         <kind>archive</kind>
         <file>evmomapl138_bsl.lib</file>
         <name>evmomapl138_timer.obj</name>
      </input_file>
      <input_file id="fl-96">
         <path>C:\Users\Public\Documents\dsp_bsl\lib\</path>
         <kind>archive</kind>
         <file>evmomapl138_bsl.lib</file>
         <name>evmomapl138_aic3106.obj</name>
      </input_file>
      <input_file id="fl-97">
         <path>C:\Users\Public\Documents\dsp_bsl\lib\</path>
         <kind>archive</kind>
         <file>evmomapl138_bsl.lib</file>
         <name>evmomapl138.obj</name>
      </input_file>
      <input_file id="fl-98">
         <path>C:\Users\Public\Documents\dsp_bsl\lib\</path>
         <kind>archive</kind>
         <file>evmomapl138_bsl.lib</file>
         <name>evmomapl138_i2c_gpio.obj</name>
      </input_file>
      <input_file id="fl-99">
         <path>C:\Users\Public\Documents\dsp_bsl\lib\</path>
         <kind>archive</kind>
         <file>evmomapl138_bsl.lib</file>
         <name>evmomapl138_i2c.obj</name>
      </input_file>
      <input_file id="fl-9a">
         <path>C:\ti\ccsv8\tools\compiler\c6000_7.4.24\lib\</path>
         <kind>archive</kind>
         <file>rts6740.lib</file>
         <name>printf.obj</name>
      </input_file>
      <input_file id="fl-9b">
         <path>C:\ti\ccsv8\tools\compiler\c6000_7.4.24\lib\</path>
         <kind>archive</kind>
         <file>rts6740.lib</file>
         <name>_printfi.obj</name>
      </input_file>
      <input_file id="fl-9c">
         <path>C:\ti\ccsv8\tools\compiler\c6000_7.4.24\lib\</path>
         <kind>archive</kind>
         <file>rts6740.lib</file>
         <name>atoi.obj</name>
      </input_file>
      <input_file id="fl-9d">
         <path>C:\ti\ccsv8\tools\compiler\c6000_7.4.24\lib\</path>
         <kind>archive</kind>
         <file>rts6740.lib</file>
         <name>ctype.obj</name>
      </input_file>
      <input_file id="fl-9e">
         <path>C:\ti\ccsv8\tools\compiler\c6000_7.4.24\lib\</path>
         <kind>archive</kind>
         <file>rts6740.lib</file>
         <name>defs.obj</name>
      </input_file>
      <input_file id="fl-9f">
         <path>C:\ti\ccsv8\tools\compiler\c6000_7.4.24\lib\</path>
         <kind>archive</kind>
         <file>rts6740.lib</file>
         <name>divd.obj</name>
      </input_file>
      <input_file id="fl-a0">
         <path>C:\ti\ccsv8\tools\compiler\c6000_7.4.24\lib\</path>
         <kind>archive</kind>
         <file>rts6740.lib</file>
         <name>divu.obj</name>
      </input_file>
      <input_file id="fl-a1">
         <path>C:\ti\ccsv8\tools\compiler\c6000_7.4.24\lib\</path>
         <kind>archive</kind>
         <file>rts6740.lib</file>
         <name>fixdli.obj</name>
      </input_file>
      <input_file id="fl-a2">
         <path>C:\ti\ccsv8\tools\compiler\c6000_7.4.24\lib\</path>
         <kind>archive</kind>
         <file>rts6740.lib</file>
         <name>fltlid.obj</name>
      </input_file>
      <input_file id="fl-a3">
         <path>C:\ti\ccsv8\tools\compiler\c6000_7.4.24\lib\</path>
         <kind>archive</kind>
         <file>rts6740.lib</file>
         <name>fputc.obj</name>
      </input_file>
      <input_file id="fl-a4">
         <path>C:\ti\ccsv8\tools\compiler\c6000_7.4.24\lib\</path>
         <kind>archive</kind>
         <file>rts6740.lib</file>
         <name>fputs.obj</name>
      </input_file>
      <input_file id="fl-a5">
         <path>C:\ti\ccsv8\tools\compiler\c6000_7.4.24\lib\</path>
         <kind>archive</kind>
         <file>rts6740.lib</file>
         <name>frcmpyd_div.obj</name>
      </input_file>
      <input_file id="fl-a6">
         <path>C:\ti\ccsv8\tools\compiler\c6000_7.4.24\lib\</path>
         <kind>archive</kind>
         <file>rts6740.lib</file>
         <name>imath40.obj</name>
      </input_file>
      <input_file id="fl-a7">
         <path>C:\ti\ccsv8\tools\compiler\c6000_7.4.24\lib\</path>
         <kind>archive</kind>
         <file>rts6740.lib</file>
         <name>imath64.obj</name>
      </input_file>
      <input_file id="fl-a8">
         <path>C:\ti\ccsv8\tools\compiler\c6000_7.4.24\lib\</path>
         <kind>archive</kind>
         <file>rts6740.lib</file>
         <name>isinf.obj</name>
      </input_file>
      <input_file id="fl-a9">
         <path>C:\ti\ccsv8\tools\compiler\c6000_7.4.24\lib\</path>
         <kind>archive</kind>
         <file>rts6740.lib</file>
         <name>llshift.obj</name>
      </input_file>
      <input_file id="fl-aa">
         <path>C:\ti\ccsv8\tools\compiler\c6000_7.4.24\lib\</path>
         <kind>archive</kind>
         <file>rts6740.lib</file>
         <name>lowlev.obj</name>
      </input_file>
      <input_file id="fl-ab">
         <path>C:\ti\ccsv8\tools\compiler\c6000_7.4.24\lib\</path>
         <kind>archive</kind>
         <file>rts6740.lib</file>
         <name>ltoa.obj</name>
      </input_file>
      <input_file id="fl-ac">
         <path>C:\ti\ccsv8\tools\compiler\c6000_7.4.24\lib\</path>
         <kind>archive</kind>
         <file>rts6740.lib</file>
         <name>memccpy.obj</name>
      </input_file>
      <input_file id="fl-ad">
         <path>C:\ti\ccsv8\tools\compiler\c6000_7.4.24\lib\</path>
         <kind>archive</kind>
         <file>rts6740.lib</file>
         <name>negll.obj</name>
      </input_file>
      <input_file id="fl-ae">
         <path>C:\ti\ccsv8\tools\compiler\c6000_7.4.24\lib\</path>
         <kind>archive</kind>
         <file>rts6740.lib</file>
         <name>trgdrv.obj</name>
      </input_file>
      <input_file id="fl-af">
         <path>C:\ti\ccsv8\tools\compiler\c6000_7.4.24\lib\</path>
         <kind>archive</kind>
         <file>rts6740.lib</file>
         <name>trgmsg.obj</name>
      </input_file>
      <input_file id="fl-b0">
         <path>C:\ti\ccsv8\tools\compiler\c6000_7.4.24\lib\</path>
         <kind>archive</kind>
         <file>rts6740.lib</file>
         <name>_io_perm.obj</name>
      </input_file>
      <input_file id="fl-b1">
         <path>C:\ti\ccsv8\tools\compiler\c6000_7.4.24\lib\</path>
         <kind>archive</kind>
         <file>rts6740.lib</file>
         <name>abs.obj</name>
      </input_file>
      <input_file id="fl-b2">
         <path>C:\ti\ccsv8\tools\compiler\c6000_7.4.24\lib\</path>
         <kind>archive</kind>
         <file>rts6740.lib</file>
         <name>fflush.obj</name>
      </input_file>
      <input_file id="fl-b3">
         <path>C:\ti\ccsv8\tools\compiler\c6000_7.4.24\lib\</path>
         <kind>archive</kind>
         <file>rts6740.lib</file>
         <name>fseek.obj</name>
      </input_file>
      <input_file id="fl-b4">
         <path>C:\ti\ccsv8\tools\compiler\c6000_7.4.24\lib\</path>
         <kind>archive</kind>
         <file>rts6740.lib</file>
         <name>setvbuf.obj</name>
      </input_file>
      <input_file id="fl-b5">
         <path>C:\ti\ccsv8\tools\compiler\c6000_7.4.24\lib\</path>
         <kind>archive</kind>
         <file>rts6740.lib</file>
         <name>fopen.obj</name>
      </input_file>
      <input_file id="fl-b6">
         <path>C:\ti\ccsv8\tools\compiler\c6000_7.4.24\lib\</path>
         <kind>archive</kind>
         <file>rts6740.lib</file>
         <name>fclose.obj</name>
      </input_file>
      <input_file id="fl-b7">
         <path>C:\ti\ccsv8\tools\compiler\c6000_7.4.24\lib\</path>
         <kind>archive</kind>
         <file>rts6740.lib</file>
         <name>remove.obj</name>
      </input_file>
   </input_file_list>
   <object_component_list>
      <object_component id="oc-fa">
         <name>.text</name>
         <load_address>0x80000000</load_address>
         <run_address>0x80000000</run_address>
         <size>0x1680</size>
         <input_file_ref idref="fl-4"/>
      </object_component>
      <object_component id="oc-104">
         <name>.text</name>
         <load_address>0x80001680</load_address>
         <run_address>0x80001680</run_address>
         <size>0xc20</size>
         <input_file_ref idref="fl-97"/>
      </object_component>
      <object_component id="oc-132">
         <name>.text:__divd</name>
         <load_address>0x800022a0</load_address>
         <run_address>0x800022a0</run_address>
         <size>0x5a0</size>
         <input_file_ref idref="fl-9f"/>
      </object_component>
      <object_component id="oc-127">
         <name>.text:__getarg_diouxp</name>
         <load_address>0x80002840</load_address>
         <run_address>0x80002840</run_address>
         <size>0x580</size>
         <input_file_ref idref="fl-9b"/>
      </object_component>
      <object_component id="oc-115">
         <name>.text:__setfield</name>
         <load_address>0x80002dc0</load_address>
         <run_address>0x80002dc0</run_address>
         <size>0x520</size>
         <input_file_ref idref="fl-9b"/>
      </object_component>
      <object_component id="oc-10c">
         <name>.text</name>
         <load_address>0x800032e0</load_address>
         <run_address>0x800032e0</run_address>
         <size>0x4e0</size>
         <input_file_ref idref="fl-98"/>
      </object_component>
      <object_component id="oc-110">
         <name>.text:__printfi</name>
         <load_address>0x800037c0</load_address>
         <run_address>0x800037c0</run_address>
         <size>0x440</size>
         <input_file_ref idref="fl-9b"/>
      </object_component>
      <object_component id="oc-f8">
         <name>.text</name>
         <load_address>0x80003c00</load_address>
         <run_address>0x80003c00</run_address>
         <size>0x440</size>
         <input_file_ref idref="fl-6"/>
      </object_component>
      <object_component id="oc-112">
         <name>.text:_fputs</name>
         <load_address>0x80004040</load_address>
         <run_address>0x80004040</run_address>
         <size>0x3a0</size>
         <input_file_ref idref="fl-a4"/>
      </object_component>
      <object_component id="oc-10a">
         <name>.text</name>
         <load_address>0x800043e0</load_address>
         <run_address>0x800043e0</run_address>
         <size>0x380</size>
         <input_file_ref idref="fl-99"/>
      </object_component>
      <object_component id="oc-11c">
         <name>.text:__pproc_fge</name>
         <load_address>0x80004760</load_address>
         <run_address>0x80004760</run_address>
         <size>0x320</size>
         <input_file_ref idref="fl-9b"/>
      </object_component>
      <object_component id="oc-ff">
         <name>.text:_cos</name>
         <load_address>0x80004a80</load_address>
         <run_address>0x80004a80</run_address>
         <size>0x2e0</size>
         <input_file_ref idref="fl-84"/>
      </object_component>
      <object_component id="oc-12d">
         <name>.text:_ecvt</name>
         <load_address>0x80004d60</load_address>
         <run_address>0x80004d60</run_address>
         <size>0x2e0</size>
         <input_file_ref idref="fl-9b"/>
      </object_component>
      <object_component id="oc-130">
         <name>.text:_fcvt</name>
         <load_address>0x80005040</load_address>
         <run_address>0x80005040</run_address>
         <size>0x2e0</size>
         <input_file_ref idref="fl-9b"/>
      </object_component>
      <object_component id="oc-114">
         <name>.text:__pproc_fwp</name>
         <load_address>0x80005320</load_address>
         <run_address>0x80005320</run_address>
         <size>0x2c0</size>
         <input_file_ref idref="fl-9b"/>
      </object_component>
      <object_component id="oc-101">
         <name>.text:__divf</name>
         <load_address>0x800055e0</load_address>
         <run_address>0x800055e0</run_address>
         <size>0x280</size>
         <input_file_ref idref="fl-85"/>
      </object_component>
      <object_component id="oc-12b">
         <name>.text:_free</name>
         <load_address>0x80005860</load_address>
         <run_address>0x80005860</run_address>
         <size>0x280</size>
         <input_file_ref idref="fl-89"/>
      </object_component>
      <object_component id="oc-100">
         <name>.text:_sin</name>
         <load_address>0x80005ae0</load_address>
         <run_address>0x80005ae0</run_address>
         <size>0x280</size>
         <input_file_ref idref="fl-8d"/>
      </object_component>
      <object_component id="oc-11">
         <name>.text</name>
         <load_address>0x80005d60</load_address>
         <run_address>0x80005d60</run_address>
         <size>0x260</size>
         <input_file_ref idref="fl-2"/>
      </object_component>
      <object_component id="oc-13c">
         <name>.text:__divull</name>
         <load_address>0x80005fc0</load_address>
         <run_address>0x80005fc0</run_address>
         <size>0x260</size>
         <input_file_ref idref="fl-a7"/>
      </object_component>
      <object_component id="oc-126">
         <name>.text:__pconv_e</name>
         <load_address>0x80006220</load_address>
         <run_address>0x80006220</run_address>
         <size>0x240</size>
         <input_file_ref idref="fl-9b"/>
      </object_component>
      <object_component id="oc-11d">
         <name>.text:__pproc_diouxp</name>
         <load_address>0x80006460</load_address>
         <run_address>0x80006460</run_address>
         <size>0x240</size>
         <input_file_ref idref="fl-9b"/>
      </object_component>
      <object_component id="oc-116">
         <name>.text:__pproc_str</name>
         <load_address>0x800066a0</load_address>
         <run_address>0x800066a0</run_address>
         <size>0x220</size>
         <input_file_ref idref="fl-9b"/>
      </object_component>
      <object_component id="oc-117">
         <name>.text:_fputc</name>
         <load_address>0x800068c0</load_address>
         <run_address>0x800068c0</run_address>
         <size>0x220</size>
         <input_file_ref idref="fl-a3"/>
      </object_component>
      <object_component id="oc-124">
         <name>.text:__pconv_g</name>
         <load_address>0x80006ae0</load_address>
         <run_address>0x80006ae0</run_address>
         <size>0x200</size>
         <input_file_ref idref="fl-9b"/>
      </object_component>
      <object_component id="oc-120">
         <name>.text:_setvbuf</name>
         <load_address>0x80006ce0</load_address>
         <run_address>0x80006ce0</run_address>
         <size>0x200</size>
         <input_file_ref idref="fl-b4"/>
      </object_component>
      <object_component id="oc-105">
         <name>.text</name>
         <load_address>0x80006ee0</load_address>
         <run_address>0x80006ee0</run_address>
         <size>0x1e0</size>
         <input_file_ref idref="fl-95"/>
      </object_component>
      <object_component id="oc-12f">
         <name>.text:__mcpy</name>
         <load_address>0x800070c0</load_address>
         <run_address>0x800070c0</run_address>
         <size>0x1c0</size>
         <input_file_ref idref="fl-9b"/>
      </object_component>
      <object_component id="oc-13b">
         <name>.text:__divul</name>
         <load_address>0x80007280</load_address>
         <run_address>0x80007280</run_address>
         <size>0x1a0</size>
         <input_file_ref idref="fl-a6"/>
      </object_component>
      <object_component id="oc-103">
         <name>.text</name>
         <load_address>0x80007420</load_address>
         <run_address>0x80007420</run_address>
         <size>0x1a0</size>
         <input_file_ref idref="fl-96"/>
      </object_component>
      <object_component id="oc-f4">
         <name>.text:_HOSTrename</name>
         <load_address>0x800075c0</load_address>
         <run_address>0x800075c0</run_address>
         <size>0x180</size>
         <input_file_ref idref="fl-ae"/>
      </object_component>
      <object_component id="oc-106">
         <name>.text:_malloc</name>
         <load_address>0x80007740</load_address>
         <run_address>0x80007740</run_address>
         <size>0x180</size>
         <input_file_ref idref="fl-89"/>
      </object_component>
      <object_component id="oc-15">
         <name>.text</name>
         <load_address>0x800078c0</load_address>
         <run_address>0x800078c0</run_address>
         <size>0x160</size>
         <input_file_ref idref="fl-3"/>
      </object_component>
      <object_component id="oc-113">
         <name>.text:__pproc_fflags</name>
         <load_address>0x80007a20</load_address>
         <run_address>0x80007a20</run_address>
         <size>0x140</size>
         <input_file_ref idref="fl-9b"/>
      </object_component>
      <object_component id="oc-144">
         <name>.text:_getdevice</name>
         <load_address>0x80007b60</load_address>
         <run_address>0x80007b60</run_address>
         <size>0x140</size>
         <input_file_ref idref="fl-aa"/>
      </object_component>
      <object_component id="oc-134">
         <name>.text:__closefile</name>
         <load_address>0x80007ca0</load_address>
         <run_address>0x80007ca0</run_address>
         <size>0x120</size>
         <input_file_ref idref="fl-b6"/>
      </object_component>
      <object_component id="oc-129">
         <name>.text:__ltostr</name>
         <load_address>0x80007dc0</load_address>
         <run_address>0x80007dc0</run_address>
         <size>0x120</size>
         <input_file_ref idref="fl-9b"/>
      </object_component>
      <object_component id="oc-11f">
         <name>.text:_fseek</name>
         <load_address>0x80007ee0</load_address>
         <run_address>0x80007ee0</run_address>
         <size>0x120</size>
         <input_file_ref idref="fl-b3"/>
      </object_component>
      <object_component id="oc-f2">
         <name>.text:_HOSTlseek</name>
         <load_address>0x80008000</load_address>
         <run_address>0x80008000</run_address>
         <size>0x100</size>
         <input_file_ref idref="fl-ae"/>
      </object_component>
      <object_component id="oc-118">
         <name>.text:__wrt_ok</name>
         <load_address>0x80008100</load_address>
         <run_address>0x80008100</run_address>
         <size>0x100</size>
         <input_file_ref idref="fl-b0"/>
      </object_component>
      <object_component id="oc-ee">
         <name>.text:_HOSTopen</name>
         <load_address>0x80008200</load_address>
         <run_address>0x80008200</run_address>
         <size>0xe0</size>
         <input_file_ref idref="fl-ae"/>
      </object_component>
      <object_component id="oc-f0">
         <name>.text:_HOSTread</name>
         <load_address>0x800082e0</load_address>
         <run_address>0x800082e0</run_address>
         <size>0xe0</size>
         <input_file_ref idref="fl-ae"/>
      </object_component>
      <object_component id="oc-fd">
         <name>.text:__divi</name>
         <load_address>0x800083c0</load_address>
         <run_address>0x800083c0</run_address>
         <size>0xe0</size>
         <input_file_ref idref="fl-86"/>
      </object_component>
      <object_component id="oc-11b">
         <name>.text:_atoi</name>
         <load_address>0x800084a0</load_address>
         <run_address>0x800084a0</run_address>
         <size>0xe0</size>
         <input_file_ref idref="fl-9c"/>
      </object_component>
      <object_component id="oc-13d">
         <name>.text:_close</name>
         <load_address>0x80008580</load_address>
         <run_address>0x80008580</run_address>
         <size>0xe0</size>
         <input_file_ref idref="fl-aa"/>
      </object_component>
      <object_component id="oc-fe">
         <name>.text:_memset</name>
         <load_address>0x80008660</load_address>
         <run_address>0x80008660</run_address>
         <size>0xe0</size>
         <input_file_ref idref="fl-8a"/>
      </object_component>
      <object_component id="oc-10b">
         <name>.text:_printf</name>
         <load_address>0x80008740</load_address>
         <run_address>0x80008740</run_address>
         <size>0xe0</size>
         <input_file_ref idref="fl-9a"/>
      </object_component>
      <object_component id="oc-f3">
         <name>.text:_HOSTunlink</name>
         <load_address>0x80008820</load_address>
         <run_address>0x80008820</run_address>
         <size>0xc0</size>
         <input_file_ref idref="fl-ae"/>
      </object_component>
      <object_component id="oc-f1">
         <name>.text:_HOSTwrite</name>
         <load_address>0x800088e0</load_address>
         <run_address>0x800088e0</run_address>
         <size>0xc0</size>
         <input_file_ref idref="fl-ae"/>
      </object_component>
      <object_component id="oc-e9">
         <name>.text:__auto_init</name>
         <load_address>0x800089a0</load_address>
         <run_address>0x800089a0</run_address>
         <size>0xc0</size>
         <input_file_ref idref="fl-91"/>
      </object_component>
      <object_component id="oc-133">
         <name>.text:__div</name>
         <load_address>0x80008a60</load_address>
         <run_address>0x80008a60</run_address>
         <size>0xc0</size>
         <input_file_ref idref="fl-9b"/>
      </object_component>
      <object_component id="oc-13a">
         <name>.text:__divu</name>
         <load_address>0x80008b20</load_address>
         <run_address>0x80008b20</run_address>
         <size>0xc0</size>
         <input_file_ref idref="fl-a0"/>
      </object_component>
      <object_component id="oc-119">
         <name>.text:__doflush</name>
         <load_address>0x80008be0</load_address>
         <run_address>0x80008be0</run_address>
         <size>0xc0</size>
         <input_file_ref idref="fl-b2"/>
      </object_component>
      <object_component id="oc-eb">
         <name>.text:_exit</name>
         <load_address>0x80008ca0</load_address>
         <run_address>0x80008ca0</run_address>
         <size>0xc0</size>
         <input_file_ref idref="fl-87"/>
      </object_component>
      <object_component id="oc-136">
         <name>.text:_ltoa</name>
         <load_address>0x80008d60</load_address>
         <run_address>0x80008d60</run_address>
         <size>0xc0</size>
         <input_file_ref idref="fl-ab"/>
      </object_component>
      <object_component id="oc-ef">
         <name>.text:_HOSTclose</name>
         <load_address>0x80008e20</load_address>
         <run_address>0x80008e20</run_address>
         <size>0xa0</size>
         <input_file_ref idref="fl-ae"/>
      </object_component>
      <object_component id="oc-12c">
         <name>.text:__cleanup</name>
         <load_address>0x80008ec0</load_address>
         <run_address>0x80008ec0</run_address>
         <size>0xa0</size>
         <input_file_ref idref="fl-b5"/>
      </object_component>
      <object_component id="oc-140">
         <name>.text:__divli</name>
         <load_address>0x80008f60</load_address>
         <run_address>0x80008f60</run_address>
         <size>0xa0</size>
         <input_file_ref idref="fl-a6"/>
      </object_component>
      <object_component id="oc-12e">
         <name>.text:__ecpy</name>
         <load_address>0x80009000</load_address>
         <run_address>0x80009000</run_address>
         <size>0xa0</size>
         <input_file_ref idref="fl-9b"/>
      </object_component>
      <object_component id="oc-131">
         <name>.text:__fcpy</name>
         <load_address>0x800090a0</load_address>
         <run_address>0x800090a0</run_address>
         <size>0xa0</size>
         <input_file_ref idref="fl-9b"/>
      </object_component>
      <object_component id="oc-135">
         <name>.text:__fixdli</name>
         <load_address>0x80009140</load_address>
         <run_address>0x80009140</run_address>
         <size>0xa0</size>
         <input_file_ref idref="fl-a1"/>
      </object_component>
      <object_component id="oc-108">
         <name>.text:__nround</name>
         <load_address>0x800091e0</load_address>
         <run_address>0x800091e0</run_address>
         <size>0xa0</size>
         <input_file_ref idref="fl-8c"/>
      </object_component>
      <object_component id="oc-125">
         <name>.text:__pconv_f</name>
         <load_address>0x80009280</load_address>
         <run_address>0x80009280</run_address>
         <size>0xa0</size>
         <input_file_ref idref="fl-9b"/>
      </object_component>
      <object_component id="oc-f5">
         <name>.text:_copy_in</name>
         <load_address>0x80009320</load_address>
         <run_address>0x80009320</run_address>
         <size>0xa0</size>
         <input_file_ref idref="fl-93"/>
      </object_component>
      <object_component id="oc-145">
         <name>.text:_finddevice</name>
         <load_address>0x800093c0</load_address>
         <run_address>0x800093c0</run_address>
         <size>0xa0</size>
         <input_file_ref idref="fl-aa"/>
      </object_component>
      <object_component id="oc-12a">
         <name>.text:_lseek</name>
         <load_address>0x80009460</load_address>
         <run_address>0x80009460</run_address>
         <size>0xa0</size>
         <input_file_ref idref="fl-aa"/>
      </object_component>
      <object_component id="oc-f6">
         <name>.text:_memcpy</name>
         <load_address>0x80009500</load_address>
         <run_address>0x80009500</run_address>
         <size>0xa0</size>
         <input_file_ref idref="fl-94"/>
      </object_component>
      <object_component id="oc-10e">
         <name>.text:_minsert</name>
         <load_address>0x800095a0</load_address>
         <run_address>0x800095a0</run_address>
         <size>0xa0</size>
         <input_file_ref idref="fl-89"/>
      </object_component>
      <object_component id="oc-109">
         <name>.text:_modf</name>
         <load_address>0x80009640</load_address>
         <run_address>0x80009640</run_address>
         <size>0xa0</size>
         <input_file_ref idref="fl-8b"/>
      </object_component>
      <object_component id="oc-10d">
         <name>.text:_mremove</name>
         <load_address>0x800096e0</load_address>
         <run_address>0x800096e0</run_address>
         <size>0xa0</size>
         <input_file_ref idref="fl-89"/>
      </object_component>
      <object_component id="oc-11a">
         <name>.text:_write</name>
         <load_address>0x80009780</load_address>
         <run_address>0x80009780</run_address>
         <size>0xa0</size>
         <input_file_ref idref="fl-aa"/>
      </object_component>
      <object_component id="oc-102">
         <name>.text:__fixfu</name>
         <load_address>0x80009820</load_address>
         <run_address>0x80009820</run_address>
         <size>0x80</size>
         <input_file_ref idref="fl-88"/>
      </object_component>
      <object_component id="oc-137">
         <name>.text:__fltlid</name>
         <load_address>0x800098a0</load_address>
         <run_address>0x800098a0</run_address>
         <size>0x80</size>
         <input_file_ref idref="fl-a2"/>
      </object_component>
      <object_component id="oc-141">
         <name>.text:__llshl</name>
         <load_address>0x80009920</load_address>
         <run_address>0x80009920</run_address>
         <size>0x80</size>
         <input_file_ref idref="fl-a9"/>
      </object_component>
      <object_component id="oc-10">
         <name>.text:_c_int00</name>
         <load_address>0x800099a0</load_address>
         <run_address>0x800099a0</run_address>
         <size>0x80</size>
         <input_file_ref idref="fl-83"/>
      </object_component>
      <object_component id="oc-fc">
         <name>.text:_readmsg</name>
         <load_address>0x80009a20</load_address>
         <run_address>0x80009a20</run_address>
         <size>0x80</size>
         <input_file_ref idref="fl-af"/>
      </object_component>
      <object_component id="oc-143">
         <name>.text:_unlink</name>
         <load_address>0x80009aa0</load_address>
         <run_address>0x80009aa0</run_address>
         <size>0x80</size>
         <input_file_ref idref="fl-aa"/>
      </object_component>
      <object_component id="oc-f7">
         <name>.text:___TI_cpp_init</name>
         <load_address>0x80009b20</load_address>
         <run_address>0x80009b20</run_address>
         <size>0x60</size>
         <input_file_ref idref="fl-92"/>
      </object_component>
      <object_component id="oc-142">
         <name>.text:__subcull</name>
         <load_address>0x80009b80</load_address>
         <run_address>0x80009b80</run_address>
         <size>0x60</size>
         <input_file_ref idref="fl-a7"/>
      </object_component>
      <object_component id="oc-11e">
         <name>.text:_memccpy</name>
         <load_address>0x80009be0</load_address>
         <run_address>0x80009be0</run_address>
         <size>0x60</size>
         <input_file_ref idref="fl-ac"/>
      </object_component>
      <object_component id="oc-fb">
         <name>.text:_writemsg</name>
         <load_address>0x80009c40</load_address>
         <run_address>0x80009c40</run_address>
         <size>0x60</size>
         <input_file_ref idref="fl-af"/>
      </object_component>
      <object_component id="oc-123">
         <name>.text:___isinf</name>
         <load_address>0x80009ca0</load_address>
         <run_address>0x80009ca0</run_address>
         <size>0x40</size>
         <input_file_ref idref="fl-a8"/>
      </object_component>
      <object_component id="oc-122">
         <name>.text:___isnan</name>
         <load_address>0x80009ce0</load_address>
         <run_address>0x80009ce0</run_address>
         <size>0x40</size>
         <input_file_ref idref="fl-9b"/>
      </object_component>
      <object_component id="oc-ea">
         <name>.text:__args_main</name>
         <load_address>0x80009d20</load_address>
         <run_address>0x80009d20</run_address>
         <size>0x40</size>
         <input_file_ref idref="fl-90"/>
      </object_component>
      <object_component id="oc-139">
         <name>.text:__frcmpyd_div</name>
         <load_address>0x80009d60</load_address>
         <run_address>0x80009d60</run_address>
         <size>0x40</size>
         <input_file_ref idref="fl-a5"/>
      </object_component>
      <object_component id="oc-138">
         <name>.text:__llshru</name>
         <load_address>0x80009da0</load_address>
         <run_address>0x80009da0</run_address>
         <size>0x40</size>
         <input_file_ref idref="fl-a9"/>
      </object_component>
      <object_component id="oc-13f">
         <name>.text:__remli</name>
         <load_address>0x80009de0</load_address>
         <run_address>0x80009de0</run_address>
         <size>0x40</size>
         <input_file_ref idref="fl-a6"/>
      </object_component>
      <object_component id="oc-128">
         <name>.text:__negll</name>
         <load_address>0x80009e20</load_address>
         <run_address>0x80009e20</run_address>
         <size>0x20</size>
         <input_file_ref idref="fl-ad"/>
      </object_component>
      <object_component id="oc-ed">
         <name>.text:__nop</name>
         <load_address>0x80009e40</load_address>
         <run_address>0x80009e40</run_address>
         <size>0x20</size>
         <input_file_ref idref="fl-8f"/>
      </object_component>
      <object_component id="oc-111">
         <name>.text:__outc</name>
         <load_address>0x80009e60</load_address>
         <run_address>0x80009e60</run_address>
         <size>0x20</size>
         <input_file_ref idref="fl-9a"/>
      </object_component>
      <object_component id="oc-10f">
         <name>.text:__outs</name>
         <load_address>0x80009e80</load_address>
         <run_address>0x80009e80</run_address>
         <size>0x20</size>
         <input_file_ref idref="fl-9a"/>
      </object_component>
      <object_component id="oc-107">
         <name>.text:__trunc</name>
         <load_address>0x80009ea0</load_address>
         <run_address>0x80009ea0</run_address>
         <size>0x20</size>
         <input_file_ref idref="fl-8e"/>
      </object_component>
      <object_component id="oc-f9">
         <name>.text:_abort</name>
         <load_address>0x80009ec0</load_address>
         <run_address>0x80009ec0</run_address>
         <size>0x20</size>
         <input_file_ref idref="fl-87"/>
      </object_component>
      <object_component id="oc-13e">
         <name>.text:_remove</name>
         <load_address>0x80009ee0</load_address>
         <run_address>0x80009ee0</run_address>
         <size>0x20</size>
         <input_file_ref idref="fl-b7"/>
      </object_component>
      <object_component id="oc-2a">
         <name>.text</name>
         <load_address>0x80009f00</load_address>
         <run_address>0x80009f00</run_address>
         <size>0x20</size>
         <input_file_ref idref="fl-7"/>
      </object_component>
      <object_component id="oc-121">
         <name>.const:.string:__ctypes_</name>
         <load_address>0x11815400</load_address>
         <run_address>0x11815400</run_address>
         <size>0x101</size>
         <input_file_ref idref="fl-9d"/>
      </object_component>
      <object_component id="oc-a7">
         <name>.const:.string</name>
         <load_address>0x11815501</load_address>
         <run_address>0x11815501</run_address>
         <size>0x2</size>
         <input_file_ref idref="fl-a4"/>
      </object_component>
      <object_component id="oc-7a">
         <name>.const:.string</name>
         <load_address>0x11815504</load_address>
         <run_address>0x11815504</run_address>
         <size>0x40</size>
         <input_file_ref idref="fl-97"/>
      </object_component>
      <object_component id="oc-8b">
         <name>.const:.string</name>
         <load_address>0x11815544</load_address>
         <run_address>0x11815544</run_address>
         <size>0x23</size>
         <input_file_ref idref="fl-9b"/>
      </object_component>
      <object_component id="oc-19">
         <name>.bss</name>
         <uninitialized>true</uninitialized>
         <run_address>0x11814f1c</run_address>
         <size>0x1c</size>
         <input_file_ref idref="fl-4"/>
      </object_component>
      <object_component id="oc-1f">
         <name>.bss</name>
         <uninitialized>true</uninitialized>
         <run_address>0x11814f3c</run_address>
         <size>0x4</size>
         <input_file_ref idref="fl-5"/>
      </object_component>
      <object_component id="oc-24">
         <name>.bss</name>
         <uninitialized>true</uninitialized>
         <run_address>0x11814f40</run_address>
         <size>0x4</size>
         <input_file_ref idref="fl-6"/>
      </object_component>
      <object_component id="oc-82">
         <name>.bss</name>
         <uninitialized>true</uninitialized>
         <run_address>0x11814f38</run_address>
         <size>0x4</size>
         <input_file_ref idref="fl-99"/>
      </object_component>
      <object_component id="oc-1c">
         <name>.far</name>
         <uninitialized>true</uninitialized>
         <run_address>0x11814cd4</run_address>
         <size>0x8</size>
         <input_file_ref idref="fl-4"/>
      </object_component>
      <object_component id="oc-27">
         <name>.far</name>
         <uninitialized>true</uninitialized>
         <run_address>0x11814c44</run_address>
         <size>0x4</size>
         <input_file_ref idref="fl-6"/>
      </object_component>
      <object_component id="oc-35">
         <name>.far</name>
         <uninitialized>true</uninitialized>
         <run_address>0x11814c48</run_address>
         <size>0x40</size>
         <input_file_ref idref="fl-84"/>
      </object_component>
      <object_component id="oc-40">
         <name>.far</name>
         <uninitialized>true</uninitialized>
         <run_address>0x11814cc8</run_address>
         <size>0xc</size>
         <input_file_ref idref="fl-87"/>
      </object_component>
      <object_component id="oc-48">
         <name>.far</name>
         <uninitialized>true</uninitialized>
         <run_address>0x11814ce4</run_address>
         <size>0x8</size>
         <input_file_ref idref="fl-89"/>
      </object_component>
      <object_component id="oc-57">
         <name>.far</name>
         <uninitialized>true</uninitialized>
         <run_address>0x11814c88</run_address>
         <size>0x40</size>
         <input_file_ref idref="fl-8d"/>
      </object_component>
      <object_component id="oc-5f">
         <name>.far</name>
         <uninitialized>true</uninitialized>
         <run_address>0x11814cdc</run_address>
         <size>0x8</size>
         <input_file_ref idref="fl-8f"/>
      </object_component>
      <object_component id="oc-95">
         <name>.far</name>
         <uninitialized>true</uninitialized>
         <run_address>0x11814800</run_address>
         <size>0x324</size>
         <input_file_ref idref="fl-9e"/>
      </object_component>
      <object_component id="oc-bb">
         <name>.far</name>
         <uninitialized>true</uninitialized>
         <run_address>0x11814b28</run_address>
         <size>0x11c</size>
         <input_file_ref idref="fl-aa"/>
      </object_component>
      <object_component id="oc-c8">
         <name>.far</name>
         <uninitialized>true</uninitialized>
         <run_address>0x11814cf0</run_address>
         <size>0x8</size>
         <input_file_ref idref="fl-ae"/>
      </object_component>
      <object_component id="oc-e0">
         <name>.far</name>
         <uninitialized>true</uninitialized>
         <run_address>0x11814b24</run_address>
         <size>0x4</size>
         <input_file_ref idref="fl-b5"/>
      </object_component>
      <object_component id="oc-30">
         <name>.stack</name>
         <uninitialized>true</uninitialized>
         <run_address>0x11814000</run_address>
         <size>0x8</size>
         <input_file_ref idref="fl-83"/>
      </object_component>
      <object_component id="oc-15d">
         <name>.stack</name>
         <uninitialized>true</uninitialized>
         <run_address>0x11814000</run_address>
         <size>0x0</size>
      </object_component>
      <object_component id="oc-94">
         <name>.cinit</name>
         <load_address>0x11814cf8</load_address>
         <run_address>0x11814cf8</run_address>
         <size>0x5c</size>
         <input_file_ref idref="fl-9e"/>
      </object_component>
      <object_component id="oc-ba">
         <name>.cinit</name>
         <load_address>0x11814d58</load_address>
         <run_address>0x11814d58</run_address>
         <size>0x5c</size>
         <input_file_ref idref="fl-aa"/>
      </object_component>
      <object_component id="oc-34">
         <name>.cinit</name>
         <load_address>0x11814db8</load_address>
         <run_address>0x11814db8</run_address>
         <size>0x48</size>
         <input_file_ref idref="fl-84"/>
      </object_component>
      <object_component id="oc-56">
         <name>.cinit</name>
         <load_address>0x11814e00</load_address>
         <run_address>0x11814e00</run_address>
         <size>0x48</size>
         <input_file_ref idref="fl-8d"/>
      </object_component>
      <object_component id="oc-1b">
         <name>.cinit</name>
         <load_address>0x11814e48</load_address>
         <run_address>0x11814e48</run_address>
         <size>0x2c</size>
         <input_file_ref idref="fl-4"/>
      </object_component>
      <object_component id="oc-3f">
         <name>.cinit</name>
         <load_address>0x11814e78</load_address>
         <run_address>0x11814e78</run_address>
         <size>0x2c</size>
         <input_file_ref idref="fl-87"/>
      </object_component>
      <object_component id="oc-47">
         <name>.cinit</name>
         <load_address>0x11814ea8</load_address>
         <run_address>0x11814ea8</run_address>
         <size>0x2c</size>
         <input_file_ref idref="fl-89"/>
      </object_component>
      <object_component id="oc-5e">
         <name>.cinit</name>
         <load_address>0x11814ed8</load_address>
         <run_address>0x11814ed8</run_address>
         <size>0x1c</size>
         <input_file_ref idref="fl-8f"/>
      </object_component>
      <object_component id="oc-df">
         <name>.cinit</name>
         <load_address>0x11814ef8</load_address>
         <run_address>0x11814ef8</run_address>
         <size>0xc</size>
         <input_file_ref idref="fl-b5"/>
      </object_component>
      <object_component id="oc-26">
         <name>.cinit</name>
         <load_address>0x11814f08</load_address>
         <run_address>0x11814f08</run_address>
         <size>0xc</size>
         <input_file_ref idref="fl-6"/>
      </object_component>
      <object_component id="oc-49">
         <name>.sysmem</name>
         <uninitialized>true</uninitialized>
         <run_address>0x11804000</run_address>
         <size>0x8</size>
         <input_file_ref idref="fl-89"/>
      </object_component>
      <object_component id="oc-15e">
         <name>.sysmem</name>
         <uninitialized>true</uninitialized>
         <run_address>0x11804000</run_address>
         <size>0x0</size>
      </object_component>
      <object_component id="oc-cc">
         <name>.cio</name>
         <uninitialized>true</uninitialized>
         <run_address>0x11815568</run_address>
         <size>0x120</size>
         <input_file_ref idref="fl-af"/>
      </object_component>
      <object_component id="oc-2b">
         <name>.vecs</name>
         <load_address>0x11815000</load_address>
         <run_address>0x11815000</run_address>
         <size>0x200</size>
         <input_file_ref idref="fl-7"/>
      </object_component>
      <object_component id="oc-ec">
         <name>.interrupts</name>
         <load_address>0x11815200</load_address>
         <run_address>0x11815200</run_address>
         <size>0x1c0</size>
         <input_file_ref idref="fl-5"/>
      </object_component>
      <object_component id="oc-162">
         <name>$Tramp$S$$_output_sample</name>
         <load_address>0x118153c0</load_address>
         <run_address>0x118153c0</run_address>
         <size>0x10</size>
         <input_file_ref idref="fl-4"/>
      </object_component>
      <object_component id="oc-161">
         <name>$Tramp$S$$_bitrev</name>
         <load_address>0x118153d0</load_address>
         <run_address>0x118153d0</run_address>
         <size>0x10</size>
         <input_file_ref idref="fl-3"/>
      </object_component>
      <object_component id="oc-160">
         <name>$Tramp$S$$_cfftr2_dit</name>
         <load_address>0x118153e0</load_address>
         <run_address>0x118153e0</run_address>
         <size>0x10</size>
         <input_file_ref idref="fl-2"/>
      </object_component>
      <object_component id="oc-15f">
         <name>$Tramp$S$$_input_sample</name>
         <load_address>0x118153f0</load_address>
         <run_address>0x118153f0</run_address>
         <size>0x10</size>
         <input_file_ref idref="fl-4"/>
      </object_component>
      <object_component id="oc-21">
         <name>arraySect</name>
         <uninitialized>true</uninitialized>
         <run_address>0x11800000</run_address>
         <size>0x4000</size>
         <input_file_ref idref="fl-5"/>
      </object_component>
      <object_component id="oc-12">
         <name>.debug_info</name>
         <load_address>0x0</load_address>
         <run_address>0x0</run_address>
         <size>0xcd</size>
         <input_file_ref idref="fl-2"/>
      </object_component>
      <object_component id="oc-16">
         <name>.debug_info</name>
         <load_address>0xcd</load_address>
         <run_address>0xcd</run_address>
         <size>0xc9</size>
         <input_file_ref idref="fl-3"/>
      </object_component>
      <object_component id="oc-1a">
         <name>.debug_info</name>
         <load_address>0x196</load_address>
         <run_address>0x196</run_address>
         <size>0x3ecc</size>
         <input_file_ref idref="fl-4"/>
      </object_component>
      <object_component id="oc-20">
         <name>.debug_info</name>
         <load_address>0x4062</load_address>
         <run_address>0x4062</run_address>
         <size>0x7c8</size>
         <input_file_ref idref="fl-5"/>
      </object_component>
      <object_component id="oc-25">
         <name>.debug_info</name>
         <load_address>0x482a</load_address>
         <run_address>0x482a</run_address>
         <size>0xd67</size>
         <input_file_ref idref="fl-6"/>
      </object_component>
      <object_component id="oc-2c">
         <name>.debug_info</name>
         <load_address>0x5591</load_address>
         <run_address>0x5591</run_address>
         <size>0x116</size>
         <input_file_ref idref="fl-7"/>
      </object_component>
      <object_component id="oc-2f">
         <name>.debug_info</name>
         <load_address>0x56a7</load_address>
         <run_address>0x56a7</run_address>
         <size>0x739</size>
         <input_file_ref idref="fl-83"/>
      </object_component>
      <object_component id="oc-33">
         <name>.debug_info</name>
         <load_address>0x5de0</load_address>
         <run_address>0x5de0</run_address>
         <size>0x78c</size>
         <input_file_ref idref="fl-84"/>
      </object_component>
      <object_component id="oc-38">
         <name>.debug_info</name>
         <load_address>0x656c</load_address>
         <run_address>0x656c</run_address>
         <size>0x8fc</size>
         <input_file_ref idref="fl-85"/>
      </object_component>
      <object_component id="oc-3b">
         <name>.debug_info</name>
         <load_address>0x6e68</load_address>
         <run_address>0x6e68</run_address>
         <size>0x102</size>
         <input_file_ref idref="fl-86"/>
      </object_component>
      <object_component id="oc-3e">
         <name>.debug_info</name>
         <load_address>0x6f6a</load_address>
         <run_address>0x6f6a</run_address>
         <size>0x867</size>
         <input_file_ref idref="fl-87"/>
      </object_component>
      <object_component id="oc-43">
         <name>.debug_info</name>
         <load_address>0x77d1</load_address>
         <run_address>0x77d1</run_address>
         <size>0x674</size>
         <input_file_ref idref="fl-88"/>
      </object_component>
      <object_component id="oc-46">
         <name>.debug_info</name>
         <load_address>0x7e45</load_address>
         <run_address>0x7e45</run_address>
         <size>0xc91</size>
         <input_file_ref idref="fl-89"/>
      </object_component>
      <object_component id="oc-4c">
         <name>.debug_info</name>
         <load_address>0x8ad6</load_address>
         <run_address>0x8ad6</run_address>
         <size>0x845</size>
         <input_file_ref idref="fl-8a"/>
      </object_component>
      <object_component id="oc-4f">
         <name>.debug_info</name>
         <load_address>0x931b</load_address>
         <run_address>0x931b</run_address>
         <size>0x6ae</size>
         <input_file_ref idref="fl-8b"/>
      </object_component>
      <object_component id="oc-52">
         <name>.debug_info</name>
         <load_address>0x99c9</load_address>
         <run_address>0x99c9</run_address>
         <size>0x681</size>
         <input_file_ref idref="fl-8c"/>
      </object_component>
      <object_component id="oc-55">
         <name>.debug_info</name>
         <load_address>0xa04a</load_address>
         <run_address>0xa04a</run_address>
         <size>0x78c</size>
         <input_file_ref idref="fl-8d"/>
      </object_component>
      <object_component id="oc-5a">
         <name>.debug_info</name>
         <load_address>0xa7d6</load_address>
         <run_address>0xa7d6</run_address>
         <size>0x67f</size>
         <input_file_ref idref="fl-8e"/>
      </object_component>
      <object_component id="oc-5d">
         <name>.debug_info</name>
         <load_address>0xae55</load_address>
         <run_address>0xae55</run_address>
         <size>0x67a</size>
         <input_file_ref idref="fl-8f"/>
      </object_component>
      <object_component id="oc-62">
         <name>.debug_info</name>
         <load_address>0xb4cf</load_address>
         <run_address>0xb4cf</run_address>
         <size>0x70f</size>
         <input_file_ref idref="fl-90"/>
      </object_component>
      <object_component id="oc-65">
         <name>.debug_info</name>
         <load_address>0xbbde</load_address>
         <run_address>0xbbde</run_address>
         <size>0x8e6</size>
         <input_file_ref idref="fl-91"/>
      </object_component>
      <object_component id="oc-68">
         <name>.debug_info</name>
         <load_address>0xc4c4</load_address>
         <run_address>0xc4c4</run_address>
         <size>0x75e</size>
         <input_file_ref idref="fl-92"/>
      </object_component>
      <object_component id="oc-6b">
         <name>.debug_info</name>
         <load_address>0xcc22</load_address>
         <run_address>0xcc22</run_address>
         <size>0x854</size>
         <input_file_ref idref="fl-93"/>
      </object_component>
      <object_component id="oc-6e">
         <name>.debug_info</name>
         <load_address>0xd476</load_address>
         <run_address>0xd476</run_address>
         <size>0x111</size>
         <input_file_ref idref="fl-94"/>
      </object_component>
      <object_component id="oc-71">
         <name>.debug_info</name>
         <load_address>0xd587</load_address>
         <run_address>0xd587</run_address>
         <size>0xb3f</size>
         <input_file_ref idref="fl-95"/>
      </object_component>
      <object_component id="oc-75">
         <name>.debug_info</name>
         <load_address>0xe0c6</load_address>
         <run_address>0xe0c6</run_address>
         <size>0xee6</size>
         <input_file_ref idref="fl-96"/>
      </object_component>
      <object_component id="oc-79">
         <name>.debug_info</name>
         <load_address>0xefac</load_address>
         <run_address>0xefac</run_address>
         <size>0x2761</size>
         <input_file_ref idref="fl-97"/>
      </object_component>
      <object_component id="oc-7e">
         <name>.debug_info</name>
         <load_address>0x1170d</load_address>
         <run_address>0x1170d</run_address>
         <size>0xf3c</size>
         <input_file_ref idref="fl-98"/>
      </object_component>
      <object_component id="oc-83">
         <name>.debug_info</name>
         <load_address>0x12649</load_address>
         <run_address>0x12649</run_address>
         <size>0x13d9</size>
         <input_file_ref idref="fl-99"/>
      </object_component>
      <object_component id="oc-87">
         <name>.debug_info</name>
         <load_address>0x13a22</load_address>
         <run_address>0x13a22</run_address>
         <size>0x930</size>
         <input_file_ref idref="fl-9a"/>
      </object_component>
      <object_component id="oc-8a">
         <name>.debug_info</name>
         <load_address>0x14352</load_address>
         <run_address>0x14352</run_address>
         <size>0x38a3</size>
         <input_file_ref idref="fl-9b"/>
      </object_component>
      <object_component id="oc-8e">
         <name>.debug_info</name>
         <load_address>0x17bf5</load_address>
         <run_address>0x17bf5</run_address>
         <size>0x7de</size>
         <input_file_ref idref="fl-9c"/>
      </object_component>
      <object_component id="oc-91">
         <name>.debug_info</name>
         <load_address>0x183d3</load_address>
         <run_address>0x183d3</run_address>
         <size>0x628</size>
         <input_file_ref idref="fl-9d"/>
      </object_component>
      <object_component id="oc-93">
         <name>.debug_info</name>
         <load_address>0x189fb</load_address>
         <run_address>0x189fb</run_address>
         <size>0x715</size>
         <input_file_ref idref="fl-9e"/>
      </object_component>
      <object_component id="oc-97">
         <name>.debug_info</name>
         <load_address>0x19110</load_address>
         <run_address>0x19110</run_address>
         <size>0x9b1</size>
         <input_file_ref idref="fl-9f"/>
      </object_component>
      <object_component id="oc-9a">
         <name>.debug_info</name>
         <load_address>0x19ac1</load_address>
         <run_address>0x19ac1</run_address>
         <size>0x102</size>
         <input_file_ref idref="fl-a0"/>
      </object_component>
      <object_component id="oc-9d">
         <name>.debug_info</name>
         <load_address>0x19bc3</load_address>
         <run_address>0x19bc3</run_address>
         <size>0x6bf</size>
         <input_file_ref idref="fl-a1"/>
      </object_component>
      <object_component id="oc-a0">
         <name>.debug_info</name>
         <load_address>0x1a282</load_address>
         <run_address>0x1a282</run_address>
         <size>0x6de</size>
         <input_file_ref idref="fl-a2"/>
      </object_component>
      <object_component id="oc-a3">
         <name>.debug_info</name>
         <load_address>0x1a960</load_address>
         <run_address>0x1a960</run_address>
         <size>0x858</size>
         <input_file_ref idref="fl-a3"/>
      </object_component>
      <object_component id="oc-a6">
         <name>.debug_info</name>
         <load_address>0x1b1b8</load_address>
         <run_address>0x1b1b8</run_address>
         <size>0xd9b</size>
         <input_file_ref idref="fl-a4"/>
      </object_component>
      <object_component id="oc-aa">
         <name>.debug_info</name>
         <load_address>0x1bf53</load_address>
         <run_address>0x1bf53</run_address>
         <size>0x69a</size>
         <input_file_ref idref="fl-a5"/>
      </object_component>
      <object_component id="oc-ad">
         <name>.debug_info</name>
         <load_address>0x1c5ed</load_address>
         <run_address>0x1c5ed</run_address>
         <size>0x832</size>
         <input_file_ref idref="fl-a6"/>
      </object_component>
      <object_component id="oc-b0">
         <name>.debug_info</name>
         <load_address>0x1ce1f</load_address>
         <run_address>0x1ce1f</run_address>
         <size>0x82d</size>
         <input_file_ref idref="fl-a7"/>
      </object_component>
      <object_component id="oc-b3">
         <name>.debug_info</name>
         <load_address>0x1d64c</load_address>
         <run_address>0x1d64c</run_address>
         <size>0x844</size>
         <input_file_ref idref="fl-a8"/>
      </object_component>
      <object_component id="oc-b6">
         <name>.debug_info</name>
         <load_address>0x1de90</load_address>
         <run_address>0x1de90</run_address>
         <size>0x72f</size>
         <input_file_ref idref="fl-a9"/>
      </object_component>
      <object_component id="oc-b9">
         <name>.debug_info</name>
         <load_address>0x1e5bf</load_address>
         <run_address>0x1e5bf</run_address>
         <size>0x11b4</size>
         <input_file_ref idref="fl-aa"/>
      </object_component>
      <object_component id="oc-be">
         <name>.debug_info</name>
         <load_address>0x1f773</load_address>
         <run_address>0x1f773</run_address>
         <size>0x7be</size>
         <input_file_ref idref="fl-ab"/>
      </object_component>
      <object_component id="oc-c1">
         <name>.debug_info</name>
         <load_address>0x1ff31</load_address>
         <run_address>0x1ff31</run_address>
         <size>0x761</size>
         <input_file_ref idref="fl-ac"/>
      </object_component>
      <object_component id="oc-c4">
         <name>.debug_info</name>
         <load_address>0x20692</load_address>
         <run_address>0x20692</run_address>
         <size>0x646</size>
         <input_file_ref idref="fl-ad"/>
      </object_component>
      <object_component id="oc-c7">
         <name>.debug_info</name>
         <load_address>0x20cd8</load_address>
         <run_address>0x20cd8</run_address>
         <size>0x11f4</size>
         <input_file_ref idref="fl-ae"/>
      </object_component>
      <object_component id="oc-cb">
         <name>.debug_info</name>
         <load_address>0x21ecc</load_address>
         <run_address>0x21ecc</run_address>
         <size>0xa1b</size>
         <input_file_ref idref="fl-af"/>
      </object_component>
      <object_component id="oc-cf">
         <name>.debug_info</name>
         <load_address>0x228e7</load_address>
         <run_address>0x228e7</run_address>
         <size>0x788</size>
         <input_file_ref idref="fl-b0"/>
      </object_component>
      <object_component id="oc-d2">
         <name>.debug_info</name>
         <load_address>0x2306f</load_address>
         <run_address>0x2306f</run_address>
         <size>0x5fa</size>
         <input_file_ref idref="fl-b1"/>
      </object_component>
      <object_component id="oc-d5">
         <name>.debug_info</name>
         <load_address>0x23669</load_address>
         <run_address>0x23669</run_address>
         <size>0x7af</size>
         <input_file_ref idref="fl-b2"/>
      </object_component>
      <object_component id="oc-d8">
         <name>.debug_info</name>
         <load_address>0x23e18</load_address>
         <run_address>0x23e18</run_address>
         <size>0x7e7</size>
         <input_file_ref idref="fl-b3"/>
      </object_component>
      <object_component id="oc-db">
         <name>.debug_info</name>
         <load_address>0x245ff</load_address>
         <run_address>0x245ff</run_address>
         <size>0x841</size>
         <input_file_ref idref="fl-b4"/>
      </object_component>
      <object_component id="oc-de">
         <name>.debug_info</name>
         <load_address>0x24e40</load_address>
         <run_address>0x24e40</run_address>
         <size>0x8fa</size>
         <input_file_ref idref="fl-b5"/>
      </object_component>
      <object_component id="oc-e3">
         <name>.debug_info</name>
         <load_address>0x2573a</load_address>
         <run_address>0x2573a</run_address>
         <size>0x834</size>
         <input_file_ref idref="fl-b6"/>
      </object_component>
      <object_component id="oc-e6">
         <name>.debug_info</name>
         <load_address>0x25f6e</load_address>
         <run_address>0x25f6e</run_address>
         <size>0x692</size>
         <input_file_ref idref="fl-b7"/>
      </object_component>
      <object_component id="oc-163">
         <name>.debug_info</name>
         <load_address>0x26600</load_address>
         <run_address>0x26600</run_address>
         <size>0x151</size>
      </object_component>
      <object_component id="oc-13">
         <name>.debug_line</name>
         <load_address>0x0</load_address>
         <run_address>0x0</run_address>
         <size>0x6e</size>
         <input_file_ref idref="fl-2"/>
      </object_component>
      <object_component id="oc-17">
         <name>.debug_line</name>
         <load_address>0x6e</load_address>
         <run_address>0x6e</run_address>
         <size>0x64</size>
         <input_file_ref idref="fl-3"/>
      </object_component>
      <object_component id="oc-1d">
         <name>.debug_line</name>
         <load_address>0xd2</load_address>
         <run_address>0xd2</run_address>
         <size>0x23d</size>
         <input_file_ref idref="fl-4"/>
      </object_component>
      <object_component id="oc-22">
         <name>.debug_line</name>
         <load_address>0x30f</load_address>
         <run_address>0x30f</run_address>
         <size>0x59</size>
         <input_file_ref idref="fl-5"/>
      </object_component>
      <object_component id="oc-28">
         <name>.debug_line</name>
         <load_address>0x368</load_address>
         <run_address>0x368</run_address>
         <size>0xa5</size>
         <input_file_ref idref="fl-6"/>
      </object_component>
      <object_component id="oc-2d">
         <name>.debug_line</name>
         <load_address>0x40d</load_address>
         <run_address>0x40d</run_address>
         <size>0xd9</size>
         <input_file_ref idref="fl-7"/>
      </object_component>
      <object_component id="oc-31">
         <name>.debug_line</name>
         <load_address>0x4e6</load_address>
         <run_address>0x4e6</run_address>
         <size>0x3d</size>
         <input_file_ref idref="fl-83"/>
      </object_component>
      <object_component id="oc-36">
         <name>.debug_line</name>
         <load_address>0x523</load_address>
         <run_address>0x523</run_address>
         <size>0x54</size>
         <input_file_ref idref="fl-84"/>
      </object_component>
      <object_component id="oc-39">
         <name>.debug_line</name>
         <load_address>0x577</load_address>
         <run_address>0x577</run_address>
         <size>0x3c</size>
         <input_file_ref idref="fl-85"/>
      </object_component>
      <object_component id="oc-3c">
         <name>.debug_line</name>
         <load_address>0x5b3</load_address>
         <run_address>0x5b3</run_address>
         <size>0x45</size>
         <input_file_ref idref="fl-86"/>
      </object_component>
      <object_component id="oc-41">
         <name>.debug_line</name>
         <load_address>0x5f8</load_address>
         <run_address>0x5f8</run_address>
         <size>0x4f</size>
         <input_file_ref idref="fl-87"/>
      </object_component>
      <object_component id="oc-44">
         <name>.debug_line</name>
         <load_address>0x647</load_address>
         <run_address>0x647</run_address>
         <size>0x3d</size>
         <input_file_ref idref="fl-88"/>
      </object_component>
      <object_component id="oc-4a">
         <name>.debug_line</name>
         <load_address>0x684</load_address>
         <run_address>0x684</run_address>
         <size>0xa7</size>
         <input_file_ref idref="fl-89"/>
      </object_component>
      <object_component id="oc-4d">
         <name>.debug_line</name>
         <load_address>0x72b</load_address>
         <run_address>0x72b</run_address>
         <size>0x46</size>
         <input_file_ref idref="fl-8a"/>
      </object_component>
      <object_component id="oc-50">
         <name>.debug_line</name>
         <load_address>0x771</load_address>
         <run_address>0x771</run_address>
         <size>0x37</size>
         <input_file_ref idref="fl-8b"/>
      </object_component>
      <object_component id="oc-53">
         <name>.debug_line</name>
         <load_address>0x7a8</load_address>
         <run_address>0x7a8</run_address>
         <size>0x38</size>
         <input_file_ref idref="fl-8c"/>
      </object_component>
      <object_component id="oc-58">
         <name>.debug_line</name>
         <load_address>0x7e0</load_address>
         <run_address>0x7e0</run_address>
         <size>0x50</size>
         <input_file_ref idref="fl-8d"/>
      </object_component>
      <object_component id="oc-5b">
         <name>.debug_line</name>
         <load_address>0x830</load_address>
         <run_address>0x830</run_address>
         <size>0x38</size>
         <input_file_ref idref="fl-8e"/>
      </object_component>
      <object_component id="oc-60">
         <name>.debug_line</name>
         <load_address>0x868</load_address>
         <run_address>0x868</run_address>
         <size>0x35</size>
         <input_file_ref idref="fl-8f"/>
      </object_component>
      <object_component id="oc-63">
         <name>.debug_line</name>
         <load_address>0x89d</load_address>
         <run_address>0x89d</run_address>
         <size>0x3f</size>
         <input_file_ref idref="fl-90"/>
      </object_component>
      <object_component id="oc-66">
         <name>.debug_line</name>
         <load_address>0x8dc</load_address>
         <run_address>0x8dc</run_address>
         <size>0x49</size>
         <input_file_ref idref="fl-91"/>
      </object_component>
      <object_component id="oc-69">
         <name>.debug_line</name>
         <load_address>0x925</load_address>
         <run_address>0x925</run_address>
         <size>0x45</size>
         <input_file_ref idref="fl-92"/>
      </object_component>
      <object_component id="oc-6c">
         <name>.debug_line</name>
         <load_address>0x96a</load_address>
         <run_address>0x96a</run_address>
         <size>0x44</size>
         <input_file_ref idref="fl-93"/>
      </object_component>
      <object_component id="oc-6f">
         <name>.debug_line</name>
         <load_address>0x9ae</load_address>
         <run_address>0x9ae</run_address>
         <size>0x4a</size>
         <input_file_ref idref="fl-94"/>
      </object_component>
      <object_component id="oc-73">
         <name>.debug_line</name>
         <load_address>0x9f8</load_address>
         <run_address>0x9f8</run_address>
         <size>0xd8</size>
         <input_file_ref idref="fl-95"/>
      </object_component>
      <object_component id="oc-77">
         <name>.debug_line</name>
         <load_address>0xad0</load_address>
         <run_address>0xad0</run_address>
         <size>0xad</size>
         <input_file_ref idref="fl-96"/>
      </object_component>
      <object_component id="oc-7c">
         <name>.debug_line</name>
         <load_address>0xb7d</load_address>
         <run_address>0xb7d</run_address>
         <size>0x2d8</size>
         <input_file_ref idref="fl-97"/>
      </object_component>
      <object_component id="oc-80">
         <name>.debug_line</name>
         <load_address>0xe55</load_address>
         <run_address>0xe55</run_address>
         <size>0x169</size>
         <input_file_ref idref="fl-98"/>
      </object_component>
      <object_component id="oc-85">
         <name>.debug_line</name>
         <load_address>0xfbe</load_address>
         <run_address>0xfbe</run_address>
         <size>0x143</size>
         <input_file_ref idref="fl-99"/>
      </object_component>
      <object_component id="oc-88">
         <name>.debug_line</name>
         <load_address>0x1101</load_address>
         <run_address>0x1101</run_address>
         <size>0x6a</size>
         <input_file_ref idref="fl-9a"/>
      </object_component>
      <object_component id="oc-8c">
         <name>.debug_line</name>
         <load_address>0x116b</load_address>
         <run_address>0x116b</run_address>
         <size>0x3a6</size>
         <input_file_ref idref="fl-9b"/>
      </object_component>
      <object_component id="oc-8f">
         <name>.debug_line</name>
         <load_address>0x1511</load_address>
         <run_address>0x1511</run_address>
         <size>0x45</size>
         <input_file_ref idref="fl-9c"/>
      </object_component>
      <object_component id="oc-98">
         <name>.debug_line</name>
         <load_address>0x1556</load_address>
         <run_address>0x1556</run_address>
         <size>0x3c</size>
         <input_file_ref idref="fl-9f"/>
      </object_component>
      <object_component id="oc-9b">
         <name>.debug_line</name>
         <load_address>0x1592</load_address>
         <run_address>0x1592</run_address>
         <size>0x44</size>
         <input_file_ref idref="fl-a0"/>
      </object_component>
      <object_component id="oc-9e">
         <name>.debug_line</name>
         <load_address>0x15d6</load_address>
         <run_address>0x15d6</run_address>
         <size>0x3d</size>
         <input_file_ref idref="fl-a1"/>
      </object_component>
      <object_component id="oc-a1">
         <name>.debug_line</name>
         <load_address>0x1613</load_address>
         <run_address>0x1613</run_address>
         <size>0x3d</size>
         <input_file_ref idref="fl-a2"/>
      </object_component>
      <object_component id="oc-a4">
         <name>.debug_line</name>
         <load_address>0x1650</load_address>
         <run_address>0x1650</run_address>
         <size>0x3f</size>
         <input_file_ref idref="fl-a3"/>
      </object_component>
      <object_component id="oc-a8">
         <name>.debug_line</name>
         <load_address>0x168f</load_address>
         <run_address>0x168f</run_address>
         <size>0xd9</size>
         <input_file_ref idref="fl-a4"/>
      </object_component>
      <object_component id="oc-ab">
         <name>.debug_line</name>
         <load_address>0x1768</load_address>
         <run_address>0x1768</run_address>
         <size>0x3e</size>
         <input_file_ref idref="fl-a5"/>
      </object_component>
      <object_component id="oc-ae">
         <name>.debug_line</name>
         <load_address>0x17a6</load_address>
         <run_address>0x17a6</run_address>
         <size>0x73</size>
         <input_file_ref idref="fl-a6"/>
      </object_component>
      <object_component id="oc-b1">
         <name>.debug_line</name>
         <load_address>0x1819</load_address>
         <run_address>0x1819</run_address>
         <size>0x61</size>
         <input_file_ref idref="fl-a7"/>
      </object_component>
      <object_component id="oc-b4">
         <name>.debug_line</name>
         <load_address>0x187a</load_address>
         <run_address>0x187a</run_address>
         <size>0x38</size>
         <input_file_ref idref="fl-a8"/>
      </object_component>
      <object_component id="oc-b7">
         <name>.debug_line</name>
         <load_address>0x18b2</load_address>
         <run_address>0x18b2</run_address>
         <size>0x56</size>
         <input_file_ref idref="fl-a9"/>
      </object_component>
      <object_component id="oc-bc">
         <name>.debug_line</name>
         <load_address>0x1908</load_address>
         <run_address>0x1908</run_address>
         <size>0x13b</size>
         <input_file_ref idref="fl-aa"/>
      </object_component>
      <object_component id="oc-bf">
         <name>.debug_line</name>
         <load_address>0x1a43</load_address>
         <run_address>0x1a43</run_address>
         <size>0x40</size>
         <input_file_ref idref="fl-ab"/>
      </object_component>
      <object_component id="oc-c2">
         <name>.debug_line</name>
         <load_address>0x1a83</load_address>
         <run_address>0x1a83</run_address>
         <size>0x3f</size>
         <input_file_ref idref="fl-ac"/>
      </object_component>
      <object_component id="oc-c5">
         <name>.debug_line</name>
         <load_address>0x1ac2</load_address>
         <run_address>0x1ac2</run_address>
         <size>0x39</size>
         <input_file_ref idref="fl-ad"/>
      </object_component>
      <object_component id="oc-c9">
         <name>.debug_line</name>
         <load_address>0x1afb</load_address>
         <run_address>0x1afb</run_address>
         <size>0x16c</size>
         <input_file_ref idref="fl-ae"/>
      </object_component>
      <object_component id="oc-cd">
         <name>.debug_line</name>
         <load_address>0x1c67</load_address>
         <run_address>0x1c67</run_address>
         <size>0x66</size>
         <input_file_ref idref="fl-af"/>
      </object_component>
      <object_component id="oc-d0">
         <name>.debug_line</name>
         <load_address>0x1ccd</load_address>
         <run_address>0x1ccd</run_address>
         <size>0x40</size>
         <input_file_ref idref="fl-b0"/>
      </object_component>
      <object_component id="oc-d3">
         <name>.debug_line</name>
         <load_address>0x1d0d</load_address>
         <run_address>0x1d0d</run_address>
         <size>0x23</size>
         <input_file_ref idref="fl-b1"/>
      </object_component>
      <object_component id="oc-d6">
         <name>.debug_line</name>
         <load_address>0x1d30</load_address>
         <run_address>0x1d30</run_address>
         <size>0x3e</size>
         <input_file_ref idref="fl-b2"/>
      </object_component>
      <object_component id="oc-d9">
         <name>.debug_line</name>
         <load_address>0x1d6e</load_address>
         <run_address>0x1d6e</run_address>
         <size>0x3c</size>
         <input_file_ref idref="fl-b3"/>
      </object_component>
      <object_component id="oc-dc">
         <name>.debug_line</name>
         <load_address>0x1daa</load_address>
         <run_address>0x1daa</run_address>
         <size>0x40</size>
         <input_file_ref idref="fl-b4"/>
      </object_component>
      <object_component id="oc-e1">
         <name>.debug_line</name>
         <load_address>0x1dea</load_address>
         <run_address>0x1dea</run_address>
         <size>0x42</size>
         <input_file_ref idref="fl-b5"/>
      </object_component>
      <object_component id="oc-e4">
         <name>.debug_line</name>
         <load_address>0x1e2c</load_address>
         <run_address>0x1e2c</run_address>
         <size>0x3e</size>
         <input_file_ref idref="fl-b6"/>
      </object_component>
      <object_component id="oc-e7">
         <name>.debug_line</name>
         <load_address>0x1e6a</load_address>
         <run_address>0x1e6a</run_address>
         <size>0x39</size>
         <input_file_ref idref="fl-b7"/>
      </object_component>
      <object_component id="oc-14">
         <name>.debug_abbrev</name>
         <load_address>0x0</load_address>
         <run_address>0x0</run_address>
         <size>0x24</size>
         <input_file_ref idref="fl-2"/>
      </object_component>
      <object_component id="oc-18">
         <name>.debug_abbrev</name>
         <load_address>0x24</load_address>
         <run_address>0x24</run_address>
         <size>0x24</size>
         <input_file_ref idref="fl-3"/>
      </object_component>
      <object_component id="oc-1e">
         <name>.debug_abbrev</name>
         <load_address>0x48</load_address>
         <run_address>0x48</run_address>
         <size>0x249</size>
         <input_file_ref idref="fl-4"/>
      </object_component>
      <object_component id="oc-23">
         <name>.debug_abbrev</name>
         <load_address>0x291</load_address>
         <run_address>0x291</run_address>
         <size>0x8b</size>
         <input_file_ref idref="fl-5"/>
      </object_component>
      <object_component id="oc-29">
         <name>.debug_abbrev</name>
         <load_address>0x31c</load_address>
         <run_address>0x31c</run_address>
         <size>0x177</size>
         <input_file_ref idref="fl-6"/>
      </object_component>
      <object_component id="oc-2e">
         <name>.debug_abbrev</name>
         <load_address>0x493</load_address>
         <run_address>0x493</run_address>
         <size>0x24</size>
         <input_file_ref idref="fl-7"/>
      </object_component>
      <object_component id="oc-32">
         <name>.debug_abbrev</name>
         <load_address>0x4b7</load_address>
         <run_address>0x4b7</run_address>
         <size>0xfe</size>
         <input_file_ref idref="fl-83"/>
      </object_component>
      <object_component id="oc-37">
         <name>.debug_abbrev</name>
         <load_address>0x5b5</load_address>
         <run_address>0x5b5</run_address>
         <size>0xcc</size>
         <input_file_ref idref="fl-84"/>
      </object_component>
      <object_component id="oc-3a">
         <name>.debug_abbrev</name>
         <load_address>0x681</load_address>
         <run_address>0x681</run_address>
         <size>0xe7</size>
         <input_file_ref idref="fl-85"/>
[...]
         <object_component_ref idref="oc-21"/>
      </symbol>
      <symbol id="sm-cb">
         <name>_xBuff</name>
         <value>0x11800000</value>
         <object_component_ref idref="oc-21"/>
      </symbol>
      <symbol id="sm-cc">
         <name>_w</name>
         <value>0x11802000</value>
         <object_component_ref idref="oc-21"/>
      </symbol>
      <symbol id="sm-e9">
         <name>_main</name>
         <value>0x80003d08</value>
         <object_component_ref idref="oc-f8"/>
      </symbol>
      <symbol id="sm-ea">
         <name>_cFFT</name>
         <value>0x80003e44</value>
         <object_component_ref idref="oc-f8"/>
      </symbol>
      <symbol id="sm-eb">
         <name>_codec_data</name>
         <value>0x11814c44</value>
         <object_component_ref idref="oc-27"/>
      </symbol>
      <symbol id="sm-ec">
         <name>_digitrev_index</name>
         <value>0x80003c00</value>
         <object_component_ref idref="oc-f8"/>
      </symbol>
      <symbol id="sm-ed">
         <name>_i</name>
         <value>0x11814f40</value>
         <object_component_ref idref="oc-24"/>
      </symbol>
      <symbol id="sm-f8">
         <name>_vector10</name>
         <value>0x11815140</value>
         <object_component_ref idref="oc-2b"/>
      </symbol>
      <symbol id="sm-f9">
         <name>_vector11</name>
         <value>0x11815160</value>
         <object_component_ref idref="oc-2b"/>
      </symbol>
      <symbol id="sm-fa">
         <name>_vector12</name>
         <value>0x11815180</value>
         <object_component_ref idref="oc-2b"/>
      </symbol>
      <symbol id="sm-fb">
         <name>_vector13</name>
         <value>0x118151a0</value>
         <object_component_ref idref="oc-2b"/>
      </symbol>
      <symbol id="sm-fc">
         <name>_vector14</name>
         <value>0x118151c0</value>
         <object_component_ref idref="oc-2b"/>
      </symbol>
      <symbol id="sm-fd">
         <name>_vector15</name>
         <value>0x118151e0</value>
         <object_component_ref idref="oc-2b"/>
      </symbol>
      <symbol id="sm-fe">
         <name>_vectors</name>
         <value>0x11815000</value>
         <object_component_ref idref="oc-2b"/>
      </symbol>
      <symbol id="sm-ff">
         <name>_vector1</name>
         <value>0x11815020</value>
         <object_component_ref idref="oc-2b"/>
      </symbol>
      <symbol id="sm-100">
         <name>_vector3</name>
         <value>0x11815060</value>
         <object_component_ref idref="oc-2b"/>
      </symbol>
      <symbol id="sm-101">
         <name>_vector2</name>
         <value>0x11815040</value>
         <object_component_ref idref="oc-2b"/>
      </symbol>
      <symbol id="sm-102">
         <name>_vector5</name>
         <value>0x118150a0</value>
         <object_component_ref idref="oc-2b"/>
      </symbol>
      <symbol id="sm-103">
         <name>_vector7</name>
         <value>0x118150e0</value>
         <object_component_ref idref="oc-2b"/>
      </symbol>
      <symbol id="sm-104">
         <name>_vector6</name>
         <value>0x118150c0</value>
         <object_component_ref idref="oc-2b"/>
      </symbol>
      <symbol id="sm-105">
         <name>_vector9</name>
         <value>0x11815120</value>
         <object_component_ref idref="oc-2b"/>
      </symbol>
      <symbol id="sm-106">
         <name>_vector8</name>
         <value>0x11815100</value>
         <object_component_ref idref="oc-2b"/>
      </symbol>
      <symbol id="sm-115">
         <name>_c_int00</name>
         <value>0x800099a0</value>
         <object_component_ref idref="oc-10"/>
      </symbol>
      <symbol id="sm-116">
         <name>__stack</name>
         <value>0x11814000</value>
         <object_component_ref idref="oc-30"/>
      </symbol>
      <symbol id="sm-12c">
         <name>_cos</name>
         <value>0x80004a80</value>
         <object_component_ref idref="oc-ff"/>
      </symbol>
      <symbol id="sm-13c">
         <name>__divf</name>
         <value>0x800055e0</value>
         <object_component_ref idref="oc-101"/>
      </symbol>
      <symbol id="sm-145">
         <name>__c6xabi_divi</name>
         <value>0x800083c0</value>
         <object_component_ref idref="oc-fd"/>
      </symbol>
      <symbol id="sm-146">
         <name>__divi</name>
         <value>0x800083c0</value>
         <object_component_ref idref="oc-fd"/>
      </symbol>
      <symbol id="sm-15d">
         <name>C$$EXIT</name>
         <value>0x80009ec0</value>
         <object_component_ref idref="oc-f9"/>
      </symbol>
      <symbol id="sm-15e">
         <name>_exit</name>
         <value>0x80008ca0</value>
         <object_component_ref idref="oc-eb"/>
      </symbol>
      <symbol id="sm-15f">
         <name>___TI_enable_exit_profile_output</name>
         <value>0x11814cd0</value>
         <object_component_ref idref="oc-40"/>
      </symbol>
      <symbol id="sm-160">
         <name>_abort</name>
         <value>0x80009ec0</value>
         <object_component_ref idref="oc-f9"/>
      </symbol>
      <symbol id="sm-161">
         <name>__cleanup_ptr</name>
         <value>0x11814cc8</value>
         <object_component_ref idref="oc-40"/>
      </symbol>
      <symbol id="sm-162">
         <name>__dtors_ptr</name>
         <value>0x11814ccc</value>
         <object_component_ref idref="oc-40"/>
      </symbol>
      <symbol id="sm-16f">
         <name>__fixfu</name>
         <value>0x80009820</value>
         <object_component_ref idref="oc-102"/>
      </symbol>
      <symbol id="sm-1a7">
         <name>__sys_memory</name>
         <value>0x11804000</value>
         <object_component_ref idref="oc-49"/>
      </symbol>
      <symbol id="sm-1a8">
         <name>_free</name>
         <value>0x80005860</value>
         <object_component_ref idref="oc-12b"/>
      </symbol>
      <symbol id="sm-1a9">
         <name>_malloc</name>
         <value>0x80007740</value>
         <object_component_ref idref="oc-106"/>
      </symbol>
      <symbol id="sm-1b4">
         <name>_memset</name>
         <value>0x80008660</value>
         <object_component_ref idref="oc-fe"/>
      </symbol>
      <symbol id="sm-1c0">
         <name>_modf</name>
         <value>0x80009640</value>
         <object_component_ref idref="oc-109"/>
      </symbol>
      <symbol id="sm-1ca">
         <name>__nround</name>
         <value>0x800091e0</value>
         <object_component_ref idref="oc-108"/>
      </symbol>
      <symbol id="sm-1df">
         <name>_sin</name>
         <value>0x80005ae0</value>
         <object_component_ref idref="oc-100"/>
      </symbol>
      <symbol id="sm-1e9">
         <name>__trunc</name>
         <value>0x80009ea0</value>
         <object_component_ref idref="oc-107"/>
      </symbol>
      <symbol id="sm-1f7">
         <name>__unlock</name>
         <value>0x11814ce0</value>
         <object_component_ref idref="oc-5f"/>
      </symbol>
      <symbol id="sm-1f8">
         <name>__lock</name>
         <value>0x11814cdc</value>
         <object_component_ref idref="oc-5f"/>
      </symbol>
      <symbol id="sm-1f9">
         <name>__nop</name>
         <value>0x80009e40</value>
         <object_component_ref idref="oc-ed"/>
      </symbol>
      <symbol id="sm-203">
         <name>__args_main</name>
         <value>0x80009d20</value>
         <object_component_ref idref="oc-ea"/>
      </symbol>
      <symbol id="sm-204">
         <name>__TI_args_main</name>
         <value>0x1</value>
      </symbol>
      <symbol id="sm-213">
         <name>__auto_init</name>
         <value>0x800089a0</value>
         <object_component_ref idref="oc-e9"/>
      </symbol>
      <symbol id="sm-220">
         <name>___TI_cpp_init</name>
         <value>0x80009b20</value>
         <object_component_ref idref="oc-f7"/>
      </symbol>
      <symbol id="sm-22e">
         <name>_copy_in</name>
         <value>0x80009320</value>
         <object_component_ref idref="oc-f5"/>
      </symbol>
      <symbol id="sm-236">
         <name>_memcpy</name>
         <value>0x80009500</value>
         <object_component_ref idref="oc-f6"/>
      </symbol>
      <symbol id="sm-245">
         <name>_USTIMER_get</name>
         <value>0x80007084</value>
         <object_component_ref idref="oc-105"/>
      </symbol>
      <symbol id="sm-246">
         <name>_USTIMER_delay</name>
         <value>0x80006fc4</value>
         <object_component_ref idref="oc-105"/>
      </symbol>
      <symbol id="sm-247">
         <name>_USTIMER_set</name>
         <value>0x80007098</value>
         <object_component_ref idref="oc-105"/>
      </symbol>
      <symbol id="sm-248">
         <name>_USTIMER_init</name>
         <value>0x80006ee0</value>
         <object_component_ref idref="oc-105"/>
      </symbol>
      <symbol id="sm-249">
         <name>_USTIMER_reset</name>
         <value>0x80007054</value>
         <object_component_ref idref="oc-105"/>
      </symbol>
      <symbol id="sm-275">
         <name>_AIC3106_writeRegister</name>
         <value>0x80007570</value>
         <object_component_ref idref="oc-103"/>
      </symbol>
      <symbol id="sm-276">
         <name>_AIC3106_init</name>
         <value>0x80007420</value>
         <object_component_ref idref="oc-103"/>
      </symbol>
      <symbol id="sm-277">
         <name>_AIC3106_readRegister</name>
         <value>0x80007518</value>
         <object_component_ref idref="oc-103"/>
      </symbol>
      <symbol id="sm-312">
         <name>_config_pll1</name>
         <value>0x80001f44</value>
         <object_component_ref idref="oc-104"/>
      </symbol>
      <symbol id="sm-313">
         <name>_config_pll0</name>
         <value>0x80001d08</value>
         <object_component_ref idref="oc-104"/>
      </symbol>
      <symbol id="sm-314">
         <name>_UTIL_isUIBoardAttached</name>
         <value>0x80002280</value>
         <object_component_ref idref="oc-104"/>
      </symbol>
      <symbol id="sm-315">
         <name>_EVMOMAPL138_initRAM</name>
         <value>0x800016ac</value>
         <object_component_ref idref="oc-104"/>
      </symbol>
      <symbol id="sm-316">
         <name>_EVMOMAPL138_lpscTransition</name>
         <value>0x80001930</value>
         <object_component_ref idref="oc-104"/>
      </symbol>
      <symbol id="sm-317">
         <name>_EVMOMAPL138_enableDsp</name>
         <value>0x80001868</value>
         <object_component_ref idref="oc-104"/>
      </symbol>
      <symbol id="sm-318">
         <name>_EVMOMAPL138_init</name>
         <value>0x80001680</value>
         <object_component_ref idref="oc-104"/>
      </symbol>
      <symbol id="sm-319">
         <name>_UTIL_printMem</name>
         <value>0x80002128</value>
         <object_component_ref idref="oc-104"/>
      </symbol>
      <symbol id="sm-31a">
         <name>_EVMOMAPL138_pinmuxConfig</name>
         <value>0x80001894</value>
         <object_component_ref idref="oc-104"/>
      </symbol>
      <symbol id="sm-348">
         <name>_I2CGPIO_getInput</name>
         <value>0x800033b4</value>
         <object_component_ref idref="oc-10c"/>
      </symbol>
      <symbol id="sm-349">
         <name>_I2CGPIO_setOutputAll</name>
         <value>0x80003728</value>
         <object_component_ref idref="oc-10c"/>
      </symbol>
      <symbol id="sm-34a">
         <name>_I2CGPIO_setOutput</name>
         <value>0x800035e0</value>
         <object_component_ref idref="oc-10c"/>
      </symbol>
      <symbol id="sm-34b">
         <name>_I2CGPIO_getInputAll</name>
         <value>0x800034d0</value>
         <object_component_ref idref="oc-10c"/>
      </symbol>
      <symbol id="sm-34c">
         <name>_I2CGPIO_init</name>
         <value>0x800032e0</value>
         <object_component_ref idref="oc-10c"/>
      </symbol>
      <symbol id="sm-395">
         <name>_I2C_read</name>
         <value>0x800044cc</value>
         <object_component_ref idref="oc-10a"/>
      </symbol>
      <symbol id="sm-396">
         <name>_I2C_write</name>
         <value>0x80004628</value>
         <object_component_ref idref="oc-10a"/>
      </symbol>
      <symbol id="sm-397">
         <name>_I2C_init</name>
         <value>0x800043e0</value>
         <object_component_ref idref="oc-10a"/>
      </symbol>
      <symbol id="sm-3ac">
         <name>_printf</name>
         <value>0x80008740</value>
         <object_component_ref idref="oc-10b"/>
      </symbol>
      <symbol id="sm-4b8">
         <name>__printfi</name>
         <value>0x800037c0</value>
         <object_component_ref idref="oc-110"/>
      </symbol>
      <symbol id="sm-4c6">
         <name>_atoi</name>
         <value>0x800084a0</value>
         <object_component_ref idref="oc-11b"/>
      </symbol>
      <symbol id="sm-4ce">
         <name>__ctypes_</name>
         <value>0x11815400</value>
         <object_component_ref idref="oc-121"/>
      </symbol>
      <symbol id="sm-4d8">
         <name>__tmpnams</name>
         <value>0x118149e0</value>
         <object_component_ref idref="oc-95"/>
      </symbol>
      <symbol id="sm-4d9">
         <name>__ft_end</name>
         <value>0x11814b20</value>
         <object_component_ref idref="oc-95"/>
      </symbol>
      <symbol id="sm-4da">
         <name>__ftable</name>
         <value>0x11814800</value>
         <object_component_ref idref="oc-95"/>
      </symbol>
      <symbol id="sm-4ec">
         <name>__divd</name>
         <value>0x800022a0</value>
         <object_component_ref idref="oc-132"/>
      </symbol>
      <symbol id="sm-4f5">
         <name>__c6xabi_divu</name>
         <value>0x80008b20</value>
         <object_component_ref idref="oc-13a"/>
      </symbol>
      <symbol id="sm-4f6">
         <name>__divu</name>
         <value>0x80008b20</value>
         <object_component_ref idref="oc-13a"/>
      </symbol>
      <symbol id="sm-503">
         <name>__fixdli</name>
         <value>0x80009140</value>
         <object_component_ref idref="oc-135"/>
      </symbol>
      <symbol id="sm-50e">
         <name>__fltlid</name>
         <value>0x800098a0</value>
         <object_component_ref idref="oc-137"/>
      </symbol>
      <symbol id="sm-529">
         <name>_putc</name>
         <value>0x800068c0</value>
         <object_component_ref idref="oc-117"/>
      </symbol>
      <symbol id="sm-52a">
         <name>_fputc</name>
         <value>0x800068c0</value>
         <object_component_ref idref="oc-117"/>
      </symbol>
      <symbol id="sm-54c">
         <name>_fputs</name>
         <value>0x80004040</value>
         <object_component_ref idref="oc-112"/>
      </symbol>
      <symbol id="sm-556">
         <name>__frcmpyd_div</name>
         <value>0x80009d60</value>
         <object_component_ref idref="oc-139"/>
      </symbol>
      <symbol id="sm-566">
         <name>__divul</name>
         <value>0x80007280</value>
         <object_component_ref idref="oc-13b"/>
      </symbol>
      <symbol id="sm-567">
         <name>__remli</name>
         <value>0x80009de0</value>
         <object_component_ref idref="oc-13f"/>
      </symbol>
      <symbol id="sm-568">
         <name>__divli</name>
         <value>0x80008f60</value>
         <object_component_ref idref="oc-140"/>
      </symbol>
      <symbol id="sm-57c">
         <name>__subcull</name>
         <value>0x80009b80</value>
         <object_component_ref idref="oc-142"/>
      </symbol>
      <symbol id="sm-57d">
         <name>__divull</name>
         <value>0x80005fc0</value>
         <object_component_ref idref="oc-13c"/>
      </symbol>
      <symbol id="sm-587">
         <name>___isinf</name>
         <value>0x80009ca0</value>
         <object_component_ref idref="oc-123"/>
      </symbol>
      <symbol id="sm-595">
         <name>__llshl</name>
         <value>0x80009920</value>
         <object_component_ref idref="oc-141"/>
      </symbol>
      <symbol id="sm-596">
         <name>__llshru</name>
         <value>0x80009da0</value>
         <object_component_ref idref="oc-138"/>
      </symbol>
      <symbol id="sm-5d3">
         <name>_unlink</name>
         <value>0x80009aa0</value>
         <object_component_ref idref="oc-143"/>
      </symbol>
      <symbol id="sm-5d4">
         <name>_lseek</name>
         <value>0x80009460</value>
         <object_component_ref idref="oc-12a"/>
      </symbol>
      <symbol id="sm-5d5">
         <name>_close</name>
         <value>0x80008580</value>
         <object_component_ref idref="oc-13d"/>
      </symbol>
      <symbol id="sm-5d6">
         <name>_write</name>
         <value>0x80009780</value>
         <object_component_ref idref="oc-11a"/>
      </symbol>
      <symbol id="sm-5e3">
         <name>_ltoa</name>
         <value>0x80008d60</value>
         <object_component_ref idref="oc-136"/>
      </symbol>
      <symbol id="sm-5f0">
         <name>_memccpy</name>
         <value>0x80009be0</value>
         <object_component_ref idref="oc-11e"/>
      </symbol>
      <symbol id="sm-5fa">
         <name>__negll</name>
         <value>0x80009e20</value>
         <object_component_ref idref="oc-128"/>
      </symbol>
      <symbol id="sm-623">
         <name>_HOSTopen</name>
         <value>0x80008200</value>
         <object_component_ref idref="oc-ee"/>
      </symbol>
      <symbol id="sm-624">
         <name>_HOSTread</name>
         <value>0x800082e0</value>
         <object_component_ref idref="oc-f0"/>
      </symbol>
      <symbol id="sm-625">
         <name>_HOSTrename</name>
         <value>0x800075c0</value>
         <object_component_ref idref="oc-f4"/>
      </symbol>
      <symbol id="sm-626">
         <name>_HOSTwrite</name>
         <value>0x800088e0</value>
         <object_component_ref idref="oc-f1"/>
      </symbol>
      <symbol id="sm-627">
         <name>_HOSTlseek</name>
         <value>0x80008000</value>
         <object_component_ref idref="oc-f2"/>
      </symbol>
      <symbol id="sm-628">
         <name>_HOSTunlink</name>
         <value>0x80008820</value>
         <object_component_ref idref="oc-f3"/>
      </symbol>
      <symbol id="sm-629">
         <name>_HOSTclose</name>
         <value>0x80008e20</value>
         <object_component_ref idref="oc-ef"/>
      </symbol>
      <symbol id="sm-639">
         <name>C$$IO$$</name>
         <value>0x80009c98</value>
         <object_component_ref idref="oc-fb"/>
      </symbol>
      <symbol id="sm-63a">
         <name>__CIOBUF_</name>
         <value>0x11815568</value>
         <object_component_ref idref="oc-cc"/>
      </symbol>
      <symbol id="sm-63b">
         <name>_readmsg</name>
         <value>0x80009a20</value>
         <object_component_ref idref="oc-fc"/>
      </symbol>
      <symbol id="sm-63c">
         <name>_writemsg</name>
         <value>0x80009c40</value>
         <object_component_ref idref="oc-fb"/>
      </symbol>
      <symbol id="sm-64b">
         <name>__wrt_ok</name>
         <value>0x80008100</value>
         <object_component_ref idref="oc-118"/>
      </symbol>
      <symbol id="sm-65f">
         <name>__doflush</name>
         <value>0x80008be0</value>
         <object_component_ref idref="oc-119"/>
      </symbol>
      <symbol id="sm-670">
         <name>_fseek</name>
         <value>0x80007ee0</value>
         <object_component_ref idref="oc-11f"/>
      </symbol>
      <symbol id="sm-687">
         <name>_setvbuf</name>
         <value>0x80006ce0</value>
         <object_component_ref idref="oc-120"/>
      </symbol>
      <symbol id="sm-69a">
         <name>__cleanup</name>
         <value>0x80008ec0</value>
         <object_component_ref idref="oc-12c"/>
      </symbol>
      <symbol id="sm-6ac">
         <name>__closefile</name>
         <value>0x80007ca0</value>
         <object_component_ref idref="oc-134"/>
      </symbol>
      <symbol id="sm-6b6">
         <name>_remove</name>
         <value>0x80009ee0</value>
         <object_component_ref idref="oc-13e"/>
      </symbol>
   </symbol_table>
</link_info>
