******************************************************************************
               TMS320C6x Linker PC v7.4.24                     
******************************************************************************
>> Linked Fri Mar 29 17:50:37 2019

OUTPUT FILE NAME:   <Lab5.out>
ENTRY POINT SYMBOL: "_c_int00"  address: 80009a60


MEMORY CONFIGURATION

         name            origin    length      used     unused   attr    fill
----------------------  --------  ---------  --------  --------  ----  --------
  SHDSPL2ROM            11700000   00100000  00000000  00100000  RWIX
  ARRAY_DATA_MEM        11800000   00004000  00004000  00000000  RWIX
  SHDSPL2RAM            11804000   0003c000  000115eb  0002aa15  RWIX
  SHDSPL1PRAM           11e00000   00008000  00000000  00008000  RWIX
  SHDSPL1DRAM           11f00000   00008000  00000000  00008000  RWIX
  EMIFACS0              40000000   20000000  00000000  20000000  RWIX
  EMIFACS2              60000000   02000000  00000000  02000000  RWIX
  EMIFACS3              62000000   02000000  00000000  02000000  RWIX
  EMIFACS4              64000000   02000000  00000000  02000000  RWIX
  EMIFACS5              66000000   02000000  00000000  02000000  RWIX
  SHRAM                 80000000   00020000  00009fe0  00016020  RWIX
  EXT_DDR2              c0000000   08000000  00000000  08000000  RWIX


SECTION ALLOCATION MAP

 output                                  attributes/
section   page    origin      length       input sections
--------  ----  ----------  ----------   ----------------
arraySect 
*          0    11800000    00004000     UNINITIALIZED
                  11800000    00004000     interruptFFT.obj (arraySect)

.data      0    11804000    00000000     UNINITIALIZED

.sysmem    0    11804000    00010000     UNINITIALIZED
                  11804000    00000008     rts6740.lib : memory.obj (.sysmem)
                  11804008    0000fff8     --HOLE--

.stack     0    11814000    00000800     UNINITIALIZED
                  11814000    00000008     rts6740.lib : boot.obj (.stack)
                  11814008    000007f8     --HOLE--

.far       0    11814800    000004f8     UNINITIALIZED
                  11814800    00000324     rts6740.lib : defs.obj (.far)
                  11814b24    00000004                 : fopen.obj (.far)
                  11814b28    0000011c                 : lowlev.obj (.far)
                  11814c44    00000004     template2.obj (.far)
                  11814c48    00000040     rts6740.lib : cos.obj (.far)
                  11814c88    00000040                 : sin.obj (.far)
                  11814cc8    0000000c                 : exit.obj (.far)
                  11814cd4    00000008     L138_aic3106_init.obj (.far)
                  11814cdc    00000008     rts6740.lib : _lock.obj (.far)
                  11814ce4    00000008                 : memory.obj (.far)
                  11814cec    00000004     --HOLE--
                  11814cf0    00000008                 : trgdrv.obj (.far)

.cinit     0    11814cf8    00000224     
                  11814cf8    0000005c     rts6740.lib : defs.obj (.cinit)
                  11814d54    00000004     --HOLE-- [fill = 0]
                  11814d58    0000005c                 : lowlev.obj (.cinit)
                  11814db4    00000004     --HOLE-- [fill = 0]
                  11814db8    00000048                 : cos.obj (.cinit)
                  11814e00    00000048                 : sin.obj (.cinit)
                  11814e48    0000002c     L138_aic3106_init.obj (.cinit)
                  11814e74    00000004     --HOLE-- [fill = 0]
                  11814e78    0000002c     rts6740.lib : exit.obj (.cinit)
                  11814ea4    00000004     --HOLE-- [fill = 0]
                  11814ea8    0000002c                 : memory.obj (.cinit)
                  11814ed4    00000004     --HOLE-- [fill = 0]
                  11814ed8    0000001c                 : _lock.obj (.cinit)
                  11814ef4    00000004     --HOLE-- [fill = 0]
                  11814ef8    0000000c                 : fopen.obj (.cinit)
                  11814f04    00000004     --HOLE-- [fill = 0]
                  11814f08    0000000c     template2.obj (.cinit)
                  11814f14    00000004     --HOLE-- [fill = 0]
                  11814f18    00000004     (.pad.cinit) [fill = 0]

.bss       0    11814f1c    00000028     UNINITIALIZED
                  11814f1c    0000001c     L138_aic3106_init.obj (.bss)
                  11814f38    00000004     evmomapl138_bsl.lib : evmomapl138_i2c.obj (.bss)
                  11814f3c    00000004     interruptFFT.obj (.bss)
                  11814f40    00000004     template2.obj (.bss)

.vecs      0    11815000    00000200     
                  11815000    00000200     vectors_intr.obj (.vecs)

.interrupts 
*          0    11815200    00000220     
                  11815200    000001e0     interruptFFT.obj (.interrupts)
                  118153e0    00000010     L138_aic3106_init.obj ($Tramp$S$$_output_sample)
                  118153f0    00000010     bitrevf.obj ($Tramp$S$$_bitrev)
                  11815400    00000010     67-cfftr2.obj ($Tramp$S$$_cfftr2_dit)
                  11815410    00000010     L138_aic3106_init.obj ($Tramp$S$$_input_sample)

.const     0    11815420    00000167     
                  11815420    00000101     rts6740.lib : ctype.obj (.const:.string:__ctypes_)
                  11815521    00000002                 : fputs.obj (.const:.string)
                  11815523    00000001     --HOLE-- [fill = 0]
                  11815524    00000040     evmomapl138_bsl.lib : evmomapl138.obj (.const:.string)
                  11815564    00000023     rts6740.lib : _printfi.obj (.const:.string)

.cio       0    11815588    00000120     UNINITIALIZED
                  11815588    00000120     rts6740.lib : trgmsg.obj (.cio)

.text      0    80000000    00009fe0     
                  80000000    000015e0     L138_aic3106_init.obj (.text)
                  800015e0    00000c20     evmomapl138_bsl.lib : evmomapl138.obj (.text)
                  80002200    000005a0     rts6740.lib : divd.obj (.text:__divd)
                  800027a0    000005a0     template2.obj (.text)
                  80002d40    00000580     rts6740.lib : _printfi.obj (.text:__getarg_diouxp)
                  800032c0    00000520                 : _printfi.obj (.text:__setfield)
                  800037e0    000004e0     evmomapl138_bsl.lib : evmomapl138_i2c_gpio.obj (.text)
                  80003cc0    00000440     rts6740.lib : _printfi.obj (.text:__printfi)
                  80004100    000003a0                 : fputs.obj (.text:_fputs)
                  800044a0    00000380     evmomapl138_bsl.lib : evmomapl138_i2c.obj (.text)
                  80004820    00000320     rts6740.lib : _printfi.obj (.text:__pproc_fge)
                  80004b40    000002e0                 : cos.obj (.text:_cos)
                  80004e20    000002e0                 : _printfi.obj (.text:_ecvt)
                  80005100    000002e0                 : _printfi.obj (.text:_fcvt)
                  800053e0    000002c0                 : _printfi.obj (.text:__pproc_fwp)
                  800056a0    00000280                 : divf.obj (.text:__divf)
                  80005920    00000280                 : memory.obj (.text:_free)
                  80005ba0    00000280                 : sin.obj (.text:_sin)
                  80005e20    00000260     67-cfftr2.obj (.text)
                  80006080    00000260     rts6740.lib : imath64.obj (.text:__divull)
                  800062e0    00000240                 : _printfi.obj (.text:__pconv_e)
                  80006520    00000240                 : _printfi.obj (.text:__pproc_diouxp)
                  80006760    00000220                 : _printfi.obj (.text:__pproc_str)
                  80006980    00000220                 : fputc.obj (.text:_fputc)
                  80006ba0    00000200                 : _printfi.obj (.text:__pconv_g)
                  80006da0    00000200                 : setvbuf.obj (.text:_setvbuf)
                  80006fa0    000001e0     evmomapl138_bsl.lib : evmomapl138_timer.obj (.text)
                  80007180    000001c0     rts6740.lib : _printfi.obj (.text:__mcpy)
                  80007340    000001a0                 : imath40.obj (.text:__divul)
                  800074e0    000001a0     evmomapl138_bsl.lib : evmomapl138_aic3106.obj (.text)
                  80007680    00000180     rts6740.lib : trgdrv.obj (.text:_HOSTrename)
                  80007800    00000180                 : memory.obj (.text:_malloc)
                  80007980    00000160     bitrevf.obj (.text)
                  80007ae0    00000140     rts6740.lib : _printfi.obj (.text:__pproc_fflags)
                  80007c20    00000140                 : lowlev.obj (.text:_getdevice)
                  80007d60    00000120                 : fclose.obj (.text:__closefile)
                  80007e80    00000120                 : _printfi.obj (.text:__ltostr)
                  80007fa0    00000120                 : fseek.obj (.text:_fseek)
                  800080c0    00000100                 : trgdrv.obj (.text:_HOSTlseek)
                  800081c0    00000100                 : _io_perm.obj (.text:__wrt_ok)
                  800082c0    000000e0                 : trgdrv.obj (.text:_HOSTopen)
                  800083a0    000000e0                 : trgdrv.obj (.text:_HOSTread)
                  80008480    000000e0                 : divi.obj (.text:__divi)
                  80008560    000000e0                 : atoi.obj (.text:_atoi)
                  80008640    000000e0                 : lowlev.obj (.text:_close)
                  80008720    000000e0                 : memset.obj (.text:_memset)
                  80008800    000000e0                 : printf.obj (.text:_printf)
                  800088e0    000000c0                 : trgdrv.obj (.text:_HOSTunlink)
                  800089a0    000000c0                 : trgdrv.obj (.text:_HOSTwrite)
                  80008a60    000000c0                 : autoinit.obj (.text:__auto_init)
                  80008b20    000000c0                 : _printfi.obj (.text:__div)
                  80008be0    000000c0                 : divu.obj (.text:__divu)
                  80008ca0    000000c0                 : fflush.obj (.text:__doflush)
                  80008d60    000000c0                 : exit.obj (.text:_exit)
                  80008e20    000000c0                 : ltoa.obj (.text:_ltoa)
                  80008ee0    000000a0                 : trgdrv.obj (.text:_HOSTclose)
                  80008f80    000000a0                 : fopen.obj (.text:__cleanup)
                  80009020    000000a0                 : imath40.obj (.text:__divli)
                  800090c0    000000a0                 : _printfi.obj (.text:__ecpy)
                  80009160    000000a0                 : _printfi.obj (.text:__fcpy)
                  80009200    000000a0                 : fixdli.obj (.text:__fixdli)
                  800092a0    000000a0                 : round.obj (.text:__nround)
                  80009340    000000a0                 : _printfi.obj (.text:__pconv_f)
                  800093e0    000000a0                 : cpy_tbl.obj (.text:_copy_in)
                  80009480    000000a0                 : lowlev.obj (.text:_finddevice)
                  80009520    000000a0                 : lowlev.obj (.text:_lseek)
                  800095c0    000000a0                 : memcpy64.obj (.text:_memcpy)
                  80009660    000000a0                 : memory.obj (.text:_minsert)
                  80009700    000000a0                 : modf.obj (.text:_modf)
                  800097a0    000000a0                 : memory.obj (.text:_mremove)
                  80009840    000000a0                 : lowlev.obj (.text:_write)
                  800098e0    00000080                 : fixfu.obj (.text:__fixfu)
                  80009960    00000080                 : fltlid.obj (.text:__fltlid)
                  800099e0    00000080                 : llshift.obj (.text:__llshl)
                  80009a60    00000080                 : boot.obj (.text:_c_int00)
                  80009ae0    00000080                 : trgmsg.obj (.text:_readmsg)
                  80009b60    00000080                 : lowlev.obj (.text:_unlink)
                  80009be0    00000060                 : cpp_init.obj (.text:___TI_cpp_init)
                  80009c40    00000060                 : imath64.obj (.text:__subcull)
                  80009ca0    00000060                 : memccpy.obj (.text:_memccpy)
                  80009d00    00000060                 : trgmsg.obj (.text:_writemsg)
                  80009d60    00000040                 : isinf.obj (.text:___isinf)
                  80009da0    00000040                 : _printfi.obj (.text:___isnan)
                  80009de0    00000040                 : args_main.obj (.text:__args_main)
                  80009e20    00000040                 : frcmpyd_div.obj (.text:__frcmpyd_div)
                  80009e60    00000040                 : llshift.obj (.text:__llshru)
                  80009ea0    00000040                 : imath40.obj (.text:__remli)
                  80009ee0    00000020                 : negll.obj (.text:__negll)
                  80009f00    00000020                 : _lock.obj (.text:__nop)
                  80009f20    00000020                 : printf.obj (.text:__outc)
                  80009f40    00000020                 : printf.obj (.text:__outs)
                  80009f60    00000020                 : trunc.obj (.text:__trunc)
                  80009f80    00000020                 : exit.obj (.text:_abort)
                  80009fa0    00000020                 : remove.obj (.text:_remove)
                  80009fc0    00000020     vectors_intr.obj (.text)


FAR CALL TRAMPOLINES

callee name               trampoline name
   callee addr  tramp addr   call addr  call info
--------------  -----------  ---------  ----------------
$.text:L138_aic3106_init.obj$0x0  $Tramp$S$$_output_sample
   80000000     118153e0     11815398   interruptFFT.obj (.interrupts)
$.text:bitrevf.obj$0x0    $Tramp$S$$_bitrev
   80007980     118153f0     118152a4   interruptFFT.obj (.interrupts)
$.text:67-cfftr2.obj$0x0  $Tramp$S$$_cfftr2_dit
   80005e20     11815400     11815294   interruptFFT.obj (.interrupts)
$.text:L138_aic3106_init.obj$0x150  $Tramp$S$$_input_sample
   80000150     11815410     11815234   interruptFFT.obj (.interrupts)

[4 trampolines]
[4 trampoline calls]


GLOBAL SYMBOLS: SORTED ALPHABETICALLY BY Name 

address    name
--------   ----
11814f1c   $bss
11814f1c   .bss
11804000   .data
80000000   .text
80009f80   C$$EXIT
80009d58   C$$IO$$
800074e0   _AIC3106_init
800075d8   _AIC3106_readRegister
80007630   _AIC3106_writeRegister
11814cd4   _AIC31_data
80000258   _EDMA3_PaRAM_setup
800017c8   _EVMOMAPL138_enableDsp
800015e0   _EVMOMAPL138_init
8000160c   _EVMOMAPL138_initRAM
80001890   _EVMOMAPL138_lpscTransition
800017f4   _EVMOMAPL138_pinmuxConfig
80008ee0   _HOSTclose
800080c0   _HOSTlseek
800082c0   _HOSTopen
800083a0   _HOSTread
80007680   _HOSTrename
800088e0   _HOSTunlink
800089a0   _HOSTwrite
800038b4   _I2CGPIO_getInput
800039d0   _I2CGPIO_getInputAll
800037e0   _I2CGPIO_init
80003ae0   _I2CGPIO_setOutput
80003c28   _I2CGPIO_setOutputAll
800044a0   _I2C_init
8000458c   _I2C_read
800046e8   _I2C_write
80000de4   _L138_init_aic3106_registers
80000634   _L138_init_mcasp_edma
800008f0   _L138_init_mcasp_intr
80000b50   _L138_init_mcasp_poll
800010d8   _L138_initialise_edma
80001338   _L138_initialise_intr
80001264   _L138_initialise_poll
80007084   _USTIMER_delay
80007144   _USTIMER_get
80006fa0   _USTIMER_init
80007114   _USTIMER_reset
80007158   _USTIMER_set
800021e0   _UTIL_isUIBoardAttached
80002088   _UTIL_printMem
11815588   __CIOBUF_
11814800   __STACK_END
00000800   __STACK_SIZE
00010000   __SYSMEM_SIZE
00000001   __TI_args_main
80009be0   ___TI_cpp_init
11814cd0   ___TI_enable_exit_profile_output
ffffffff   ___TI_pprof_out_hndl
ffffffff   ___TI_prof_data_size
ffffffff   ___TI_prof_data_start
ffffffff   ___binit__
11814f1c   ___bss__
ffffffff   ___c_args__
11814cf8   ___cinit__
11804000   ___data__
11804000   ___edata__
11814f44   ___end__
80009fe0   ___etext__
80009d60   ___isinf
ffffffff   ___pinit__
80000000   ___text__
80009de0   __args_main
80008a60   __auto_init
80008480   __c6xabi_divi
80008be0   __c6xabi_divu
80008f80   __cleanup
11814cc8   __cleanup_ptr
80007d60   __closefile
11815420   __ctypes_
80002200   __divd
800056a0   __divf
80008480   __divi
80009020   __divli
80008be0   __divu
80007340   __divul
80006080   __divull
80008ca0   __doflush
11814ccc   __dtors_ptr
80009200   __fixdli
800098e0   __fixfu
80009960   __fltlid
80009e20   __frcmpyd_div
11814b20   __ft_end
11814800   __ftable
800099e0   __llshl
80009e60   __llshru
11814cdc   __lock
80009ee0   __negll
80009f00   __nop
800092a0   __nround
80003cc0   __printfi
80009ea0   __remli
11814000   __stack
80009c40   __subcull
11804000   __sys_memory
118149e0   __tmpnams
80009f60   __trunc
11814ce0   __unlock
800081c0   __wrt_ok
80009f80   _abort
80008560   _atoi
80007980   _bitrev
800027a0   _cFFT
80009a60   _c_int00
80005e20   _cfftr2_dit
80008640   _close
11814c44   _codec_data
80001c68   _config_pll0
80001ea4   _config_pll1
800093e0   _copy_in
80004b40   _cos
80002a28   _digitrev_index
80008d60   _exit
11814f30   _fb
80006980   _fputc
80004100   _fputs
80005920   _free
80007fa0   _fseek
11814f40   _i
11803000   _index
800001a8   _input_left_sample
80000200   _input_right_sample
80000150   _input_sample
11815200   _interruptFFT
80009520   _lseek
80008e20   _ltoa
80002bc8   _main
80007800   _malloc
80009ca0   _memccpy
800095c0   _memcpy
80008720   _memset
80009700   _modf
80000068   _output_left_sample
800000e0   _output_right_sample
80000000   _output_sample
11814f20   _pingIN
11814f24   _pingOUT
11814f28   _pongIN
11814f2c   _pongOUT
800015b0   _prand
11814f34   _prand_seed
80001460   _prbs
80008800   _printf
80006980   _putc
80001530   _rand31_next
80009ae0   _readmsg
80009fa0   _remove
80006da0   _setvbuf
80005ba0   _sin
11814cd8   _sreg
80009b60   _unlink
11815020   _vector1
11815140   _vector10
11815160   _vector11
11815180   _vector12
118151a0   _vector13
118151c0   _vector14
118151e0   _vector15
11815040   _vector2
11815060   _vector3
118150a0   _vector5
118150c0   _vector6
118150e0   _vector7
11815100   _vector8
11815120   _vector9
11815000   _vectors
11802000   _w
80009840   _write
80009d00   _writemsg
11800000   _xBuff
ffffffff   binit
11814cf8   cinit
11804000   edata
11814f44   end
80009fe0   etext
ffffffff   pinit


GLOBAL SYMBOLS: SORTED BY Symbol Address 

address    name
--------   ----
00000001   __TI_args_main
00000800   __STACK_SIZE
00010000   __SYSMEM_SIZE
11800000   _xBuff
11802000   _w
11803000   _index
11804000   .data
11804000   ___data__
11804000   ___edata__
11804000   __sys_memory
11804000   edata
11814000   __stack
11814800   __STACK_END
11814800   __ftable
118149e0   __tmpnams
11814b20   __ft_end
11814c44   _codec_data
11814cc8   __cleanup_ptr
11814ccc   __dtors_ptr
11814cd0   ___TI_enable_exit_profile_output
11814cd4   _AIC31_data
11814cd8   _sreg
11814cdc   __lock
11814ce0   __unlock
11814cf8   ___cinit__
11814cf8   cinit
11814f1c   $bss
11814f1c   .bss
11814f1c   ___bss__
11814f20   _pingIN
11814f24   _pingOUT
11814f28   _pongIN
11814f2c   _pongOUT
11814f30   _fb
11814f34   _prand_seed
11814f40   _i
11814f44   ___end__
11814f44   end
11815000   _vectors
11815020   _vector1
11815040   _vector2
11815060   _vector3
118150a0   _vector5
118150c0   _vector6
118150e0   _vector7
11815100   _vector8
11815120   _vector9
11815140   _vector10
11815160   _vector11
11815180   _vector12
118151a0   _vector13
118151c0   _vector14
118151e0   _vector15
11815200   _interruptFFT
11815420   __ctypes_
11815588   __CIOBUF_
80000000   .text
80000000   ___text__
80000000   _output_sample
80000068   _output_left_sample
800000e0   _output_right_sample
80000150   _input_sample
800001a8   _input_left_sample
80000200   _input_right_sample
80000258   _EDMA3_PaRAM_setup
80000634   _L138_init_mcasp_edma
800008f0   _L138_init_mcasp_intr
80000b50   _L138_init_mcasp_poll
80000de4   _L138_init_aic3106_registers
800010d8   _L138_initialise_edma
80001264   _L138_initialise_poll
80001338   _L138_initialise_intr
80001460   _prbs
80001530   _rand31_next
800015b0   _prand
800015e0   _EVMOMAPL138_init
8000160c   _EVMOMAPL138_initRAM
800017c8   _EVMOMAPL138_enableDsp
800017f4   _EVMOMAPL138_pinmuxConfig
80001890   _EVMOMAPL138_lpscTransition
80001c68   _config_pll0
80001ea4   _config_pll1
80002088   _UTIL_printMem
800021e0   _UTIL_isUIBoardAttached
80002200   __divd
800027a0   _cFFT
80002a28   _digitrev_index
80002bc8   _main
800037e0   _I2CGPIO_init
800038b4   _I2CGPIO_getInput
800039d0   _I2CGPIO_getInputAll
80003ae0   _I2CGPIO_setOutput
80003c28   _I2CGPIO_setOutputAll
80003cc0   __printfi
80004100   _fputs
800044a0   _I2C_init
8000458c   _I2C_read
800046e8   _I2C_write
80004b40   _cos
800056a0   __divf
80005920   _free
80005ba0   _sin
80005e20   _cfftr2_dit
80006080   __divull
80006980   _fputc
80006980   _putc
80006da0   _setvbuf
80006fa0   _USTIMER_init
80007084   _USTIMER_delay
80007114   _USTIMER_reset
80007144   _USTIMER_get
80007158   _USTIMER_set
80007340   __divul
800074e0   _AIC3106_init
800075d8   _AIC3106_readRegister
80007630   _AIC3106_writeRegister
80007680   _HOSTrename
80007800   _malloc
80007980   _bitrev
80007d60   __closefile
80007fa0   _fseek
800080c0   _HOSTlseek
800081c0   __wrt_ok
800082c0   _HOSTopen
800083a0   _HOSTread
80008480   __c6xabi_divi
80008480   __divi
80008560   _atoi
80008640   _close
80008720   _memset
80008800   _printf
800088e0   _HOSTunlink
800089a0   _HOSTwrite
80008a60   __auto_init
80008be0   __c6xabi_divu
80008be0   __divu
80008ca0   __doflush
80008d60   _exit
80008e20   _ltoa
80008ee0   _HOSTclose
80008f80   __cleanup
80009020   __divli
80009200   __fixdli
800092a0   __nround
800093e0   _copy_in
80009520   _lseek
800095c0   _memcpy
80009700   _modf
80009840   _write
800098e0   __fixfu
80009960   __fltlid
800099e0   __llshl
80009a60   _c_int00
80009ae0   _readmsg
80009b60   _unlink
80009be0   ___TI_cpp_init
80009c40   __subcull
80009ca0   _memccpy
80009d00   _writemsg
80009d58   C$$IO$$
80009d60   ___isinf
80009de0   __args_main
80009e20   __frcmpyd_div
80009e60   __llshru
80009ea0   __remli
80009ee0   __negll
80009f00   __nop
80009f60   __trunc
80009f80   C$$EXIT
80009f80   _abort
80009fa0   _remove
80009fe0   ___etext__
80009fe0   etext
ffffffff   ___TI_pprof_out_hndl
ffffffff   ___TI_prof_data_size
ffffffff   ___TI_prof_data_start
ffffffff   ___binit__
ffffffff   ___c_args__
ffffffff   ___pinit__
ffffffff   binit
ffffffff   pinit

[181 symbols]
