******************************************************************************
               TMS320C6x Linker PC v7.4.24                     
******************************************************************************
>> Linked Wed Mar 27 14:22:23 2019

OUTPUT FILE NAME:   <Lab4.out>
ENTRY POINT SYMBOL: "_c_int00"  address: 80008a40


MEMORY CONFIGURATION

         name            origin    length      used     unused   attr    fill
----------------------  --------  ---------  --------  --------  ----  --------
  SHDSPL2ROM            11700000   00100000  00000000  00100000  RWIX
  ARRAY_DATA_MEM        11800000   00000804  00000804  00000000  RWIX
  SHDSPL2RAM            11800804   0003f7fc  000113b7  0002e445  RWIX
  SHDSPL1PRAM           11e00000   00008000  00000000  00008000  RWIX
  SHDSPL1DRAM           11f00000   00008000  00000000  00008000  RWIX
  EMIFACS0              40000000   20000000  00000000  20000000  RWIX
  EMIFACS2              60000000   02000000  00000000  02000000  RWIX
  EMIFACS3              62000000   02000000  00000000  02000000  RWIX
  EMIFACS4              64000000   02000000  00000000  02000000  RWIX
  EMIFACS5              66000000   02000000  00000000  02000000  RWIX
  SHRAM                 80000000   00020000  00008fc0  00017040  RWIX
  EXT_DDR2              c0000000   08000000  00000000  08000000  RWIX


SECTION ALLOCATION MAP

 output                                  attributes/
section   page    origin      length       input sections
--------  ----  ----------  ----------   ----------------
arraySect 
*          0    11800000    00000804     UNINITIALIZED
                  11800000    00000804     adaptive.obj (arraySect)

.data      0    11800804    00000000     UNINITIALIZED

.sysmem    0    11800808    00010000     UNINITIALIZED
                  11800808    00000008     rts6740.lib : memory.obj (.sysmem)
                  11800810    0000fff8     --HOLE--

.stack     0    11810808    00000800     UNINITIALIZED
                  11810808    00000008     rts6740.lib : boot.obj (.stack)
                  11810810    000007f8     --HOLE--

.far       0    11811008    00000474     UNINITIALIZED
                  11811008    00000324     rts6740.lib : defs.obj (.far)
                  1181132c    00000004                 : fopen.obj (.far)
                  11811330    0000011c                 : lowlev.obj (.far)
                  1181144c    0000000c                 : exit.obj (.far)
                  11811458    00000008     L138_aic3106_init.obj (.far)
                  11811460    00000008     rts6740.lib : _lock.obj (.far)
                  11811468    00000008                 : memory.obj (.far)
                  11811470    00000008                 : trgdrv.obj (.far)
                  11811478    00000004     template2.obj (.far)

.cinit     0    11811480    00000194     
                  11811480    0000005c     rts6740.lib : defs.obj (.cinit)
                  118114dc    00000004     --HOLE-- [fill = 0]
                  118114e0    0000005c                 : lowlev.obj (.cinit)
                  1181153c    00000004     --HOLE-- [fill = 0]
                  11811540    0000002c     L138_aic3106_init.obj (.cinit)
                  1181156c    00000004     --HOLE-- [fill = 0]
                  11811570    0000002c     rts6740.lib : exit.obj (.cinit)
                  1181159c    00000004     --HOLE-- [fill = 0]
                  118115a0    0000002c                 : memory.obj (.cinit)
                  118115cc    00000004     --HOLE-- [fill = 0]
                  118115d0    0000001c                 : _lock.obj (.cinit)
                  118115ec    00000004     --HOLE-- [fill = 0]
                  118115f0    0000000c                 : fopen.obj (.cinit)
                  118115fc    00000004     --HOLE-- [fill = 0]
                  11811600    0000000c     template2.obj (.cinit)
                  1181160c    00000004     --HOLE-- [fill = 0]
                  11811610    00000004     (.pad.cinit) [fill = 0]

.const     0    11811618    00000167     
                  11811618    00000101     rts6740.lib : ctype.obj (.const:.string:__ctypes_)
                  11811719    00000002                 : fputs.obj (.const:.string)
                  1181171b    00000001     --HOLE-- [fill = 0]
                  1181171c    00000040     evmomapl138_bsl.lib : evmomapl138.obj (.const:.string)
                  1181175c    00000023     rts6740.lib : _printfi.obj (.const:.string)

.bss       0    11811780    00000028     UNINITIALIZED
                  11811780    0000001c     L138_aic3106_init.obj (.bss)
                  1181179c    00000008     template2.obj (.bss)
                  118117a4    00000004     evmomapl138_bsl.lib : evmomapl138_i2c.obj (.bss)

.vecs      0    11811800    00000200     
                  11811800    00000200     vectors_intr.obj (.vecs)

.cio       0    11811a00    00000120     UNINITIALIZED
                  11811a00    00000120     rts6740.lib : trgmsg.obj (.cio)

.adaptive 
*          0    11811b20    00000100     
                  11811b20    00000100     adaptive.obj (.adaptive)

.text      0    80000000    00008fc0     
                  80000000    00001680     L138_aic3106_init.obj (.text)
                  80001680    00000c20     evmomapl138_bsl.lib : evmomapl138.obj (.text)
                  800022a0    000005a0     rts6740.lib : divd.obj (.text:__divd)
                  80002840    00000580                 : _printfi.obj (.text:__getarg_diouxp)
                  80002dc0    00000520                 : _printfi.obj (.text:__setfield)
                  800032e0    000004e0     evmomapl138_bsl.lib : evmomapl138_i2c_gpio.obj (.text)
                  800037c0    00000440     rts6740.lib : _printfi.obj (.text:__printfi)
                  80003c00    000003a0                 : fputs.obj (.text:_fputs)
                  80003fa0    00000380     evmomapl138_bsl.lib : evmomapl138_i2c.obj (.text)
                  80004320    00000320     rts6740.lib : _printfi.obj (.text:__pproc_fge)
                  80004640    000002e0                 : _printfi.obj (.text:_ecvt)
                  80004920    000002e0                 : _printfi.obj (.text:_fcvt)
                  80004c00    000002c0                 : _printfi.obj (.text:__pproc_fwp)
                  80004ec0    00000280                 : memory.obj (.text:_free)
                  80005140    00000260                 : imath64.obj (.text:__divull)
                  800053a0    00000240                 : _printfi.obj (.text:__pconv_e)
                  800055e0    00000240                 : _printfi.obj (.text:__pproc_diouxp)
                  80005820    00000220                 : _printfi.obj (.text:__pproc_str)
                  80005a40    00000220                 : fputc.obj (.text:_fputc)
                  80005c60    00000200                 : _printfi.obj (.text:__pconv_g)
                  80005e60    00000200                 : setvbuf.obj (.text:_setvbuf)
                  80006060    000001e0     evmomapl138_bsl.lib : evmomapl138_timer.obj (.text)
                  80006240    000001c0     rts6740.lib : _printfi.obj (.text:__mcpy)
                  80006400    000001a0                 : imath40.obj (.text:__divul)
                  800065a0    000001a0     evmomapl138_bsl.lib : evmomapl138_aic3106.obj (.text)
                  80006740    000001a0     template2.obj (.text:retain)
                  800068e0    00000180     rts6740.lib : trgdrv.obj (.text:_HOSTrename)
                  80006a60    00000180                 : memory.obj (.text:_malloc)
                  80006be0    00000140                 : _printfi.obj (.text:__pproc_fflags)
                  80006d20    00000140                 : lowlev.obj (.text:_getdevice)
                  80006e60    00000120                 : fclose.obj (.text:__closefile)
                  80006f80    00000120                 : _printfi.obj (.text:__ltostr)
                  800070a0    00000120                 : fseek.obj (.text:_fseek)
                  800071c0    00000100                 : trgdrv.obj (.text:_HOSTlseek)
                  800072c0    00000100                 : _io_perm.obj (.text:__wrt_ok)
                  800073c0    00000100     template2.obj (.text)
                  800074c0    000000e0     rts6740.lib : trgdrv.obj (.text:_HOSTopen)
                  800075a0    000000e0                 : trgdrv.obj (.text:_HOSTread)
                  80007680    000000e0                 : atoi.obj (.text:_atoi)
                  80007760    000000e0                 : lowlev.obj (.text:_close)
                  80007840    000000e0                 : memset.obj (.text:_memset)
                  80007920    000000e0                 : printf.obj (.text:_printf)
                  80007a00    000000c0                 : trgdrv.obj (.text:_HOSTunlink)
                  80007ac0    000000c0                 : trgdrv.obj (.text:_HOSTwrite)
                  80007b80    000000c0                 : autoinit.obj (.text:__auto_init)
                  80007c40    000000c0                 : _printfi.obj (.text:__div)
                  80007d00    000000c0                 : divu.obj (.text:__divu)
                  80007dc0    000000c0                 : fflush.obj (.text:__doflush)
                  80007e80    000000c0                 : exit.obj (.text:_exit)
                  80007f40    000000c0                 : ltoa.obj (.text:_ltoa)
                  80008000    000000a0                 : trgdrv.obj (.text:_HOSTclose)
                  800080a0    000000a0                 : fopen.obj (.text:__cleanup)
                  80008140    000000a0                 : imath40.obj (.text:__divli)
                  800081e0    000000a0                 : _printfi.obj (.text:__ecpy)
                  80008280    000000a0                 : _printfi.obj (.text:__fcpy)
                  80008320    000000a0                 : fixdli.obj (.text:__fixdli)
                  800083c0    000000a0                 : _printfi.obj (.text:__pconv_f)
                  80008460    000000a0                 : cpy_tbl.obj (.text:_copy_in)
                  80008500    000000a0                 : lowlev.obj (.text:_finddevice)
                  800085a0    000000a0                 : lowlev.obj (.text:_lseek)
                  80008640    000000a0                 : memcpy64.obj (.text:_memcpy)
                  800086e0    000000a0                 : memory.obj (.text:_minsert)
                  80008780    000000a0                 : memory.obj (.text:_mremove)
                  80008820    000000a0                 : lowlev.obj (.text:_write)
                  800088c0    00000080                 : fixfu.obj (.text:__fixfu)
                  80008940    00000080                 : fltlid.obj (.text:__fltlid)
                  800089c0    00000080                 : llshift.obj (.text:__llshl)
                  80008a40    00000080                 : boot.obj (.text:_c_int00)
                  80008ac0    00000080                 : trgmsg.obj (.text:_readmsg)
                  80008b40    00000080                 : lowlev.obj (.text:_unlink)
                  80008bc0    00000060                 : cpp_init.obj (.text:___TI_cpp_init)
                  80008c20    00000060                 : imath64.obj (.text:__subcull)
                  80008c80    00000060                 : memccpy.obj (.text:_memccpy)
                  80008ce0    00000060                 : trgmsg.obj (.text:_writemsg)
                  80008d40    00000040                 : isinf.obj (.text:___isinf)
                  80008d80    00000040                 : _printfi.obj (.text:___isnan)
                  80008dc0    00000040                 : args_main.obj (.text:__args_main)
                  80008e00    00000040                 : frcmpyd_div.obj (.text:__frcmpyd_div)
                  80008e40    00000040                 : llshift.obj (.text:__llshru)
                  80008e80    00000040                 : imath40.obj (.text:__remli)
                  80008ec0    00000020                 : negll.obj (.text:__negll)
                  80008ee0    00000020                 : _lock.obj (.text:__nop)
                  80008f00    00000020                 : printf.obj (.text:__outc)
                  80008f20    00000020                 : printf.obj (.text:__outs)
                  80008f40    00000020                 : exit.obj (.text:_abort)
                  80008f60    00000020                 : remove.obj (.text:_remove)
                  80008f80    00000020     vectors_intr.obj (.text)
                  80008fa0    00000010     adaptive.obj ($Tramp$S$$_init)
                  80008fb0    00000010     adaptive.obj ($Tramp$S$$_adaptiveFilter)


FAR CALL TRAMPOLINES

callee name               trampoline name
   callee addr  tramp addr   call addr  call info
--------------  -----------  ---------  ----------------
$.adaptive:adaptive.obj$0x0  $Tramp$S$$_init
   11811b20     80008fa0     800074a8   template2.obj (.text)
$.adaptive:adaptive.obj$0x24  $Tramp$S$$_adaptiveFilter
   11811b44     80008fb0     8000680c   template2.obj (.text:retain)

[2 trampolines]
[2 trampoline calls]


GLOBAL SYMBOLS: SORTED ALPHABETICALLY BY Name 

address    name
--------   ----
11811780   $bss
11811780   .bss
11800804   .data
80000000   .text
80008f40   C$$EXIT
80008d38   C$$IO$$
800065a0   _AIC3106_init
80006698   _AIC3106_readRegister
800066f0   _AIC3106_writeRegister
11811458   _AIC31_data
80000f34   _EDMA3_PaRAM_setup
80001868   _EVMOMAPL138_enableDsp
80001680   _EVMOMAPL138_init
800016ac   _EVMOMAPL138_initRAM
80001930   _EVMOMAPL138_lpscTransition
80001894   _EVMOMAPL138_pinmuxConfig
80008000   _HOSTclose
800071c0   _HOSTlseek
800074c0   _HOSTopen
800075a0   _HOSTread
800068e0   _HOSTrename
80007a00   _HOSTunlink
80007ac0   _HOSTwrite
800033b4   _I2CGPIO_getInput
800034d0   _I2CGPIO_getInputAll
800032e0   _I2CGPIO_init
800035e0   _I2CGPIO_setOutput
80003728   _I2CGPIO_setOutputAll
80003fa0   _I2C_init
8000408c   _I2C_read
800041e8   _I2C_write
80000304   _L138_init_aic3106_registers
80001140   _L138_init_mcasp_edma
80000ad0   _L138_init_mcasp_intr
8000066c   _L138_init_mcasp_poll
80001504   _L138_initialise_edma
80000e28   _L138_initialise_intr
80000a08   _L138_initialise_poll
80006144   _USTIMER_delay
80006204   _USTIMER_get
80006060   _USTIMER_init
800061d4   _USTIMER_reset
80006218   _USTIMER_set
80002280   _UTIL_isUIBoardAttached
80002128   _UTIL_printMem
11811a00   __CIOBUF_
11811008   __STACK_END
00000800   __STACK_SIZE
00010000   __SYSMEM_SIZE
00000001   __TI_args_main
80008bc0   ___TI_cpp_init
11811454   ___TI_enable_exit_profile_output
ffffffff   ___TI_pprof_out_hndl
ffffffff   ___TI_prof_data_size
ffffffff   ___TI_prof_data_start
ffffffff   ___binit__
11811780   ___bss__
ffffffff   ___c_args__
11811480   ___cinit__
11800804   ___data__
11800804   ___edata__
118117a8   ___end__
80008fc0   ___etext__
80008d40   ___isinf
ffffffff   ___pinit__
80000000   ___text__
80008dc0   __args_main
80007b80   __auto_init
80007d00   __c6xabi_divu
800080a0   __cleanup
1181144c   __cleanup_ptr
80006e60   __closefile
11811618   __ctypes_
800022a0   __divd
80008140   __divli
80007d00   __divu
80006400   __divul
80005140   __divull
80007dc0   __doflush
11811450   __dtors_ptr
80008320   __fixdli
800088c0   __fixfu
80008940   __fltlid
80008e00   __frcmpyd_div
11811328   __ft_end
11811008   __ftable
800089c0   __llshl
80008e40   __llshru
11811460   __lock
80008ec0   __negll
80008ee0   __nop
800037c0   __printfi
80008e80   __remli
11810808   __stack
80008c20   __subcull
11800808   __sys_memory
118111e8   __tmpnams
11811464   __unlock
800072c0   __wrt_ok
80008f40   _abort
11811b44   _adaptiveFilter
80007680   _atoi
80008a40   _c_int00
80007760   _close
11811478   _codec_data
80001d08   _config_pll0
80001f44   _config_pll1
80008460   _copy_in
118117a0   _error
80007e80   _exit
11811794   _fb
11800400   _filter
80005a40   _fputc
80003c00   _fputs
80004ec0   _free
800070a0   _fseek
11811b20   _init
800002a0   _input_left_sample
8000023c   _input_right_sample
800001e0   _input_sample
80006740   _interrupt4
800085a0   _lseek
80007f40   _ltoa
800073c0   _main
80006a60   _malloc
80008c80   _memccpy
80008640   _memcpy
80007840   _memset
11800800   _offset
80000170   _output_left_sample
80000108   _output_right_sample
800000a4   _output_sample
1181179c   _p_xBuff
11811784   _pingIN
11811788   _pingOUT
1181178c   _pongIN
11811790   _pongOUT
8000008c   _prand
11811798   _prand_seed
80000038   _prbs
80007920   _printf
80005a40   _putc
80000000   _rand31_next
80008ac0   _readmsg
80008f60   _remove
80005e60   _setvbuf
1181145c   _sreg
80008b40   _unlink
11811820   _vector1
11811940   _vector10
11811960   _vector11
11811980   _vector12
118119a0   _vector13
118119c0   _vector14
118119e0   _vector15
11811840   _vector2
11811860   _vector3
118118a0   _vector5
118118c0   _vector6
118118e0   _vector7
11811900   _vector8
11811920   _vector9
11811800   _vectors
80008820   _write
80008ce0   _writemsg
11800000   _xBuff
ffffffff   binit
11811480   cinit
11800804   edata
118117a8   end
80008fc0   etext
ffffffff   pinit


GLOBAL SYMBOLS: SORTED BY Symbol Address 

address    name
--------   ----
00000001   __TI_args_main
00000800   __STACK_SIZE
00010000   __SYSMEM_SIZE
11800000   _xBuff
11800400   _filter
11800800   _offset
11800804   .data
11800804   ___data__
11800804   ___edata__
11800804   edata
11800808   __sys_memory
11810808   __stack
11811008   __STACK_END
11811008   __ftable
118111e8   __tmpnams
11811328   __ft_end
1181144c   __cleanup_ptr
11811450   __dtors_ptr
11811454   ___TI_enable_exit_profile_output
11811458   _AIC31_data
1181145c   _sreg
11811460   __lock
11811464   __unlock
11811478   _codec_data
11811480   ___cinit__
11811480   cinit
11811618   __ctypes_
11811780   $bss
11811780   .bss
11811780   ___bss__
11811784   _pingIN
11811788   _pingOUT
1181178c   _pongIN
11811790   _pongOUT
11811794   _fb
11811798   _prand_seed
1181179c   _p_xBuff
118117a0   _error
118117a8   ___end__
118117a8   end
11811800   _vectors
11811820   _vector1
11811840   _vector2
11811860   _vector3
118118a0   _vector5
118118c0   _vector6
118118e0   _vector7
11811900   _vector8
11811920   _vector9
11811940   _vector10
11811960   _vector11
11811980   _vector12
118119a0   _vector13
118119c0   _vector14
118119e0   _vector15
11811a00   __CIOBUF_
11811b20   _init
11811b44   _adaptiveFilter
80000000   .text
80000000   ___text__
80000000   _rand31_next
80000038   _prbs
8000008c   _prand
800000a4   _output_sample
80000108   _output_right_sample
80000170   _output_left_sample
800001e0   _input_sample
8000023c   _input_right_sample
800002a0   _input_left_sample
80000304   _L138_init_aic3106_registers
8000066c   _L138_init_mcasp_poll
80000a08   _L138_initialise_poll
80000ad0   _L138_init_mcasp_intr
80000e28   _L138_initialise_intr
80000f34   _EDMA3_PaRAM_setup
80001140   _L138_init_mcasp_edma
80001504   _L138_initialise_edma
80001680   _EVMOMAPL138_init
800016ac   _EVMOMAPL138_initRAM
80001868   _EVMOMAPL138_enableDsp
80001894   _EVMOMAPL138_pinmuxConfig
80001930   _EVMOMAPL138_lpscTransition
80001d08   _config_pll0
80001f44   _config_pll1
80002128   _UTIL_printMem
80002280   _UTIL_isUIBoardAttached
800022a0   __divd
800032e0   _I2CGPIO_init
800033b4   _I2CGPIO_getInput
800034d0   _I2CGPIO_getInputAll
800035e0   _I2CGPIO_setOutput
80003728   _I2CGPIO_setOutputAll
800037c0   __printfi
80003c00   _fputs
80003fa0   _I2C_init
8000408c   _I2C_read
800041e8   _I2C_write
80004ec0   _free
80005140   __divull
80005a40   _fputc
80005a40   _putc
80005e60   _setvbuf
80006060   _USTIMER_init
80006144   _USTIMER_delay
800061d4   _USTIMER_reset
80006204   _USTIMER_get
80006218   _USTIMER_set
80006400   __divul
800065a0   _AIC3106_init
80006698   _AIC3106_readRegister
800066f0   _AIC3106_writeRegister
80006740   _interrupt4
800068e0   _HOSTrename
80006a60   _malloc
80006e60   __closefile
800070a0   _fseek
800071c0   _HOSTlseek
800072c0   __wrt_ok
800073c0   _main
800074c0   _HOSTopen
800075a0   _HOSTread
80007680   _atoi
80007760   _close
80007840   _memset
80007920   _printf
80007a00   _HOSTunlink
80007ac0   _HOSTwrite
80007b80   __auto_init
80007d00   __c6xabi_divu
80007d00   __divu
80007dc0   __doflush
80007e80   _exit
80007f40   _ltoa
80008000   _HOSTclose
800080a0   __cleanup
80008140   __divli
80008320   __fixdli
80008460   _copy_in
800085a0   _lseek
80008640   _memcpy
80008820   _write
800088c0   __fixfu
80008940   __fltlid
800089c0   __llshl
80008a40   _c_int00
80008ac0   _readmsg
80008b40   _unlink
80008bc0   ___TI_cpp_init
80008c20   __subcull
80008c80   _memccpy
80008ce0   _writemsg
80008d38   C$$IO$$
80008d40   ___isinf
80008dc0   __args_main
80008e00   __frcmpyd_div
80008e40   __llshru
80008e80   __remli
80008ec0   __negll
80008ee0   __nop
80008f40   C$$EXIT
80008f40   _abort
80008f60   _remove
80008fc0   ___etext__
80008fc0   etext
ffffffff   ___TI_pprof_out_hndl
ffffffff   ___TI_prof_data_size
ffffffff   ___TI_prof_data_start
ffffffff   ___binit__
ffffffff   ___c_args__
ffffffff   ___pinit__
ffffffff   binit
ffffffff   pinit

[172 symbols]
