******************************************************************************
               TMS320C6x Linker PC v7.4.24                     
******************************************************************************
>> Linked Wed Apr 17 19:59:03 2019

OUTPUT FILE NAME:   <Lab6.out>
ENTRY POINT SYMBOL: "_c_int00"  address: 800089a0


MEMORY CONFIGURATION

         name            origin    length      used     unused   attr    fill
----------------------  --------  ---------  --------  --------  ----  --------
  SHDSPL2ROM            11700000   00100000  00000000  00100000  RWIX
  ARRAY_DATA_MEM1       11800000   000000a0  000000a0  00000000  RWIX
  ARRAY_DATA_MEM2       118000a0   00000050  00000050  00000000  RWIX
  SHDSPL2RAM            118000f0   0003ff10  000116f3  0002e81d  RWIX
  SHDSPL1PRAM           11e00000   00008000  00000000  00008000  RWIX
  SHDSPL1DRAM           11f00000   00008000  00000000  00008000  RWIX
  EMIFACS0              40000000   20000000  00000000  20000000  RWIX
  EMIFACS2              60000000   02000000  00000000  02000000  RWIX
  EMIFACS3              62000000   02000000  00000000  02000000  RWIX
  EMIFACS4              64000000   02000000  00000000  02000000  RWIX
  EMIFACS5              66000000   02000000  00000000  02000000  RWIX
  SHRAM                 80000000   00020000  00008f20  000170e0  RWIX
  EXT_DDR2              c0000000   08000000  00000000  08000000  RWIX


SECTION ALLOCATION MAP

 output                                  attributes/
section   page    origin      length       input sections
--------  ----  ----------  ----------   ----------------
arraySect 
*          0    11800000    000000a0     UNINITIALIZED
                  11800000    000000a0     cascade.obj (arraySect)

array2Sect 
*          0    118000a0    00000050     UNINITIALIZED
                  118000a0    00000050     cascade.obj (array2Sect)

.data      0    118000f0    00000000     UNINITIALIZED

.sysmem    0    118000f0    00010000     UNINITIALIZED
                  118000f0    00000008     rts6740.lib : memory.obj (.sysmem)
                  118000f8    0000fff8     --HOLE--

.stack     0    118100f0    00000800     UNINITIALIZED
                  118100f0    00000008     rts6740.lib : boot.obj (.stack)
                  118100f8    000007f8     --HOLE--

.far       0    118108f0    00000474     UNINITIALIZED
                  118108f0    00000324     rts6740.lib : defs.obj (.far)
                  11810c14    00000004                 : fopen.obj (.far)
                  11810c18    0000011c                 : lowlev.obj (.far)
                  11810d34    0000000c                 : exit.obj (.far)
                  11810d40    00000008     L138_aic3106_init.obj (.far)
                  11810d48    00000008     rts6740.lib : _lock.obj (.far)
                  11810d50    00000008                 : memory.obj (.far)
                  11810d58    00000008                 : trgdrv.obj (.far)
                  11810d60    00000004     template2.obj (.far)

.fixed     0    11810d80    00000300     
                  11810d80    00000240     cascade.obj (.fixed)
                  11810fc0    000000a0     fixedPoint.obj (.fixed)
                  11811060    00000010     L138_aic3106_init.obj ($Tramp$S$$_output_sample)
                  11811070    00000010     L138_aic3106_init.obj ($Tramp$S$$_input_sample)

.const     0    11811080    00000277     
                  11811080    00000101     rts6740.lib : ctype.obj (.const:.string:__ctypes_)
                  11811181    00000002                 : fputs.obj (.const:.string)
                  11811183    00000005     --HOLE-- [fill = 0]
                  11811188    00000084     template2.obj (.const:_Cascade_Den)
                  1181120c    00000004     --HOLE-- [fill = 0]
                  11811210    00000084     template2.obj (.const:_Cascade_Num)
                  11811294    00000040     evmomapl138_bsl.lib : evmomapl138.obj (.const:.string)
                  118112d4    00000023     rts6740.lib : _printfi.obj (.const:.string)

.bss       0    118112f8    00000034     UNINITIALIZED
                  118112f8    0000001c     L138_aic3106_init.obj (.bss)
                  11811314    00000014     template2.obj (.bss)
                  11811328    00000004     evmomapl138_bsl.lib : evmomapl138_i2c.obj (.bss)

.vecs      0    11811400    00000200     
                  11811400    00000200     vectors_intr.obj (.vecs)

.cinit     0    11811600    000001b4     
                  11811600    0000005c     rts6740.lib : defs.obj (.cinit)
                  1181165c    00000004     --HOLE-- [fill = 0]
                  11811660    0000005c                 : lowlev.obj (.cinit)
                  118116bc    00000004     --HOLE-- [fill = 0]
                  118116c0    0000002c     L138_aic3106_init.obj (.cinit)
                  118116ec    00000004     --HOLE-- [fill = 0]
                  118116f0    0000002c     rts6740.lib : exit.obj (.cinit)
                  1181171c    00000004     --HOLE-- [fill = 0]
                  11811720    0000002c                 : memory.obj (.cinit)
                  1181174c    00000004     --HOLE-- [fill = 0]
                  11811750    0000002c     template2.obj (.cinit)
                  1181177c    00000004     --HOLE-- [fill = 0]
                  11811780    0000001c     rts6740.lib : _lock.obj (.cinit)
                  1181179c    00000004     --HOLE-- [fill = 0]
                  118117a0    0000000c                 : fopen.obj (.cinit)
                  118117ac    00000004     --HOLE-- [fill = 0]
                  118117b0    00000004     (.pad.cinit) [fill = 0]

.cio       0    118117b8    00000120     UNINITIALIZED
                  118117b8    00000120     rts6740.lib : trgmsg.obj (.cio)

.text      0    80000000    00008f20     
                  80000000    00001680     L138_aic3106_init.obj (.text)
                  80001680    00000c20     evmomapl138_bsl.lib : evmomapl138.obj (.text)
                  800022a0    000005a0     rts6740.lib : divd.obj (.text:__divd)
                  80002840    00000580                 : _printfi.obj (.text:__getarg_diouxp)
                  80002dc0    00000520                 : _printfi.obj (.text:__setfield)
                  800032e0    000004e0     evmomapl138_bsl.lib : evmomapl138_i2c_gpio.obj (.text)
                  800037c0    00000440     rts6740.lib : _printfi.obj (.text:__printfi)
                  80003c00    000003a0                 : fputs.obj (.text:_fputs)
                  80003fa0    00000380     evmomapl138_bsl.lib : evmomapl138_i2c.obj (.text)
                  80004320    00000320     rts6740.lib : _printfi.obj (.text:__pproc_fge)
                  80004640    000002e0                 : _printfi.obj (.text:_ecvt)
                  80004920    000002e0                 : _printfi.obj (.text:_fcvt)
                  80004c00    000002c0                 : _printfi.obj (.text:__pproc_fwp)
                  80004ec0    00000280                 : memory.obj (.text:_free)
                  80005140    00000280     template2.obj (.text)
                  800053c0    00000260     rts6740.lib : imath64.obj (.text:__divull)
                  80005620    00000240                 : _printfi.obj (.text:__pconv_e)
                  80005860    00000240                 : _printfi.obj (.text:__pproc_diouxp)
                  80005aa0    00000220                 : _printfi.obj (.text:__pproc_str)
                  80005cc0    00000220                 : fputc.obj (.text:_fputc)
                  80005ee0    00000200                 : _printfi.obj (.text:__pconv_g)
                  800060e0    00000200                 : setvbuf.obj (.text:_setvbuf)
                  800062e0    000001e0     evmomapl138_bsl.lib : evmomapl138_timer.obj (.text)
                  800064c0    000001c0     rts6740.lib : _printfi.obj (.text:__mcpy)
                  80006680    000001a0                 : imath40.obj (.text:__divul)
                  80006820    000001a0     evmomapl138_bsl.lib : evmomapl138_aic3106.obj (.text)
                  800069c0    00000180     rts6740.lib : trgdrv.obj (.text:_HOSTrename)
                  80006b40    00000180                 : memory.obj (.text:_malloc)
                  80006cc0    00000140                 : _printfi.obj (.text:__pproc_fflags)
                  80006e00    00000140                 : lowlev.obj (.text:_getdevice)
                  80006f40    00000120                 : fclose.obj (.text:__closefile)
                  80007060    00000120                 : _printfi.obj (.text:__ltostr)
                  80007180    00000120                 : fseek.obj (.text:_fseek)
                  800072a0    00000100                 : trgdrv.obj (.text:_HOSTlseek)
                  800073a0    00000100                 : _io_perm.obj (.text:__wrt_ok)
                  800074a0    000000e0                 : trgdrv.obj (.text:_HOSTopen)
                  80007580    000000e0                 : trgdrv.obj (.text:_HOSTread)
                  80007660    000000e0                 : atoi.obj (.text:_atoi)
                  80007740    000000e0                 : lowlev.obj (.text:_close)
                  80007820    000000e0                 : memset.obj (.text:_memset)
                  80007900    000000e0                 : printf.obj (.text:_printf)
                  800079e0    000000c0                 : trgdrv.obj (.text:_HOSTunlink)
                  80007aa0    000000c0                 : trgdrv.obj (.text:_HOSTwrite)
                  80007b60    000000c0                 : autoinit.obj (.text:__auto_init)
                  80007c20    000000c0                 : _printfi.obj (.text:__div)
                  80007ce0    000000c0                 : divu.obj (.text:__divu)
                  80007da0    000000c0                 : fflush.obj (.text:__doflush)
                  80007e60    000000c0                 : exit.obj (.text:_exit)
                  80007f20    000000c0                 : ltoa.obj (.text:_ltoa)
                  80007fe0    000000a0                 : trgdrv.obj (.text:_HOSTclose)
                  80008080    000000a0                 : fopen.obj (.text:__cleanup)
                  80008120    000000a0                 : imath40.obj (.text:__divli)
                  800081c0    000000a0                 : _printfi.obj (.text:__ecpy)
                  80008260    000000a0                 : _printfi.obj (.text:__fcpy)
                  80008300    000000a0                 : fixdli.obj (.text:__fixdli)
                  800083a0    000000a0                 : _printfi.obj (.text:__pconv_f)
                  80008440    000000a0                 : cpy_tbl.obj (.text:_copy_in)
                  800084e0    000000a0                 : lowlev.obj (.text:_finddevice)
                  80008580    000000a0                 : lowlev.obj (.text:_lseek)
                  80008620    000000a0                 : memcpy64.obj (.text:_memcpy)
                  800086c0    000000a0                 : memory.obj (.text:_minsert)
                  80008760    000000a0                 : memory.obj (.text:_mremove)
                  80008800    000000a0                 : lowlev.obj (.text:_write)
                  800088a0    00000080                 : fltlid.obj (.text:__fltlid)
                  80008920    00000080                 : llshift.obj (.text:__llshl)
                  800089a0    00000080                 : boot.obj (.text:_c_int00)
                  80008a20    00000080                 : trgmsg.obj (.text:_readmsg)
                  80008aa0    00000080                 : lowlev.obj (.text:_unlink)
                  80008b20    00000060                 : cpp_init.obj (.text:___TI_cpp_init)
                  80008b80    00000060                 : imath64.obj (.text:__subcull)
                  80008be0    00000060                 : memccpy.obj (.text:_memccpy)
                  80008c40    00000060                 : trgmsg.obj (.text:_writemsg)
                  80008ca0    00000040                 : isinf.obj (.text:___isinf)
                  80008ce0    00000040                 : _printfi.obj (.text:___isnan)
                  80008d20    00000040                 : args_main.obj (.text:__args_main)
                  80008d60    00000040                 : frcmpyd_div.obj (.text:__frcmpyd_div)
                  80008da0    00000040                 : llshift.obj (.text:__llshru)
                  80008de0    00000040                 : imath40.obj (.text:__remli)
                  80008e20    00000020                 : negll.obj (.text:__negll)
                  80008e40    00000020                 : _lock.obj (.text:__nop)
                  80008e60    00000020                 : printf.obj (.text:__outc)
                  80008e80    00000020                 : printf.obj (.text:__outs)
                  80008ea0    00000020                 : exit.obj (.text:_abort)
                  80008ec0    00000020                 : remove.obj (.text:_remove)
                  80008ee0    00000020     vectors_intr.obj (.text)
                  80008f00    00000010     fixedPoint.obj ($Tramp$S$$_float2Fixed)
                  80008f10    00000010     --HOLE-- [fill = 00000000]


FAR CALL TRAMPOLINES

callee name               trampoline name
   callee addr  tramp addr   call addr  call info
--------------  -----------  ---------  ----------------
$.fixed:fixedPoint.obj$0x0  $Tramp$S$$_float2Fixed
   11810fc0     80008f00     80005188   template2.obj (.text)
                             8000526c   template2.obj (.text)
                             80005294   template2.obj (.text)
                             800052b0   template2.obj (.text)
$.text:L138_aic3106_init.obj$0xa4  $Tramp$S$$_output_sample
   800000a4     11811060     11810e34   cascade.obj (.fixed)
$.text:L138_aic3106_init.obj$0x1e0  $Tramp$S$$_input_sample
   800001e0     11811070     11810da8   cascade.obj (.fixed)

[3 trampolines]
[6 trampoline calls]


GLOBAL SYMBOLS: SORTED ALPHABETICALLY BY Name 

address    name
--------   ----
118112f8   $bss
118112f8   .bss
118000f0   .data
80000000   .text
80008ea0   C$$EXIT
80008c98   C$$IO$$
80006820   _AIC3106_init
80006918   _AIC3106_readRegister
80006970   _AIC3106_writeRegister
11810d40   _AIC31_data
11811188   _Cascade_Den
11811210   _Cascade_Num
11811318   _DL
80000f34   _EDMA3_PaRAM_setup
80001868   _EVMOMAPL138_enableDsp
80001680   _EVMOMAPL138_init
800016ac   _EVMOMAPL138_initRAM
80001930   _EVMOMAPL138_lpscTransition
80001894   _EVMOMAPL138_pinmuxConfig
80007fe0   _HOSTclose
800072a0   _HOSTlseek
800074a0   _HOSTopen
80007580   _HOSTread
800069c0   _HOSTrename
800079e0   _HOSTunlink
80007aa0   _HOSTwrite
800033b4   _I2CGPIO_getInput
800034d0   _I2CGPIO_getInputAll
800032e0   _I2CGPIO_init
800035e0   _I2CGPIO_setOutput
80003728   _I2CGPIO_setOutputAll
80003fa0   _I2C_init
8000408c   _I2C_read
800041e8   _I2C_write
80000304   _L138_init_aic3106_registers
80001140   _L138_init_mcasp_edma
80000ad0   _L138_init_mcasp_intr
8000066c   _L138_init_mcasp_poll
80001504   _L138_initialise_edma
80000e28   _L138_initialise_intr
80000a08   _L138_initialise_poll
11811314   _NL
800063c4   _USTIMER_delay
80006484   _USTIMER_get
800062e0   _USTIMER_init
80006454   _USTIMER_reset
80006498   _USTIMER_set
80002280   _UTIL_isUIBoardAttached
80002128   _UTIL_printMem
118117b8   __CIOBUF_
118108f0   __STACK_END
00000800   __STACK_SIZE
00010000   __SYSMEM_SIZE
00000001   __TI_args_main
80008b20   ___TI_cpp_init
11810d3c   ___TI_enable_exit_profile_output
ffffffff   ___TI_pprof_out_hndl
ffffffff   ___TI_prof_data_size
ffffffff   ___TI_prof_data_start
ffffffff   ___binit__
118112f8   ___bss__
ffffffff   ___c_args__
11811600   ___cinit__
118000f0   ___data__
118000f0   ___edata__
1181132c   ___end__
80008f20   ___etext__
80008ca0   ___isinf
ffffffff   ___pinit__
80000000   ___text__
80008d20   __args_main
80007b60   __auto_init
80007ce0   __c6xabi_divu
80008080   __cleanup
11810d34   __cleanup_ptr
80006f40   __closefile
11811080   __ctypes_
800022a0   __divd
80008120   __divli
80007ce0   __divu
80006680   __divul
800053c0   __divull
80007da0   __doflush
11810d38   __dtors_ptr
80008300   __fixdli
800088a0   __fltlid
80008d60   __frcmpyd_div
11810c10   __ft_end
118108f0   __ftable
80008920   __llshl
80008da0   __llshru
11810d48   __lock
80008e20   __negll
80008e40   __nop
800037c0   __printfi
80008de0   __remli
118100f0   __stack
80008b80   __subcull
118000f0   __sys_memory
11810ad0   __tmpnams
11810d4c   __unlock
800073a0   __wrt_ok
80008ea0   _abort
80007660   _atoi
800089a0   _c_int00
11810d80   _cascade
11810e70   _cascadeSection
80007740   _close
11810d60   _codec_data
80001d08   _config_pll0
80001f44   _config_pll1
80008440   _copy_in
118000a0   _dBuffer
11811320   _dOffset
80007e60   _exit
1181130c   _fb
11800000   _filterSections
11810f70   _fixedMpy
11810fc0   _float2Fixed
80005cc0   _fputc
80003c00   _fputs
80004ec0   _free
80007180   _fseek
1181131c   _gain
11811324   _i
800002a0   _input_left_sample
8000023c   _input_right_sample
800001e0   _input_sample
80008580   _lseek
80007f20   _ltoa
80005140   _main
80006b40   _malloc
80008be0   _memccpy
80008620   _memcpy
80007820   _memset
80000170   _output_left_sample
80000108   _output_right_sample
800000a4   _output_sample
118112fc   _pingIN
11811300   _pingOUT
11811304   _pongIN
11811308   _pongOUT
8000008c   _prand
11811310   _prand_seed
80000038   _prbs
80007900   _printf
80005cc0   _putc
80000000   _rand31_next
80008a20   _readmsg
80008ec0   _remove
11810f84   _round
800060e0   _setvbuf
11810d44   _sreg
80008aa0   _unlink
11811420   _vector1
11811540   _vector10
11811560   _vector11
11811580   _vector12
118115a0   _vector13
118115c0   _vector14
118115e0   _vector15
11811440   _vector2
11811460   _vector3
118114a0   _vector5
118114c0   _vector6
118114e0   _vector7
11811500   _vector8
11811520   _vector9
11811400   _vectors
80008800   _write
80008c40   _writemsg
ffffffff   binit
11811600   cinit
118000f0   edata
1181132c   end
80008f20   etext
ffffffff   pinit


GLOBAL SYMBOLS: SORTED BY Symbol Address 

address    name
--------   ----
00000001   __TI_args_main
00000800   __STACK_SIZE
00010000   __SYSMEM_SIZE
11800000   _filterSections
118000a0   _dBuffer
118000f0   .data
118000f0   ___data__
118000f0   ___edata__
118000f0   __sys_memory
118000f0   edata
118100f0   __stack
118108f0   __STACK_END
118108f0   __ftable
11810ad0   __tmpnams
11810c10   __ft_end
11810d34   __cleanup_ptr
11810d38   __dtors_ptr
11810d3c   ___TI_enable_exit_profile_output
11810d40   _AIC31_data
11810d44   _sreg
11810d48   __lock
11810d4c   __unlock
11810d60   _codec_data
11810d80   _cascade
11810e70   _cascadeSection
11810f70   _fixedMpy
11810f84   _round
11810fc0   _float2Fixed
11811080   __ctypes_
11811188   _Cascade_Den
11811210   _Cascade_Num
118112f8   $bss
118112f8   .bss
118112f8   ___bss__
118112fc   _pingIN
11811300   _pingOUT
11811304   _pongIN
11811308   _pongOUT
1181130c   _fb
11811310   _prand_seed
11811314   _NL
11811318   _DL
1181131c   _gain
11811320   _dOffset
11811324   _i
1181132c   ___end__
1181132c   end
11811400   _vectors
11811420   _vector1
11811440   _vector2
11811460   _vector3
118114a0   _vector5
118114c0   _vector6
118114e0   _vector7
11811500   _vector8
11811520   _vector9
11811540   _vector10
11811560   _vector11
11811580   _vector12
118115a0   _vector13
118115c0   _vector14
118115e0   _vector15
11811600   ___cinit__
11811600   cinit
118117b8   __CIOBUF_
80000000   .text
80000000   ___text__
80000000   _rand31_next
80000038   _prbs
8000008c   _prand
800000a4   _output_sample
80000108   _output_right_sample
80000170   _output_left_sample
800001e0   _input_sample
8000023c   _input_right_sample
800002a0   _input_left_sample
80000304   _L138_init_aic3106_registers
8000066c   _L138_init_mcasp_poll
80000a08   _L138_initialise_poll
80000ad0   _L138_init_mcasp_intr
80000e28   _L138_initialise_intr
80000f34   _EDMA3_PaRAM_setup
80001140   _L138_init_mcasp_edma
80001504   _L138_initialise_edma
80001680   _EVMOMAPL138_init
800016ac   _EVMOMAPL138_initRAM
80001868   _EVMOMAPL138_enableDsp
80001894   _EVMOMAPL138_pinmuxConfig
80001930   _EVMOMAPL138_lpscTransition
80001d08   _config_pll0
80001f44   _config_pll1
80002128   _UTIL_printMem
80002280   _UTIL_isUIBoardAttached
800022a0   __divd
800032e0   _I2CGPIO_init
800033b4   _I2CGPIO_getInput
800034d0   _I2CGPIO_getInputAll
800035e0   _I2CGPIO_setOutput
80003728   _I2CGPIO_setOutputAll
800037c0   __printfi
80003c00   _fputs
80003fa0   _I2C_init
8000408c   _I2C_read
800041e8   _I2C_write
80004ec0   _free
80005140   _main
800053c0   __divull
80005cc0   _fputc
80005cc0   _putc
800060e0   _setvbuf
800062e0   _USTIMER_init
800063c4   _USTIMER_delay
80006454   _USTIMER_reset
80006484   _USTIMER_get
80006498   _USTIMER_set
80006680   __divul
80006820   _AIC3106_init
80006918   _AIC3106_readRegister
80006970   _AIC3106_writeRegister
800069c0   _HOSTrename
80006b40   _malloc
80006f40   __closefile
80007180   _fseek
800072a0   _HOSTlseek
800073a0   __wrt_ok
800074a0   _HOSTopen
80007580   _HOSTread
80007660   _atoi
80007740   _close
80007820   _memset
80007900   _printf
800079e0   _HOSTunlink
80007aa0   _HOSTwrite
80007b60   __auto_init
80007ce0   __c6xabi_divu
80007ce0   __divu
80007da0   __doflush
80007e60   _exit
80007f20   _ltoa
80007fe0   _HOSTclose
80008080   __cleanup
80008120   __divli
80008300   __fixdli
80008440   _copy_in
80008580   _lseek
80008620   _memcpy
80008800   _write
800088a0   __fltlid
80008920   __llshl
800089a0   _c_int00
80008a20   _readmsg
80008aa0   _unlink
80008b20   ___TI_cpp_init
80008b80   __subcull
80008be0   _memccpy
80008c40   _writemsg
80008c98   C$$IO$$
80008ca0   ___isinf
80008d20   __args_main
80008d60   __frcmpyd_div
80008da0   __llshru
80008de0   __remli
80008e20   __negll
80008e40   __nop
80008ea0   C$$EXIT
80008ea0   _abort
80008ec0   _remove
80008f20   ___etext__
80008f20   etext
ffffffff   ___TI_pprof_out_hndl
ffffffff   ___TI_prof_data_size
ffffffff   ___TI_prof_data_start
ffffffff   ___binit__
ffffffff   ___c_args__
ffffffff   ___pinit__
ffffffff   binit
ffffffff   pinit

[177 symbols]
