<?xml version="1.0"?>
<link_info>
   <banner>TMS320C6x Linker PC v7.4.24</banner>
   <copyright>Copyright (c) 1996-2017 Texas Instruments Incorporated</copyright>
   <link_time>0x5cc0b7b8</link_time>
   <output_file>Lab6.out</output_file>
   <entry_point>
      <name>_c_int00</name>
      <address>0x80008bc0</address>
   </entry_point>
   <input_file_list>
      <input_file id="fl-2">
         <path>.\Lab Files\</path>
         <kind>object</kind>
         <file>L138_aic3106_init.obj</file>
         <name>L138_aic3106_init.obj</name>
      </input_file>
      <input_file id="fl-3">
         <path>.\Lab Files\</path>
         <kind>object</kind>
         <file>cascade.obj</file>
         <name>cascade.obj</name>
      </input_file>
      <input_file id="fl-4">
         <path>.\Lab Files\</path>
         <kind>object</kind>
         <file>template2.obj</file>
         <name>template2.obj</name>
      </input_file>
      <input_file id="fl-5">
         <path>.\Lab Files\</path>
         <kind>object</kind>
         <file>vectors_intr.obj</file>
         <name>vectors_intr.obj</name>
      </input_file>
      <input_file id="fl-81">
         <path>C:\ti\ccsv8\tools\compiler\c6000_7.4.24\lib\</path>
         <kind>archive</kind>
         <file>rts6740.lib</file>
         <name>boot.obj</name>
      </input_file>
      <input_file id="fl-82">
         <path>C:\ti\ccsv8\tools\compiler\c6000_7.4.24\lib\</path>
         <kind>archive</kind>
         <file>rts6740.lib</file>
         <name>divf.obj</name>
      </input_file>
      <input_file id="fl-83">
         <path>C:\ti\ccsv8\tools\compiler\c6000_7.4.24\lib\</path>
         <kind>archive</kind>
         <file>rts6740.lib</file>
         <name>exit.obj</name>
      </input_file>
      <input_file id="fl-84">
         <path>C:\ti\ccsv8\tools\compiler\c6000_7.4.24\lib\</path>
         <kind>archive</kind>
         <file>rts6740.lib</file>
         <name>memory.obj</name>
      </input_file>
      <input_file id="fl-85">
         <path>C:\ti\ccsv8\tools\compiler\c6000_7.4.24\lib\</path>
         <kind>archive</kind>
         <file>rts6740.lib</file>
         <name>memset.obj</name>
      </input_file>
      <input_file id="fl-86">
         <path>C:\ti\ccsv8\tools\compiler\c6000_7.4.24\lib\</path>
         <kind>archive</kind>
         <file>rts6740.lib</file>
         <name>_lock.obj</name>
      </input_file>
      <input_file id="fl-87">
         <path>C:\ti\ccsv8\tools\compiler\c6000_7.4.24\lib\</path>
         <kind>archive</kind>
         <file>rts6740.lib</file>
         <name>args_main.obj</name>
      </input_file>
      <input_file id="fl-88">
         <path>C:\ti\ccsv8\tools\compiler\c6000_7.4.24\lib\</path>
         <kind>archive</kind>
         <file>rts6740.lib</file>
         <name>autoinit.obj</name>
      </input_file>
      <input_file id="fl-89">
         <path>C:\ti\ccsv8\tools\compiler\c6000_7.4.24\lib\</path>
         <kind>archive</kind>
         <file>rts6740.lib</file>
         <name>cpp_init.obj</name>
      </input_file>
      <input_file id="fl-8a">
         <path>C:\ti\ccsv8\tools\compiler\c6000_7.4.24\lib\</path>
         <kind>archive</kind>
         <file>rts6740.lib</file>
         <name>cpy_tbl.obj</name>
      </input_file>
      <input_file id="fl-8b">
         <path>C:\ti\ccsv8\tools\compiler\c6000_7.4.24\lib\</path>
         <kind>archive</kind>
         <file>rts6740.lib</file>
         <name>memcpy64.obj</name>
      </input_file>
      <input_file id="fl-8c">
         <path>C:\Users\Public\Documents\dsp_bsl\lib\</path>
         <kind>archive</kind>
         <file>evmomapl138_bsl.lib</file>
         <name>evmomapl138_timer.obj</name>
      </input_file>
      <input_file id="fl-8d">
         <path>C:\Users\Public\Documents\dsp_bsl\lib\</path>
         <kind>archive</kind>
         <file>evmomapl138_bsl.lib</file>
         <name>evmomapl138_aic3106.obj</name>
      </input_file>
      <input_file id="fl-8e">
         <path>C:\Users\Public\Documents\dsp_bsl\lib\</path>
         <kind>archive</kind>
         <file>evmomapl138_bsl.lib</file>
         <name>evmomapl138.obj</name>
      </input_file>
      <input_file id="fl-8f">
         <path>C:\Users\Public\Documents\dsp_bsl\lib\</path>
         <kind>archive</kind>
         <file>evmomapl138_bsl.lib</file>
         <name>evmomapl138_i2c_gpio.obj</name>
      </input_file>
      <input_file id="fl-90">
         <path>C:\Users\Public\Documents\dsp_bsl\lib\</path>
         <kind>archive</kind>
         <file>evmomapl138_bsl.lib</file>
         <name>evmomapl138_i2c.obj</name>
      </input_file>
      <input_file id="fl-91">
         <path>C:\ti\ccsv8\tools\compiler\c6000_7.4.24\lib\</path>
         <kind>archive</kind>
         <file>rts6740.lib</file>
         <name>printf.obj</name>
      </input_file>
      <input_file id="fl-92">
         <path>C:\ti\ccsv8\tools\compiler\c6000_7.4.24\lib\</path>
         <kind>archive</kind>
         <file>rts6740.lib</file>
         <name>_printfi.obj</name>
      </input_file>
      <input_file id="fl-93">
         <path>C:\ti\ccsv8\tools\compiler\c6000_7.4.24\lib\</path>
         <kind>archive</kind>
         <file>rts6740.lib</file>
         <name>atoi.obj</name>
      </input_file>
      <input_file id="fl-94">
         <path>C:\ti\ccsv8\tools\compiler\c6000_7.4.24\lib\</path>
         <kind>archive</kind>
         <file>rts6740.lib</file>
         <name>ctype.obj</name>
      </input_file>
      <input_file id="fl-95">
         <path>C:\ti\ccsv8\tools\compiler\c6000_7.4.24\lib\</path>
         <kind>archive</kind>
         <file>rts6740.lib</file>
         <name>defs.obj</name>
      </input_file>
      <input_file id="fl-96">
         <path>C:\ti\ccsv8\tools\compiler\c6000_7.4.24\lib\</path>
         <kind>archive</kind>
         <file>rts6740.lib</file>
         <name>divd.obj</name>
      </input_file>
      <input_file id="fl-97">
         <path>C:\ti\ccsv8\tools\compiler\c6000_7.4.24\lib\</path>
         <kind>archive</kind>
         <file>rts6740.lib</file>
         <name>divu.obj</name>
      </input_file>
      <input_file id="fl-98">
         <path>C:\ti\ccsv8\tools\compiler\c6000_7.4.24\lib\</path>
         <kind>archive</kind>
         <file>rts6740.lib</file>
         <name>fixdli.obj</name>
      </input_file>
      <input_file id="fl-99">
         <path>C:\ti\ccsv8\tools\compiler\c6000_7.4.24\lib\</path>
         <kind>archive</kind>
         <file>rts6740.lib</file>
         <name>fltlid.obj</name>
      </input_file>
      <input_file id="fl-9a">
         <path>C:\ti\ccsv8\tools\compiler\c6000_7.4.24\lib\</path>
         <kind>archive</kind>
         <file>rts6740.lib</file>
         <name>fputc.obj</name>
      </input_file>
      <input_file id="fl-9b">
         <path>C:\ti\ccsv8\tools\compiler\c6000_7.4.24\lib\</path>
         <kind>archive</kind>
         <file>rts6740.lib</file>
         <name>fputs.obj</name>
      </input_file>
      <input_file id="fl-9c">
         <path>C:\ti\ccsv8\tools\compiler\c6000_7.4.24\lib\</path>
         <kind>archive</kind>
         <file>rts6740.lib</file>
         <name>frcmpyd_div.obj</name>
      </input_file>
      <input_file id="fl-9d">
         <path>C:\ti\ccsv8\tools\compiler\c6000_7.4.24\lib\</path>
         <kind>archive</kind>
         <file>rts6740.lib</file>
         <name>imath40.obj</name>
      </input_file>
      <input_file id="fl-9e">
         <path>C:\ti\ccsv8\tools\compiler\c6000_7.4.24\lib\</path>
         <kind>archive</kind>
         <file>rts6740.lib</file>
         <name>imath64.obj</name>
      </input_file>
      <input_file id="fl-9f">
         <path>C:\ti\ccsv8\tools\compiler\c6000_7.4.24\lib\</path>
         <kind>archive</kind>
         <file>rts6740.lib</file>
         <name>isinf.obj</name>
      </input_file>
      <input_file id="fl-a0">
         <path>C:\ti\ccsv8\tools\compiler\c6000_7.4.24\lib\</path>
         <kind>archive</kind>
         <file>rts6740.lib</file>
         <name>llshift.obj</name>
      </input_file>
      <input_file id="fl-a1">
         <path>C:\ti\ccsv8\tools\compiler\c6000_7.4.24\lib\</path>
         <kind>archive</kind>
         <file>rts6740.lib</file>
         <name>lowlev.obj</name>
      </input_file>
      <input_file id="fl-a2">
         <path>C:\ti\ccsv8\tools\compiler\c6000_7.4.24\lib\</path>
         <kind>archive</kind>
         <file>rts6740.lib</file>
         <name>ltoa.obj</name>
      </input_file>
      <input_file id="fl-a3">
         <path>C:\ti\ccsv8\tools\compiler\c6000_7.4.24\lib\</path>
         <kind>archive</kind>
         <file>rts6740.lib</file>
         <name>memccpy.obj</name>
      </input_file>
      <input_file id="fl-a4">
         <path>C:\ti\ccsv8\tools\compiler\c6000_7.4.24\lib\</path>
         <kind>archive</kind>
         <file>rts6740.lib</file>
         <name>negll.obj</name>
      </input_file>
      <input_file id="fl-a5">
         <path>C:\ti\ccsv8\tools\compiler\c6000_7.4.24\lib\</path>
         <kind>archive</kind>
         <file>rts6740.lib</file>
         <name>trgdrv.obj</name>
      </input_file>
      <input_file id="fl-a6">
         <path>C:\ti\ccsv8\tools\compiler\c6000_7.4.24\lib\</path>
         <kind>archive</kind>
         <file>rts6740.lib</file>
         <name>trgmsg.obj</name>
      </input_file>
      <input_file id="fl-a7">
         <path>C:\ti\ccsv8\tools\compiler\c6000_7.4.24\lib\</path>
         <kind>archive</kind>
         <file>rts6740.lib</file>
         <name>_io_perm.obj</name>
      </input_file>
      <input_file id="fl-a8">
         <path>C:\ti\ccsv8\tools\compiler\c6000_7.4.24\lib\</path>
         <kind>archive</kind>
         <file>rts6740.lib</file>
         <name>abs.obj</name>
      </input_file>
      <input_file id="fl-a9">
         <path>C:\ti\ccsv8\tools\compiler\c6000_7.4.24\lib\</path>
         <kind>archive</kind>
         <file>rts6740.lib</file>
         <name>fflush.obj</name>
      </input_file>
      <input_file id="fl-aa">
         <path>C:\ti\ccsv8\tools\compiler\c6000_7.4.24\lib\</path>
         <kind>archive</kind>
         <file>rts6740.lib</file>
         <name>fseek.obj</name>
      </input_file>
      <input_file id="fl-ab">
         <path>C:\ti\ccsv8\tools\compiler\c6000_7.4.24\lib\</path>
         <kind>archive</kind>
         <file>rts6740.lib</file>
         <name>setvbuf.obj</name>
      </input_file>
      <input_file id="fl-ac">
         <path>C:\ti\ccsv8\tools\compiler\c6000_7.4.24\lib\</path>
         <kind>archive</kind>
         <file>rts6740.lib</file>
         <name>fopen.obj</name>
      </input_file>
      <input_file id="fl-ad">
         <path>C:\ti\ccsv8\tools\compiler\c6000_7.4.24\lib\</path>
         <kind>archive</kind>
         <file>rts6740.lib</file>
         <name>fclose.obj</name>
      </input_file>
      <input_file id="fl-ae">
         <path>C:\ti\ccsv8\tools\compiler\c6000_7.4.24\lib\</path>
         <kind>archive</kind>
         <file>rts6740.lib</file>
         <name>remove.obj</name>
      </input_file>
   </input_file_list>
   <object_component_list>
      <object_component id="oc-dd">
         <name>.text</name>
         <load_address>0x80000000</load_address>
         <run_address>0x80000000</run_address>
         <size>0x15e0</size>
         <input_file_ref idref="fl-2"/>
      </object_component>
      <object_component id="oc-e6">
         <name>.text</name>
         <load_address>0x800015e0</load_address>
         <run_address>0x800015e0</run_address>
         <size>0xc20</size>
         <input_file_ref idref="fl-8e"/>
      </object_component>
      <object_component id="oc-110">
         <name>.text:__divd</name>
         <load_address>0x80002200</load_address>
         <run_address>0x80002200</run_address>
         <size>0x5a0</size>
         <input_file_ref idref="fl-96"/>
      </object_component>
      <object_component id="oc-105">
         <name>.text:__getarg_diouxp</name>
         <load_address>0x800027a0</load_address>
         <run_address>0x800027a0</run_address>
         <size>0x580</size>
         <input_file_ref idref="fl-92"/>
      </object_component>
      <object_component id="oc-f3">
         <name>.text:__setfield</name>
         <load_address>0x80002d20</load_address>
         <run_address>0x80002d20</run_address>
         <size>0x520</size>
         <input_file_ref idref="fl-92"/>
      </object_component>
      <object_component id="oc-ec">
         <name>.text</name>
         <load_address>0x80003240</load_address>
         <run_address>0x80003240</run_address>
         <size>0x4e0</size>
         <input_file_ref idref="fl-8f"/>
      </object_component>
      <object_component id="oc-ee">
         <name>.text:__printfi</name>
         <load_address>0x80003720</load_address>
         <run_address>0x80003720</run_address>
         <size>0x440</size>
         <input_file_ref idref="fl-92"/>
      </object_component>
      <object_component id="oc-f0">
         <name>.text:_fputs</name>
         <load_address>0x80003b60</load_address>
         <run_address>0x80003b60</run_address>
         <size>0x3a0</size>
         <input_file_ref idref="fl-9b"/>
      </object_component>
      <object_component id="oc-e8">
         <name>.text</name>
         <load_address>0x80003f00</load_address>
         <run_address>0x80003f00</run_address>
         <size>0x380</size>
         <input_file_ref idref="fl-90"/>
      </object_component>
      <object_component id="oc-fa">
         <name>.text:__pproc_fge</name>
         <load_address>0x80004280</load_address>
         <run_address>0x80004280</run_address>
         <size>0x320</size>
         <input_file_ref idref="fl-92"/>
      </object_component>
      <object_component id="oc-10b">
         <name>.text:_ecvt</name>
         <load_address>0x800045a0</load_address>
         <run_address>0x800045a0</run_address>
         <size>0x2e0</size>
         <input_file_ref idref="fl-92"/>
      </object_component>
      <object_component id="oc-10e">
         <name>.text:_fcvt</name>
         <load_address>0x80004880</load_address>
         <run_address>0x80004880</run_address>
         <size>0x2e0</size>
         <input_file_ref idref="fl-92"/>
      </object_component>
      <object_component id="oc-f2">
         <name>.text:__pproc_fwp</name>
         <load_address>0x80004b60</load_address>
         <run_address>0x80004b60</run_address>
         <size>0x2c0</size>
         <input_file_ref idref="fl-92"/>
      </object_component>
      <object_component id="oc-db">
         <name>.text</name>
         <load_address>0x80004e20</load_address>
         <run_address>0x80004e20</run_address>
         <size>0x2c0</size>
         <input_file_ref idref="fl-4"/>
      </object_component>
      <object_component id="oc-e3">
         <name>.text:__divf</name>
         <load_address>0x800050e0</load_address>
         <run_address>0x800050e0</run_address>
         <size>0x280</size>
         <input_file_ref idref="fl-82"/>
      </object_component>
      <object_component id="oc-109">
         <name>.text:_free</name>
         <load_address>0x80005360</load_address>
         <run_address>0x80005360</run_address>
         <size>0x280</size>
         <input_file_ref idref="fl-84"/>
      </object_component>
      <object_component id="oc-11a">
         <name>.text:__divull</name>
         <load_address>0x800055e0</load_address>
         <run_address>0x800055e0</run_address>
         <size>0x260</size>
         <input_file_ref idref="fl-9e"/>
      </object_component>
      <object_component id="oc-104">
         <name>.text:__pconv_e</name>
         <load_address>0x80005840</load_address>
         <run_address>0x80005840</run_address>
         <size>0x240</size>
         <input_file_ref idref="fl-92"/>
      </object_component>
      <object_component id="oc-fb">
         <name>.text:__pproc_diouxp</name>
         <load_address>0x80005a80</load_address>
         <run_address>0x80005a80</run_address>
         <size>0x240</size>
         <input_file_ref idref="fl-92"/>
      </object_component>
      <object_component id="oc-f4">
         <name>.text:__pproc_str</name>
         <load_address>0x80005cc0</load_address>
         <run_address>0x80005cc0</run_address>
         <size>0x220</size>
         <input_file_ref idref="fl-92"/>
      </object_component>
      <object_component id="oc-f5">
         <name>.text:_fputc</name>
         <load_address>0x80005ee0</load_address>
         <run_address>0x80005ee0</run_address>
         <size>0x220</size>
         <input_file_ref idref="fl-9a"/>
      </object_component>
      <object_component id="oc-102">
         <name>.text:__pconv_g</name>
         <load_address>0x80006100</load_address>
         <run_address>0x80006100</run_address>
         <size>0x200</size>
         <input_file_ref idref="fl-92"/>
      </object_component>
      <object_component id="oc-fe">
         <name>.text:_setvbuf</name>
         <load_address>0x80006300</load_address>
         <run_address>0x80006300</run_address>
         <size>0x200</size>
         <input_file_ref idref="fl-ab"/>
      </object_component>
      <object_component id="oc-e7">
         <name>.text</name>
         <load_address>0x80006500</load_address>
         <run_address>0x80006500</run_address>
         <size>0x1e0</size>
         <input_file_ref idref="fl-8c"/>
      </object_component>
      <object_component id="oc-10d">
         <name>.text:__mcpy</name>
         <load_address>0x800066e0</load_address>
         <run_address>0x800066e0</run_address>
         <size>0x1c0</size>
         <input_file_ref idref="fl-92"/>
      </object_component>
      <object_component id="oc-119">
         <name>.text:__divul</name>
         <load_address>0x800068a0</load_address>
         <run_address>0x800068a0</run_address>
         <size>0x1a0</size>
         <input_file_ref idref="fl-9d"/>
      </object_component>
      <object_component id="oc-e4">
         <name>.text</name>
         <load_address>0x80006a40</load_address>
         <run_address>0x80006a40</run_address>
         <size>0x1a0</size>
         <input_file_ref idref="fl-8d"/>
      </object_component>
      <object_component id="oc-d7">
         <name>.text:_HOSTrename</name>
         <load_address>0x80006be0</load_address>
         <run_address>0x80006be0</run_address>
         <size>0x180</size>
         <input_file_ref idref="fl-a5"/>
      </object_component>
      <object_component id="oc-e5">
         <name>.text:_malloc</name>
         <load_address>0x80006d60</load_address>
         <run_address>0x80006d60</run_address>
         <size>0x180</size>
         <input_file_ref idref="fl-84"/>
      </object_component>
      <object_component id="oc-f1">
         <name>.text:__pproc_fflags</name>
         <load_address>0x80006ee0</load_address>
         <run_address>0x80006ee0</run_address>
         <size>0x140</size>
         <input_file_ref idref="fl-92"/>
      </object_component>
      <object_component id="oc-122">
         <name>.text:_getdevice</name>
         <load_address>0x80007020</load_address>
         <run_address>0x80007020</run_address>
         <size>0x140</size>
         <input_file_ref idref="fl-a1"/>
      </object_component>
      <object_component id="oc-112">
         <name>.text:__closefile</name>
         <load_address>0x80007160</load_address>
         <run_address>0x80007160</run_address>
         <size>0x120</size>
         <input_file_ref idref="fl-ad"/>
      </object_component>
      <object_component id="oc-107">
         <name>.text:__ltostr</name>
         <load_address>0x80007280</load_address>
         <run_address>0x80007280</run_address>
         <size>0x120</size>
         <input_file_ref idref="fl-92"/>
      </object_component>
      <object_component id="oc-fd">
         <name>.text:_fseek</name>
         <load_address>0x800073a0</load_address>
         <run_address>0x800073a0</run_address>
         <size>0x120</size>
         <input_file_ref idref="fl-aa"/>
      </object_component>
      <object_component id="oc-d5">
         <name>.text:_HOSTlseek</name>
         <load_address>0x800074c0</load_address>
         <run_address>0x800074c0</run_address>
         <size>0x100</size>
         <input_file_ref idref="fl-a5"/>
      </object_component>
      <object_component id="oc-f6">
         <name>.text:__wrt_ok</name>
         <load_address>0x800075c0</load_address>
         <run_address>0x800075c0</run_address>
         <size>0x100</size>
         <input_file_ref idref="fl-a7"/>
      </object_component>
      <object_component id="oc-d1">
         <name>.text:_HOSTopen</name>
         <load_address>0x800076c0</load_address>
         <run_address>0x800076c0</run_address>
         <size>0xe0</size>
         <input_file_ref idref="fl-a5"/>
      </object_component>
      <object_component id="oc-d3">
         <name>.text:_HOSTread</name>
         <load_address>0x800077a0</load_address>
         <run_address>0x800077a0</run_address>
         <size>0xe0</size>
         <input_file_ref idref="fl-a5"/>
      </object_component>
      <object_component id="oc-f9">
         <name>.text:_atoi</name>
         <load_address>0x80007880</load_address>
         <run_address>0x80007880</run_address>
         <size>0xe0</size>
         <input_file_ref idref="fl-93"/>
      </object_component>
      <object_component id="oc-11b">
         <name>.text:_close</name>
         <load_address>0x80007960</load_address>
         <run_address>0x80007960</run_address>
         <size>0xe0</size>
         <input_file_ref idref="fl-a1"/>
      </object_component>
      <object_component id="oc-e0">
         <name>.text:_memset</name>
         <load_address>0x80007a40</load_address>
         <run_address>0x80007a40</run_address>
         <size>0xe0</size>
         <input_file_ref idref="fl-85"/>
      </object_component>
      <object_component id="oc-eb">
         <name>.text:_printf</name>
         <load_address>0x80007b20</load_address>
         <run_address>0x80007b20</run_address>
         <size>0xe0</size>
         <input_file_ref idref="fl-91"/>
      </object_component>
      <object_component id="oc-d6">
         <name>.text:_HOSTunlink</name>
         <load_address>0x80007c00</load_address>
         <run_address>0x80007c00</run_address>
         <size>0xc0</size>
         <input_file_ref idref="fl-a5"/>
      </object_component>
      <object_component id="oc-d4">
         <name>.text:_HOSTwrite</name>
         <load_address>0x80007cc0</load_address>
         <run_address>0x80007cc0</run_address>
         <size>0xc0</size>
         <input_file_ref idref="fl-a5"/>
      </object_component>
      <object_component id="oc-cc">
         <name>.text:__auto_init</name>
         <load_address>0x80007d80</load_address>
         <run_address>0x80007d80</run_address>
         <size>0xc0</size>
         <input_file_ref idref="fl-88"/>
      </object_component>
      <object_component id="oc-111">
         <name>.text:__div</name>
         <load_address>0x80007e40</load_address>
         <run_address>0x80007e40</run_address>
         <size>0xc0</size>
         <input_file_ref idref="fl-92"/>
      </object_component>
      <object_component id="oc-118">
         <name>.text:__divu</name>
         <load_address>0x80007f00</load_address>
         <run_address>0x80007f00</run_address>
         <size>0xc0</size>
         <input_file_ref idref="fl-97"/>
      </object_component>
      <object_component id="oc-f7">
         <name>.text:__doflush</name>
         <load_address>0x80007fc0</load_address>
         <run_address>0x80007fc0</run_address>
         <size>0xc0</size>
         <input_file_ref idref="fl-a9"/>
      </object_component>
      <object_component id="oc-ce">
         <name>.text:_exit</name>
         <load_address>0x80008080</load_address>
         <run_address>0x80008080</run_address>
         <size>0xc0</size>
         <input_file_ref idref="fl-83"/>
      </object_component>
      <object_component id="oc-114">
         <name>.text:_ltoa</name>
         <load_address>0x80008140</load_address>
         <run_address>0x80008140</run_address>
         <size>0xc0</size>
         <input_file_ref idref="fl-a2"/>
      </object_component>
      <object_component id="oc-d2">
         <name>.text:_HOSTclose</name>
         <load_address>0x80008200</load_address>
         <run_address>0x80008200</run_address>
         <size>0xa0</size>
         <input_file_ref idref="fl-a5"/>
      </object_component>
      <object_component id="oc-10a">
         <name>.text:__cleanup</name>
         <load_address>0x800082a0</load_address>
         <run_address>0x800082a0</run_address>
         <size>0xa0</size>
         <input_file_ref idref="fl-ac"/>
      </object_component>
      <object_component id="oc-11e">
         <name>.text:__divli</name>
         <load_address>0x80008340</load_address>
         <run_address>0x80008340</run_address>
         <size>0xa0</size>
         <input_file_ref idref="fl-9d"/>
      </object_component>
      <object_component id="oc-10c">
         <name>.text:__ecpy</name>
         <load_address>0x800083e0</load_address>
         <run_address>0x800083e0</run_address>
         <size>0xa0</size>
         <input_file_ref idref="fl-92"/>
      </object_component>
      <object_component id="oc-10f">
         <name>.text:__fcpy</name>
         <load_address>0x80008480</load_address>
         <run_address>0x80008480</run_address>
         <size>0xa0</size>
         <input_file_ref idref="fl-92"/>
      </object_component>
      <object_component id="oc-113">
         <name>.text:__fixdli</name>
         <load_address>0x80008520</load_address>
         <run_address>0x80008520</run_address>
         <size>0xa0</size>
         <input_file_ref idref="fl-98"/>
      </object_component>
      <object_component id="oc-103">
         <name>.text:__pconv_f</name>
         <load_address>0x800085c0</load_address>
         <run_address>0x800085c0</run_address>
         <size>0xa0</size>
         <input_file_ref idref="fl-92"/>
      </object_component>
      <object_component id="oc-d8">
         <name>.text:_copy_in</name>
         <load_address>0x80008660</load_address>
         <run_address>0x80008660</run_address>
         <size>0xa0</size>
         <input_file_ref idref="fl-8a"/>
      </object_component>
      <object_component id="oc-123">
         <name>.text:_finddevice</name>
         <load_address>0x80008700</load_address>
         <run_address>0x80008700</run_address>
         <size>0xa0</size>
         <input_file_ref idref="fl-a1"/>
      </object_component>
      <object_component id="oc-108">
         <name>.text:_lseek</name>
         <load_address>0x800087a0</load_address>
         <run_address>0x800087a0</run_address>
         <size>0xa0</size>
         <input_file_ref idref="fl-a1"/>
      </object_component>
      <object_component id="oc-d9">
         <name>.text:_memcpy</name>
         <load_address>0x80008840</load_address>
         <run_address>0x80008840</run_address>
         <size>0xa0</size>
         <input_file_ref idref="fl-8b"/>
      </object_component>
      <object_component id="oc-ea">
         <name>.text:_minsert</name>
         <load_address>0x800088e0</load_address>
         <run_address>0x800088e0</run_address>
         <size>0xa0</size>
         <input_file_ref idref="fl-84"/>
      </object_component>
      <object_component id="oc-e9">
         <name>.text:_mremove</name>
         <load_address>0x80008980</load_address>
         <run_address>0x80008980</run_address>
         <size>0xa0</size>
         <input_file_ref idref="fl-84"/>
      </object_component>
      <object_component id="oc-f8">
         <name>.text:_write</name>
         <load_address>0x80008a20</load_address>
         <run_address>0x80008a20</run_address>
         <size>0xa0</size>
         <input_file_ref idref="fl-a1"/>
      </object_component>
      <object_component id="oc-115">
         <name>.text:__fltlid</name>
         <load_address>0x80008ac0</load_address>
         <run_address>0x80008ac0</run_address>
         <size>0x80</size>
         <input_file_ref idref="fl-99"/>
      </object_component>
      <object_component id="oc-11f">
         <name>.text:__llshl</name>
         <load_address>0x80008b40</load_address>
         <run_address>0x80008b40</run_address>
         <size>0x80</size>
         <input_file_ref idref="fl-a0"/>
      </object_component>
      <object_component id="oc-11">
         <name>.text:_c_int00</name>
         <load_address>0x80008bc0</load_address>
         <run_address>0x80008bc0</run_address>
         <size>0x80</size>
         <input_file_ref idref="fl-81"/>
      </object_component>
      <object_component id="oc-df">
         <name>.text:_readmsg</name>
         <load_address>0x80008c40</load_address>
         <run_address>0x80008c40</run_address>
         <size>0x80</size>
         <input_file_ref idref="fl-a6"/>
      </object_component>
      <object_component id="oc-121">
         <name>.text:_unlink</name>
         <load_address>0x80008cc0</load_address>
         <run_address>0x80008cc0</run_address>
         <size>0x80</size>
         <input_file_ref idref="fl-a1"/>
      </object_component>
      <object_component id="oc-da">
         <name>.text:___TI_cpp_init</name>
         <load_address>0x80008d40</load_address>
         <run_address>0x80008d40</run_address>
         <size>0x60</size>
         <input_file_ref idref="fl-89"/>
      </object_component>
      <object_component id="oc-120">
         <name>.text:__subcull</name>
         <load_address>0x80008da0</load_address>
         <run_address>0x80008da0</run_address>
         <size>0x60</size>
         <input_file_ref idref="fl-9e"/>
      </object_component>
      <object_component id="oc-fc">
         <name>.text:_memccpy</name>
         <load_address>0x80008e00</load_address>
         <run_address>0x80008e00</run_address>
         <size>0x60</size>
         <input_file_ref idref="fl-a3"/>
      </object_component>
      <object_component id="oc-de">
         <name>.text:_writemsg</name>
         <load_address>0x80008e60</load_address>
         <run_address>0x80008e60</run_address>
         <size>0x60</size>
         <input_file_ref idref="fl-a6"/>
      </object_component>
      <object_component id="oc-101">
         <name>.text:___isinf</name>
         <load_address>0x80008ec0</load_address>
         <run_address>0x80008ec0</run_address>
         <size>0x40</size>
         <input_file_ref idref="fl-9f"/>
      </object_component>
      <object_component id="oc-100">
         <name>.text:___isnan</name>
         <load_address>0x80008f00</load_address>
         <run_address>0x80008f00</run_address>
         <size>0x40</size>
         <input_file_ref idref="fl-92"/>
      </object_component>
      <object_component id="oc-cd">
         <name>.text:__args_main</name>
         <load_address>0x80008f40</load_address>
         <run_address>0x80008f40</run_address>
         <size>0x40</size>
         <input_file_ref idref="fl-87"/>
      </object_component>
      <object_component id="oc-117">
         <name>.text:__frcmpyd_div</name>
         <load_address>0x80008f80</load_address>
         <run_address>0x80008f80</run_address>
         <size>0x40</size>
         <input_file_ref idref="fl-9c"/>
      </object_component>
      <object_component id="oc-116">
         <name>.text:__llshru</name>
         <load_address>0x80008fc0</load_address>
         <run_address>0x80008fc0</run_address>
         <size>0x40</size>
         <input_file_ref idref="fl-a0"/>
      </object_component>
      <object_component id="oc-11d">
         <name>.text:__remli</name>
         <load_address>0x80009000</load_address>
         <run_address>0x80009000</run_address>
         <size>0x40</size>
         <input_file_ref idref="fl-9d"/>
      </object_component>
      <object_component id="oc-106">
         <name>.text:__negll</name>
         <load_address>0x80009040</load_address>
         <run_address>0x80009040</run_address>
         <size>0x20</size>
         <input_file_ref idref="fl-a4"/>
      </object_component>
      <object_component id="oc-d0">
         <name>.text:__nop</name>
         <load_address>0x80009060</load_address>
         <run_address>0x80009060</run_address>
         <size>0x20</size>
         <input_file_ref idref="fl-86"/>
      </object_component>
      <object_component id="oc-ef">
         <name>.text:__outc</name>
         <load_address>0x80009080</load_address>
         <run_address>0x80009080</run_address>
         <size>0x20</size>
         <input_file_ref idref="fl-91"/>
      </object_component>
      <object_component id="oc-ed">
         <name>.text:__outs</name>
         <load_address>0x800090a0</load_address>
         <run_address>0x800090a0</run_address>
         <size>0x20</size>
         <input_file_ref idref="fl-91"/>
      </object_component>
      <object_component id="oc-dc">
         <name>.text:_abort</name>
         <load_address>0x800090c0</load_address>
         <run_address>0x800090c0</run_address>
         <size>0x20</size>
         <input_file_ref idref="fl-83"/>
      </object_component>
      <object_component id="oc-11c">
         <name>.text:_remove</name>
         <load_address>0x800090e0</load_address>
         <run_address>0x800090e0</run_address>
         <size>0x20</size>
         <input_file_ref idref="fl-ae"/>
      </object_component>
      <object_component id="oc-26">
         <name>.text</name>
         <load_address>0x80009100</load_address>
         <run_address>0x80009100</run_address>
         <size>0x20</size>
         <input_file_ref idref="fl-5"/>
      </object_component>
      <object_component id="oc-13e">
         <name>$Tramp$S$$_float2Fixed</name>
         <load_address>0x80009120</load_address>
         <run_address>0x80009120</run_address>
         <size>0x10</size>
         <input_file_ref idref="fl-3"/>
      </object_component>
      <object_component id="oc-ff">
         <name>.const:.string:__ctypes_</name>
         <load_address>0x11811040</load_address>
         <run_address>0x11811040</run_address>
         <size>0x101</size>
         <input_file_ref idref="fl-94"/>
      </object_component>
      <object_component id="oc-8a">
         <name>.const:.string</name>
         <load_address>0x11811141</load_address>
         <run_address>0x11811141</run_address>
         <size>0x2</size>
         <input_file_ref idref="fl-9b"/>
      </object_component>
      <object_component id="oc-e2">
         <name>.const:_Cascade_Den</name>
         <load_address>0x11811148</load_address>
         <run_address>0x11811148</run_address>
         <size>0x84</size>
         <input_file_ref idref="fl-4"/>
      </object_component>
      <object_component id="oc-e1">
         <name>.const:_Cascade_Num</name>
         <load_address>0x118111d0</load_address>
         <run_address>0x118111d0</run_address>
         <size>0x84</size>
         <input_file_ref idref="fl-4"/>
      </object_component>
      <object_component id="oc-5d">
         <name>.const:.string</name>
         <load_address>0x11811254</load_address>
         <run_address>0x11811254</run_address>
         <size>0x40</size>
         <input_file_ref idref="fl-8e"/>
      </object_component>
      <object_component id="oc-6e">
         <name>.const:.string</name>
         <load_address>0x11811294</load_address>
         <run_address>0x11811294</run_address>
         <size>0x23</size>
         <input_file_ref idref="fl-92"/>
      </object_component>
      <object_component id="oc-12">
         <name>.bss</name>
         <uninitialized>true</uninitialized>
         <run_address>0x118117b4</run_address>
         <size>0x1c</size>
         <input_file_ref idref="fl-2"/>
      </object_component>
      <object_component id="oc-1f">
         <name>.bss</name>
         <uninitialized>true</uninitialized>
         <run_address>0x118117d0</run_address>
         <size>0x14</size>
         <input_file_ref idref="fl-4"/>
      </object_component>
      <object_component id="oc-65">
         <name>.bss</name>
         <uninitialized>true</uninitialized>
         <run_address>0x118117e4</run_address>
         <size>0x4</size>
         <input_file_ref idref="fl-90"/>
      </object_component>
      <object_component id="oc-15">
         <name>.far</name>
         <uninitialized>true</uninitialized>
         <run_address>0x11810d40</run_address>
         <size>0x8</size>
         <input_file_ref idref="fl-2"/>
      </object_component>
      <object_component id="oc-22">
         <name>.far</name>
         <uninitialized>true</uninitialized>
         <run_address>0x11810d60</run_address>
         <size>0x4</size>
         <input_file_ref idref="fl-4"/>
      </object_component>
      <object_component id="oc-34">
         <name>.far</name>
         <uninitialized>true</uninitialized>
         <run_address>0x11810d34</run_address>
         <size>0xc</size>
         <input_file_ref idref="fl-83"/>
      </object_component>
      <object_component id="oc-39">
         <name>.far</name>
         <uninitialized>true</uninitialized>
         <run_address>0x11810d50</run_address>
         <size>0x8</size>
         <input_file_ref idref="fl-84"/>
      </object_component>
      <object_component id="oc-42">
         <name>.far</name>
         <uninitialized>true</uninitialized>
         <run_address>0x11810d48</run_address>
         <size>0x8</size>
         <input_file_ref idref="fl-86"/>
      </object_component>
      <object_component id="oc-78">
         <name>.far</name>
         <uninitialized>true</uninitialized>
         <run_address>0x118108f0</run_address>
         <size>0x324</size>
         <input_file_ref idref="fl-95"/>
      </object_component>
      <object_component id="oc-9e">
         <name>.far</name>
         <uninitialized>true</uninitialized>
         <run_address>0x11810c18</run_address>
         <size>0x11c</size>
         <input_file_ref idref="fl-a1"/>
      </object_component>
      <object_component id="oc-ab">
         <name>.far</name>
         <uninitialized>true</uninitialized>
         <run_address>0x11810d58</run_address>
         <size>0x8</size>
         <input_file_ref idref="fl-a5"/>
      </object_component>
      <object_component id="oc-c3">
         <name>.far</name>
         <uninitialized>true</uninitialized>
         <run_address>0x11810c14</run_address>
         <size>0x4</size>
         <input_file_ref idref="fl-ac"/>
      </object_component>
      <object_component id="oc-2c">
         <name>.stack</name>
         <uninitialized>true</uninitialized>
         <run_address>0x118100f0</run_address>
         <size>0x8</size>
         <input_file_ref idref="fl-81"/>
      </object_component>
      <object_component id="oc-13c">
         <name>.stack</name>
         <uninitialized>true</uninitialized>
         <run_address>0x118100f0</run_address>
         <size>0x0</size>
      </object_component>
      <object_component id="oc-77">
         <name>.cinit</name>
         <load_address>0x11811600</load_address>
         <run_address>0x11811600</run_address>
         <size>0x5c</size>
         <input_file_ref idref="fl-95"/>
      </object_component>
      <object_component id="oc-9d">
         <name>.cinit</name>
         <load_address>0x11811660</load_address>
         <run_address>0x11811660</run_address>
         <size>0x5c</size>
         <input_file_ref idref="fl-a1"/>
      </object_component>
      <object_component id="oc-14">
         <name>.cinit</name>
         <load_address>0x118116c0</load_address>
         <run_address>0x118116c0</run_address>
         <size>0x2c</size>
         <input_file_ref idref="fl-2"/>
      </object_component>
      <object_component id="oc-33">
         <name>.cinit</name>
         <load_address>0x118116f0</load_address>
         <run_address>0x118116f0</run_address>
         <size>0x2c</size>
         <input_file_ref idref="fl-83"/>
      </object_component>
      <object_component id="oc-38">
         <name>.cinit</name>
         <load_address>0x11811720</load_address>
         <run_address>0x11811720</run_address>
         <size>0x2c</size>
         <input_file_ref idref="fl-84"/>
      </object_component>
      <object_component id="oc-21">
         <name>.cinit</name>
         <load_address>0x11811750</load_address>
         <run_address>0x11811750</run_address>
         <size>0x2c</size>
         <input_file_ref idref="fl-4"/>
      </object_component>
      <object_component id="oc-41">
         <name>.cinit</name>
         <load_address>0x11811780</load_address>
         <run_address>0x11811780</run_address>
         <size>0x1c</size>
         <input_file_ref idref="fl-86"/>
      </object_component>
      <object_component id="oc-c2">
         <name>.cinit</name>
         <load_address>0x118117a0</load_address>
         <run_address>0x118117a0</run_address>
         <size>0xc</size>
         <input_file_ref idref="fl-ac"/>
      </object_component>
      <object_component id="oc-3a">
         <name>.sysmem</name>
         <uninitialized>true</uninitialized>
         <run_address>0x118000f0</run_address>
         <size>0x8</size>
         <input_file_ref idref="fl-84"/>
      </object_component>
      <object_component id="oc-13d">
         <name>.sysmem</name>
         <uninitialized>true</uninitialized>
         <run_address>0x118000f0</run_address>
         <size>0x0</size>
      </object_component>
      <object_component id="oc-af">
         <name>.cio</name>
         <uninitialized>true</uninitialized>
         <run_address>0x118112b8</run_address>
         <size>0x120</size>
         <input_file_ref idref="fl-a6"/>
      </object_component>
      <object_component id="oc-27">
         <name>.vecs</name>
         <load_address>0x11811400</load_address>
         <run_address>0x11811400</run_address>
         <size>0x200</size>
         <input_file_ref idref="fl-5"/>
      </object_component>
      <object_component id="oc-cf">
         <name>.fixed</name>
         <load_address>0x11810d80</load_address>
         <run_address>0x11810d80</run_address>
         <size>0x2a0</size>
         <input_file_ref idref="fl-3"/>
      </object_component>
      <object_component id="oc-141">
         <name>$Tramp$S$$_output_sample</name>
         <load_address>0x11811020</load_address>
         <run_address>0x11811020</run_address>
         <size>0x10</size>
         <input_file_ref idref="fl-2"/>
      </object_component>
      <object_component id="oc-140">
         <name>$Tramp$S$$_input_sample</name>
         <load_address>0x11811030</load_address>
         <run_address>0x11811030</run_address>
         <size>0x10</size>
         <input_file_ref idref="fl-2"/>
      </object_component>
      <object_component id="oc-1a">
         <name>arraySect</name>
         <uninitialized>true</uninitialized>
         <run_address>0x11800000</run_address>
         <size>0xa0</size>
         <input_file_ref idref="fl-3"/>
      </object_component>
      <object_component id="oc-1b">
         <name>array2Sect</name>
         <uninitialized>true</uninitialized>
         <run_address>0x118000a0</run_address>
         <size>0x50</size>
         <input_file_ref idref="fl-3"/>
      </object_component>
      <object_component id="oc-13">
         <name>.debug_info</name>
         <load_address>0x0</load_address>
         <run_address>0x0</run_address>
         <size>0x3e17</size>
         <input_file_ref idref="fl-2"/>
      </object_component>
      <object_component id="oc-19">
         <name>.debug_info</name>
         <load_address>0x3e17</load_address>
         <run_address>0x3e17</run_address>
         <size>0xe8f</size>
         <input_file_ref idref="fl-3"/>
      </object_component>
      <object_component id="oc-20">
         <name>.debug_info</name>
         <load_address>0x4ca6</load_address>
         <run_address>0x4ca6</run_address>
         <size>0xc07</size>
         <input_file_ref idref="fl-4"/>
      </object_component>
      <object_component id="oc-28">
         <name>.debug_info</name>
         <load_address>0x58ad</load_address>
         <run_address>0x58ad</run_address>
         <size>0x112</size>
         <input_file_ref idref="fl-5"/>
      </object_component>
      <object_component id="oc-2b">
         <name>.debug_info</name>
         <load_address>0x59bf</load_address>
         <run_address>0x59bf</run_address>
         <size>0x739</size>
         <input_file_ref idref="fl-81"/>
      </object_component>
      <object_component id="oc-2f">
         <name>.debug_info</name>
         <load_address>0x60f8</load_address>
         <run_address>0x60f8</run_address>
         <size>0x8fc</size>
         <input_file_ref idref="fl-82"/>
      </object_component>
      <object_component id="oc-32">
         <name>.debug_info</name>
         <load_address>0x69f4</load_address>
         <run_address>0x69f4</run_address>
         <size>0x867</size>
         <input_file_ref idref="fl-83"/>
      </object_component>
      <object_component id="oc-37">
         <name>.debug_info</name>
         <load_address>0x725b</load_address>
         <run_address>0x725b</run_address>
         <size>0xc91</size>
         <input_file_ref idref="fl-84"/>
      </object_component>
      <object_component id="oc-3d">
         <name>.debug_info</name>
         <load_address>0x7eec</load_address>
         <run_address>0x7eec</run_address>
         <size>0x845</size>
         <input_file_ref idref="fl-85"/>
      </object_component>
      <object_component id="oc-40">
         <name>.debug_info</name>
         <load_address>0x8731</load_address>
         <run_address>0x8731</run_address>
         <size>0x67a</size>
         <input_file_ref idref="fl-86"/>
      </object_component>
      <object_component id="oc-45">
         <name>.debug_info</name>
         <load_address>0x8dab</load_address>
         <run_address>0x8dab</run_address>
         <size>0x70f</size>
         <input_file_ref idref="fl-87"/>
      </object_component>
      <object_component id="oc-48">
         <name>.debug_info</name>
         <load_address>0x94ba</load_address>
         <run_address>0x94ba</run_address>
         <size>0x8e6</size>
         <input_file_ref idref="fl-88"/>
      </object_component>
      <object_component id="oc-4b">
         <name>.debug_info</name>
         <load_address>0x9da0</load_address>
         <run_address>0x9da0</run_address>
         <size>0x75e</size>
         <input_file_ref idref="fl-89"/>
      </object_component>
      <object_component id="oc-4e">
         <name>.debug_info</name>
         <load_address>0xa4fe</load_address>
         <run_address>0xa4fe</run_address>
         <size>0x854</size>
         <input_file_ref idref="fl-8a"/>
      </object_component>
      <object_component id="oc-51">
         <name>.debug_info</name>
         <load_address>0xad52</load_address>
         <run_address>0xad52</run_address>
         <size>0x111</size>
         <input_file_ref idref="fl-8b"/>
      </object_component>
      <object_component id="oc-54">
         <name>.debug_info</name>
         <load_address>0xae63</load_address>
         <run_address>0xae63</run_address>
         <size>0xb3f</size>
         <input_file_ref idref="fl-8c"/>
      </object_component>
      <object_component id="oc-58">
         <name>.debug_info</name>
         <load_address>0xb9a2</load_address>
         <run_address>0xb9a2</run_address>
         <size>0xee6</size>
         <input_file_ref idref="fl-8d"/>
      </object_component>
      <object_component id="oc-5c">
         <name>.debug_info</name>
         <load_address>0xc888</load_address>
         <run_address>0xc888</run_address>
         <size>0x2761</size>
         <input_file_ref idref="fl-8e"/>
      </object_component>
      <object_component id="oc-61">
         <name>.debug_info</name>
         <load_address>0xefe9</load_address>
         <run_address>0xefe9</run_address>
         <size>0xf3c</size>
         <input_file_ref idref="fl-8f"/>
      </object_component>
      <object_component id="oc-66">
         <name>.debug_info</name>
         <load_address>0xff25</load_address>
         <run_address>0xff25</run_address>
         <size>0x13d9</size>
         <input_file_ref idref="fl-90"/>
      </object_component>
      <object_component id="oc-6a">
         <name>.debug_info</name>
         <load_address>0x112fe</load_address>
         <run_address>0x112fe</run_address>
         <size>0x930</size>
         <input_file_ref idref="fl-91"/>
      </object_component>
      <object_component id="oc-6d">
         <name>.debug_info</name>
         <load_address>0x11c2e</load_address>
         <run_address>0x11c2e</run_address>
         <size>0x38a3</size>
         <input_file_ref idref="fl-92"/>
      </object_component>
      <object_component id="oc-71">
         <name>.debug_info</name>
         <load_address>0x154d1</load_address>
         <run_address>0x154d1</run_address>
         <size>0x7de</size>
         <input_file_ref idref="fl-93"/>
      </object_component>
      <object_component id="oc-74">
         <name>.debug_info</name>
         <load_address>0x15caf</load_address>
         <run_address>0x15caf</run_address>
         <size>0x628</size>
         <input_file_ref idref="fl-94"/>
      </object_component>
      <object_component id="oc-76">
         <name>.debug_info</name>
         <load_address>0x162d7</load_address>
         <run_address>0x162d7</run_address>
         <size>0x715</size>
         <input_file_ref idref="fl-95"/>
      </object_component>
      <object_component id="oc-7a">
         <name>.debug_info</name>
         <load_address>0x169ec</load_address>
         <run_address>0x169ec</run_address>
         <size>0x9b1</size>
         <input_file_ref idref="fl-96"/>
      </object_component>
      <object_component id="oc-7d">
         <name>.debug_info</name>
         <load_address>0x1739d</load_address>
         <run_address>0x1739d</run_address>
         <size>0x102</size>
         <input_file_ref idref="fl-97"/>
      </object_component>
      <object_component id="oc-80">
         <name>.debug_info</name>
         <load_address>0x1749f</load_address>
         <run_address>0x1749f</run_address>
         <size>0x6bf</size>
         <input_file_ref idref="fl-98"/>
      </object_component>
      <object_component id="oc-83">
         <name>.debug_info</name>
         <load_address>0x17b5e</load_address>
         <run_address>0x17b5e</run_address>
         <size>0x6de</size>
         <input_file_ref idref="fl-99"/>
      </object_component>
      <object_component id="oc-86">
         <name>.debug_info</name>
         <load_address>0x1823c</load_address>
         <run_address>0x1823c</run_address>
         <size>0x858</size>
         <input_file_ref idref="fl-9a"/>
      </object_component>
      <object_component id="oc-89">
         <name>.debug_info</name>
         <load_address>0x18a94</load_address>
         <run_address>0x18a94</run_address>
         <size>0xd9b</size>
         <input_file_ref idref="fl-9b"/>
      </object_component>
      <object_component id="oc-8d">
         <name>.debug_info</name>
         <load_address>0x1982f</load_address>
         <run_address>0x1982f</run_address>
         <size>0x69a</size>
         <input_file_ref idref="fl-9c"/>
      </object_component>
      <object_component id="oc-90">
         <name>.debug_info</name>
         <load_address>0x19ec9</load_address>
         <run_address>0x19ec9</run_address>
         <size>0x832</size>
         <input_file_ref idref="fl-9d"/>
      </object_component>
      <object_component id="oc-93">
         <name>.debug_info</name>
         <load_address>0x1a6fb</load_address>
         <run_address>0x1a6fb</run_address>
         <size>0x82d</size>
         <input_file_ref idref="fl-9e"/>
      </object_component>
      <object_component id="oc-96">
         <name>.debug_info</name>
         <load_address>0x1af28</load_address>
         <run_address>0x1af28</run_address>
         <size>0x844</size>
         <input_file_ref idref="fl-9f"/>
      </object_component>
      <object_component id="oc-99">
         <name>.debug_info</name>
         <load_address>0x1b76c</load_address>
         <run_address>0x1b76c</run_address>
         <size>0x72f</size>
         <input_file_ref idref="fl-a0"/>
      </object_component>
      <object_component id="oc-9c">
         <name>.debug_info</name>
         <load_address>0x1be9b</load_address>
         <run_address>0x1be9b</run_address>
         <size>0x11b4</size>
         <input_file_ref idref="fl-a1"/>
      </object_component>
      <object_component id="oc-a1">
         <name>.debug_info</name>
         <load_address>0x1d04f</load_address>
         <run_address>0x1d04f</run_address>
         <size>0x7be</size>
         <input_file_ref idref="fl-a2"/>
      </object_component>
      <object_component id="oc-a4">
         <name>.debug_info</name>
         <load_address>0x1d80d</load_address>
         <run_address>0x1d80d</run_address>
         <size>0x761</size>
         <input_file_ref idref="fl-a3"/>
      </object_component>
      <object_component id="oc-a7">
         <name>.debug_info</name>
         <load_address>0x1df6e</load_address>
         <run_address>0x1df6e</run_address>
         <size>0x646</size>
         <input_file_ref idref="fl-a4"/>
      </object_component>
      <object_component id="oc-aa">
         <name>.debug_info</name>
         <load_address>0x1e5b4</load_address>
         <run_address>0x1e5b4</run_address>
         <size>0x11f4</size>
         <input_file_ref idref="fl-a5"/>
      </object_component>
      <object_component id="oc-ae">
         <name>.debug_info</name>
         <load_address>0x1f7a8</load_address>
         <run_address>0x1f7a8</run_address>
         <size>0xa1b</size>
         <input_file_ref idref="fl-a6"/>
      </object_component>
      <object_component id="oc-b2">
         <name>.debug_info</name>
         <load_address>0x201c3</load_address>
         <run_address>0x201c3</run_address>
         <size>0x788</size>
         <input_file_ref idref="fl-a7"/>
      </object_component>
      <object_component id="oc-b5">
         <name>.debug_info</name>
         <load_address>0x2094b</load_address>
         <run_address>0x2094b</run_address>
         <size>0x5fa</size>
         <input_file_ref idref="fl-a8"/>
      </object_component>
      <object_component id="oc-b8">
         <name>.debug_info</name>
         <load_address>0x20f45</load_address>
         <run_address>0x20f45</run_address>
         <size>0x7af</size>
         <input_file_ref idref="fl-a9"/>
      </object_component>
      <object_component id="oc-bb">
         <name>.debug_info</name>
         <load_address>0x216f4</load_address>
         <run_address>0x216f4</run_address>
         <size>0x7e7</size>
         <input_file_ref idref="fl-aa"/>
      </object_component>
      <object_component id="oc-be">
         <name>.debug_info</name>
         <load_address>0x21edb</load_address>
         <run_address>0x21edb</run_address>
         <size>0x841</size>
         <input_file_ref idref="fl-ab"/>
      </object_component>
      <object_component id="oc-c1">
         <name>.debug_info</name>
         <load_address>0x2271c</load_address>
         <run_address>0x2271c</run_address>
         <size>0x8fa</size>
         <input_file_ref idref="fl-ac"/>
      </object_component>
      <object_component id="oc-c6">
         <name>.debug_info</name>
         <load_address>0x23016</load_address>
         <run_address>0x23016</run_address>
         <size>0x834</size>
         <input_file_ref idref="fl-ad"/>
      </object_component>
      <object_component id="oc-c9">
         <name>.debug_info</name>
         <load_address>0x2384a</load_address>
         <run_address>0x2384a</run_address>
         <size>0x692</size>
         <input_file_ref idref="fl-ae"/>
      </object_component>
      <object_component id="oc-142">
         <name>.debug_info</name>
         <load_address>0x23edc</load_address>
         <run_address>0x23edc</run_address>
         <size>0x123</size>
      </object_component>
      <object_component id="oc-16">
         <name>.debug_frame</name>
         <load_address>0x0</load_address>
         <run_address>0x0</run_address>
         <size>0x424</size>
         <input_file_ref idref="fl-2"/>
      </object_component>
      <object_component id="oc-1c">
         <name>.debug_frame</name>
         <load_address>0x424</load_address>
         <run_address>0x424</run_address>
         <size>0x354</size>
         <input_file_ref idref="fl-3"/>
      </object_component>
      <object_component id="oc-23">
         <name>.debug_frame</name>
         <load_address>0x778</load_address>
         <run_address>0x778</run_address>
         <size>0x25c</size>
         <input_file_ref idref="fl-4"/>
      </object_component>
      <object_component id="oc-55">
         <name>.debug_frame</name>
         <load_address>0x9d4</load_address>
         <run_address>0x9d4</run_address>
         <size>0x2b9</size>
         <input_file_ref idref="fl-8c"/>
      </object_component>
      <object_component id="oc-59">
         <name>.debug_frame</name>
         <load_address>0xc8d</load_address>
         <run_address>0xc8d</run_address>
         <size>0x29a</size>
         <input_file_ref idref="fl-8d"/>
      </object_component>
      <object_component id="oc-5e">
         <name>.debug_frame</name>
         <load_address>0xf27</load_address>
         <run_address>0xf27</run_address>
         <size>0x38b</size>
         <input_file_ref idref="fl-8e"/>
      </object_component>
      <object_component id="oc-62">
         <name>.debug_frame</name>
         <load_address>0x12b2</load_address>
         <run_address>0x12b2</run_address>
         <size>0x2da</size>
         <input_file_ref idref="fl-8f"/>
      </object_component>
      <object_component id="oc-67">
         <name>.debug_frame</name>
         <load_address>0x158c</load_address>
         <run_address>0x158c</run_address>
         <size>0x29c</size>
         <input_file_ref idref="fl-90"/>
      </object_component>
      <object_component id="oc-17">
         <name>.debug_line</name>
         <load_address>0x0</load_address>
         <run_address>0x0</run_address>
         <size>0x611</size>
         <input_file_ref idref="fl-2"/>
      </object_component>
      <object_component id="oc-1d">
         <name>.debug_line</name>
         <load_address>0x611</load_address>
         <run_address>0x611</run_address>
         <size>0x11c</size>
         <input_file_ref idref="fl-3"/>
      </object_component>
      <object_component id="oc-24">
         <name>.debug_line</name>
         <load_address>0x72d</load_address>
         <run_address>0x72d</run_address>
         <size>0xaf</size>
         <input_file_ref idref="fl-4"/>
      </object_component>
      <object_component id="oc-29">
         <name>.debug_line</name>
         <load_address>0x7dc</load_address>
         <run_address>0x7dc</run_address>
         <size>0xd9</size>
         <input_file_ref idref="fl-5"/>
      </object_component>
      <object_component id="oc-2d">
         <name>.debug_line</name>
         <load_address>0x8b5</load_address>
         <run_address>0x8b5</run_address>
         <size>0x3d</size>
         <input_file_ref idref="fl-81"/>
      </object_component>
      <object_component id="oc-30">
         <name>.debug_line</name>
         <load_address>0x8f2</load_address>
         <run_address>0x8f2</run_address>
         <size>0x3c</size>
         <input_file_ref idref="fl-82"/>
      </object_component>
      <object_component id="oc-35">
         <name>.debug_line</name>
         <load_address>0x92e</load_address>
         <run_address>0x92e</run_address>
         <size>0x4f</size>
         <input_file_ref idref="fl-83"/>
      </object_component>
      <object_component id="oc-3b">
         <name>.debug_line</name>
         <load_address>0x97d</load_address>
         <run_address>0x97d</run_address>
         <size>0xa7</size>
         <input_file_ref idref="fl-84"/>
      </object_component>
      <object_component id="oc-3e">
         <name>.debug_line</name>
         <load_address>0xa24</load_address>
         <run_address>0xa24</run_address>
         <size>0x46</size>
         <input_file_ref idref="fl-85"/>
      </object_component>
      <object_component id="oc-43">
         <name>.debug_line</name>
         <load_address>0xa6a</load_address>
         <run_address>0xa6a</run_address>
         <size>0x35</size>
         <input_file_ref idref="fl-86"/>
      </object_component>
      <object_component id="oc-46">
         <name>.debug_line</name>
         <load_address>0xa9f</load_address>
         <run_address>0xa9f</run_address>
         <size>0x3f</size>
         <input_file_ref idref="fl-87"/>
      </object_component>
      <object_component id="oc-49">
         <name>.debug_line</name>
         <load_address>0xade</load_address>
         <run_address>0xade</run_address>
         <size>0x49</size>
         <input_file_ref idref="fl-88"/>
      </object_component>
      <object_component id="oc-4c">
         <name>.debug_line</name>
         <load_address>0xb27</load_address>
         <run_address>0xb27</run_address>
         <size>0x45</size>
         <input_file_ref idref="fl-89"/>
      </object_component>
      <object_component id="oc-4f">
         <name>.debug_line</name>
         <load_address>0xb6c</load_address>
         <run_address>0xb6c</run_address>
         <size>0x44</size>
         <input_file_ref idref="fl-8a"/>
      </object_component>
      <object_component id="oc-52">
         <name>.debug_line</name>
         <load_address>0xbb0</load_address>
         <run_address>0xbb0</run_address>
         <size>0x4a</size>
         <input_file_ref idref="fl-8b"/>
      </object_component>
      <object_component id="oc-56">
         <name>.debug_line</name>
         <load_address>0xbfa</load_address>
         <run_address>0xbfa</run_address>
         <size>0xd8</size>
         <input_file_ref idref="fl-8c"/>
      </object_component>
      <object_component id="oc-5a">
         <name>.debug_line</name>
         <load_address>0xcd2</load_address>
         <run_address>0xcd2</run_address>
         <size>0xad</size>
         <input_file_ref idref="fl-8d"/>
      </object_component>
      <object_component id="oc-5f">
         <name>.debug_line</name>
         <load_address>0xd7f</load_address>
         <run_address>0xd7f</run_address>
         <size>0x2d8</size>
         <input_file_ref idref="fl-8e"/>
      </object_component>
      <object_component id="oc-63">
         <name>.debug_line</name>
         <load_address>0x1057</load_address>
         <run_address>0x1057</run_address>
         <size>0x169</size>
         <input_file_ref idref="fl-8f"/>
      </object_component>
      <object_component id="oc-68">
         <name>.debug_line</name>
         <load_address>0x11c0</load_address>
         <run_address>0x11c0</run_address>
         <size>0x143</size>
         <input_file_ref idref="fl-90"/>
      </object_component>
      <object_component id="oc-6b">
         <name>.debug_line</name>
         <load_address>0x1303</load_address>
         <run_address>0x1303</run_address>
         <size>0x6a</size>
         <input_file_ref idref="fl-91"/>
      </object_component>
      <object_component id="oc-6f">
         <name>.debug_line</name>
         <load_address>0x136d</load_address>
         <run_address>0x136d</run_address>
         <size>0x3a6</size>
         <input_file_ref idref="fl-92"/>
      </object_component>
      <object_component id="oc-72">
         <name>.debug_line</name>
         <load_address>0x1713</load_address>
         <run_address>0x1713</run_address>
         <size>0x45</size>
         <input_file_ref idref="fl-93"/>
      </object_component>
      <object_component id="oc-7b">
         <name>.debug_line</name>
         <load_address>0x1758</load_address>
         <run_address>0x1758</run_address>
         <size>0x3c</size>
         <input_file_ref idref="fl-96"/>
      </object_component>
      <object_component id="oc-7e">
         <name>.debug_line</name>
         <load_address>0x1794</load_address>
         <run_address>0x1794</run_address>
         <size>0x44</size>
         <input_file_ref idref="fl-97"/>
      </object_component>
      <object_component id="oc-81">
         <name>.debug_line</name>
         <load_address>0x17d8</load_address>
         <run_address>0x17d8</run_address>
         <size>0x3d</size>
         <input_file_ref idref="fl-98"/>
      </object_component>
      <object_component id="oc-84">
         <name>.debug_line</name>
         <load_address>0x1815</load_address>
         <run_address>0x1815</run_address>
         <size>0x3d</size>
         <input_file_ref idref="fl-99"/>
      </object_component>
      <object_component id="oc-87">
         <name>.debug_line</name>
         <load_address>0x1852</load_address>
         <run_address>0x1852</run_address>
         <size>0x3f</size>
         <input_file_ref idref="fl-9a"/>
      </object_component>
      <object_component id="oc-8b">
         <name>.debug_line</name>
         <load_address>0x1891</load_address>
         <run_address>0x1891</run_address>
         <size>0xd9</size>
         <input_file_ref idref="fl-9b"/>
      </object_component>
      <object_component id="oc-8e">
         <name>.debug_line</name>
         <load_address>0x196a</load_address>
         <run_address>0x196a</run_address>
         <size>0x3e</size>
         <input_file_ref idref="fl-9c"/>
      </object_component>
      <object_component id="oc-91">
         <name>.debug_line</name>
         <load_address>0x19a8</load_address>
         <run_address>0x19a8</run_address>
         <size>0x73</size>
         <input_file_ref idref="fl-9d"/>
      </object_component>
      <object_component id="oc-94">
         <name>.debug_line</name>
         <load_address>0x1a1b</load_address>
         <run_address>0x1a1b</run_address>
         <size>0x61</size>
         <input_file_ref idref="fl-9e"/>
      </object_component>
      <object_component id="oc-97">
         <name>.debug_line</name>
         <load_address>0x1a7c</load_address>
         <run_address>0x1a7c</run_address>
         <size>0x38</size>
         <input_file_ref idref="fl-9f"/>
      </object_component>
      <object_component id="oc-9a">
         <name>.debug_line</name>
         <load_address>0x1ab4</load_address>
         <run_address>0x1ab4</run_address>
         <size>0x56</size>
         <input_file_ref idref="fl-a0"/>
      </object_component>
      <object_component id="oc-9f">
         <name>.debug_line</name>
         <load_address>0x1b0a</load_address>
         <run_address>0x1b0a</run_address>
         <size>0x13b</size>
         <input_file_ref idref="fl-a1"/>
      </object_component>
      <object_component id="oc-a2">
         <name>.debug_line</name>
         <load_address>0x1c45</load_address>
         <run_address>0x1c45</run_address>
         <size>0x40</size>
         <input_file_ref idref="fl-a2"/>
      </object_component>
      <object_component id="oc-a5">
         <name>.debug_line</name>
         <load_address>0x1c85</load_address>
         <run_address>0x1c85</run_address>
         <size>0x3f</size>
         <input_file_ref idref="fl-a3"/>
      </object_component>
      <object_component id="oc-a8">
         <name>.debug_line</name>
         <load_address>0x1cc4</load_address>
         <run_address>0x1cc4</run_address>
         <size>0x39</size>
         <input_file_ref idref="fl-a4"/>
      </object_component>
      <object_component id="oc-ac">
         <name>.debug_line</name>
         <load_address>0x1cfd</load_address>
         <run_address>0x1cfd</run_address>
         <size>0x16c</size>
         <input_file_ref idref="fl-a5"/>
      </object_component>
      <object_component id="oc-b0">
         <name>.debug_line</name>
         <load_address>0x1e69</load_address>
         <run_address>0x1e69</run_address>
         <size>0x66</size>
         <input_file_ref idref="fl-a6"/>
      </object_component>
      <object_component id="oc-b3">
         <name>.debug_line</name>
         <load_address>0x1ecf</load_address>
         <run_address>0x1ecf</run_address>
         <size>0x40</size>
         <input_file_ref idref="fl-a7"/>
      </object_component>
      <object_component id="oc-b6">
         <name>.debug_line</name>
         <load_address>0x1f0f</load_address>
         <run_address>0x1f0f</run_address>
         <size>0x23</size>
         <input_file_ref idref="fl-a8"/>
      </object_component>
      <object_component id="oc-b9">
         <name>.debug_line</name>
         <load_address>0x1f32</load_address>
         <run_address>0x1f32</run_address>
         <size>0x3e</size>
         <input_file_ref idref="fl-a9"/>
      </object_component>
      <object_component id="oc-bc">
         <name>.debug_line</name>
         <load_address>0x1f70</load_address>
         <run_address>0x1f70</run_address>
         <size>0x3c</size>
         <input_file_ref idref="fl-aa"/>
      </object_component>
      <object_component id="oc-bf">
         <name>.debug_line</name>
         <load_address>0x1fac</load_address>
         <run_address>0x1fac</run_address>
         <size>0x40</size>
         <input_file_ref idref="fl-ab"/>
      </object_component>
      <object_component id="oc-c4">
         <name>.debug_line</name>
         <load_address>0x1fec</load_address>
         <run_address>0x1fec</run_address>
         <size>0x42</size>
         <input_file_ref idref="fl-ac"/>
      </object_component>
      <object_component id="oc-c7">
         <name>.debug_line</name>
         <load_address>0x202e</load_address>
         <run_address>0x202e</run_address>
         <size>0x3e</size>
         <input_file_ref idref="fl-ad"/>
      </object_component>
      <object_component id="oc-ca">
         <name>.debug_line</name>
         <load_address>0x206c</load_address>
         <run_address>0x206c</run_address>
         <size>0x39</size>
         <input_file_ref idref="fl-ae"/>
      </object_component>
      <object_component id="oc-18">
         <name>.debug_abbrev</name>
         <load_address>0x0</load_address>
         <run_address>0x0</run_address>
         <size>0x230</size>
         <input_file_ref idref="fl-2"/>
      </object_component>
      <object_component id="oc-1e">
         <name>.debug_abbrev</name>
         <load_address>0x230</load_address>
         <run_address>0x230</run_address>
         <size>0xd5</size>
         <input_file_ref idref="fl-3"/>
      </object_component>
      <object_component id="oc-25">
         <name>.debug_abbrev</name>
         <load_address>0x305</load_address>
         <run_address>0x305</run_address>
         <size>0x131</size>
         <input_file_ref idref="fl-4"/>
      </object_component>
      <object_component id="oc-2a">
         <name>.debug_abbrev</name>
         <load_address>0x436</load_address>
         <run_address>0x436</run_address>
         <size>0x21</size>
         <input_file_ref idref="fl-5"/>
      </object_component>
      <object_component id="oc-2e">
         <name>.debug_abbrev</name>
         <load_address>0x457</load_address>
         <run_address>0x457</run_address>
         <size>0xfe</size>
         <input_file_ref idref="fl-81"/>
      </object_component>
      <object_component id="oc-31">
         <name>.debug_abbrev</name>
         <load_address>0x555</load_address>
         <run_address>0x555</run_address>
         <size>0xe7</size>
         <input_file_ref idref="fl-82"/>
      </object_component>
      <object_component id="oc-36">
         <name>.debug_abbrev</name>
         <load_address>0x63c</load_address>
         <run_address>0x63c</run_address>
         <size>0x119</size>
         <input_file_ref idref="fl-83"/>
      </object_component>
      <object_component id="oc-3c">
         <name>.debug_abbrev</name>
         <load_address>0x755</load_address>
         <run_address>0x755</run_address>
         <size>0x1f6</size>
         <input_file_ref idref="fl-84"/>
      </object_component>
      <object_component id="oc-3f">
         <name>.debug_abbrev</name>
         <load_address>0x94b</load_address>
         <run_address>0x94b</run_address>
         <size>0xd0</size>
         <input_file_ref idref="fl-85"/>
      </object_component>
      <object_component id="oc-44">
         <name>.debug_abbrev</name>
         <load_address>0xa1b</load_address>
         <run_address>0xa1b</run_address>
         <size>0x9f</size>
         <input_file_ref idref="fl-86"/>
      </object_component>
      <object_component id="oc-47">
         <name>.debug_abbrev</name>
         <load_address>0xaba</load_address>
         <run_address>0xaba</run_address>
         <size>0xe1</size>
         <input_file_ref idref="fl-87"/>
      </object_component>
      <object_component id="oc-4a">
         <name>.debug_abbrev</name>
         <load_address>0xb9b</load_address>
         <run_address>0xb9b</run_address>
         <size>0x13f</size>
         <input_file_ref idref="fl-88"/>
      </object_component>
      <object_component id="oc-4d">
         <name>.debug_abbrev</name>
         <load_address>0xcda</load_address>
         <run_address>0xcda</run_address>
         <size>0xdd</size>
         <input_file_ref idref="fl-89"/>
      </object_component>
      <object_component id="oc-50">
         <name>.debug_abbrev</name>
         <load_address>0xdb7</load_address>
         <run_address>0xdb7</run_address>
         <size>0x10c</size>
         <input_file_ref idref="fl-8a"/>
      </object_component>
      <object_component id="oc-53">
         <name>.debug_abbrev</name>
         <load_address>0xec3</load_address>
         <run_address>0xec3</run_address>
         <size>0x3b</size>
         <input_file_ref idref="fl-8b"/>
      </object_component>
      <object_component id="oc-57">
         <name>.debug_abbrev</name>
         <load_address>0xefe</load_address>
         <run_address>0xefe</run_address>
         <size>0x104</size>
         <input_file_ref idref="fl-8c"/>
      </object_component>
      <object_component id="oc-5b">
         <name>.debug_abbrev</name>
         <load_address>0x1002</load_address>
         <run_address>0x1002</run_address>
         <size>0xf0</size>
         <input_file_ref idref="fl-8d"/>
      </object_component>
      <object_component id="oc-60">
         <name>.debug_abbrev</name>
         <load_address>0x10f2</load_address>
         <run_address>0x10f2</run_address>
         <size>0x208</size>
         <input_file_ref idref="fl-8e"/>
      </object_component>
      <object_component id="oc-64">
         <name>.debug_abbrev</name>
         <load_address>0x12fa</load_address>
         <run_address>0x12fa</run_address>
         <size>0x147</size>
         <input_file_ref idref="fl-8f"/>
      </object_component>
      <object_component id="oc-69">
         <name>.debug_abbrev</name>
         <load_address>0x1441</load_address>
         <run_address>0x1441</run_address>
         <size>0x136</size>
         <input_file_ref idref="fl-90"/>
      </object_component>
      <object_component id="oc-6c">
         <name>.debug_abbrev</name>
         <load_address>0x1577</load_address>
         <run_address>0x1577</run_address>
         <size>0x161</size>
         <input_file_ref idref="fl-91"/>
      </object_component>
      <object_component id="oc-70">
         <name>.debug_abbrev</name>
         <load_address>0x16d8</load_address>
         <run_address>0x16d8</run_address>
         <size>0x1d1</size>
         <input_file_ref idref="fl-92"/>
      </object_component>
      <object_component id="oc-73">
         <name>.debug_abbrev</name>
         <load_address>0x18a9</load_address>
         <run_address>0x18a9</run_address>
         <size>0xcc</size>
         <input_file_ref idref="fl-93"/>
      </object_component>
      <object_component id="oc-75">
         <name>.debug_abbrev</name>
         <load_address>0x1975</load_address>
         <run_address>0x1975</run_address>
         <size>0x5f</size>
         <input_file_ref idref="fl-94"/>
      </object_component>
      <object_component id="oc-79">
         <name>.debug_abbrev</name>
         <load_address>0x19d4</load_address>
         <run_address>0x19d4</run_address>
         <size>0x8e</size>
         <input_file_ref idref="fl-95"/>
      </object_component>
      <object_component id="oc-7c">
         <name>.debug_abbrev</name>
         <load_address>0x1a62</load_address>
         <run_address>0x1a62</run_address>
         <size>0xf5</size>
         <input_file_ref idref="fl-96"/>
      </object_component>
      <object_component id="oc-7f">
         <name>.debug_abbrev</name>
         <load_address>0x1b57</load_address>
         <run_address>0x1b57</run_address>
         <size>0x3b</size>
         <input_file_ref idref="fl-97"/>
      </object_component>
      <object_component id="oc-82">
         <name>.debug_abbrev</name>
         <load_address>0x1b92</load_address>
         <run_address>0x1b92</run_address>
         <size>0xac</size>
         <input_file_ref idref="fl-98"/>
      </object_component>
      <object_component id="oc-85">
         <name>.debug_abbrev</name>
         <load_address>0x1c3e</load_address>
         <run_address>0x1c3e</run_address>
         <size>0xc3</size>
         <input_file_ref idref="fl-99"/>
      </object_component>
      <object_component id="oc-88">
         <name>.debug_abbrev</name>
         <load_address>0x1d01</load_address>
         <run_address>0x1d01</run_address>
         <size>0x11f</size>
         <input_file_ref idref="fl-9a"/>
      </object_component>
      <object_component id="oc-8c">
         <name>.debug_abbrev</name>
         <load_address>0x1e20</load_address>
         <run_address>0x1e20</run_address>
         <size>0x14b</size>
         <input_file_ref idref="fl-9b"/>
      </object_component>
      <object_component id="oc-8f">
         <name>.debug_abbrev</name>
         <load_address>0x1f6b</load_address>
         <run_address>0x1f6b</run_address>
         <size>0x8c</size>
         <input_file_ref idref="fl-9c"/>
      </object_component>
      <object_component id="oc-92">
         <name>.debug_abbrev</name>
         <load_address>0x1ff7</load_address>
         <run_address>0x1ff7</run_address>
         <size>0xc3</size>
         <input_file_ref idref="fl-9d"/>
      </object_component>
      <object_component id="oc-95">
         <name>.debug_abbrev</name>
         <load_address>0x20ba</load_address>
         <run_address>0x20ba</run_address>
         <size>0xc3</size>
         <input_file_ref idref="fl-9e"/>
      </object_component>
      <object_component id="oc-98">
         <name>.debug_abbrev</name>
         <load_address>0x217d</load_address>
         <run_address>0x217d</run_address>
         <size>0xd0</size>
         <input_file_ref idref="fl-9f"/>
      </object_component>
      <object_component id="oc-9b">
         <name>.debug_abbrev</name>
         <load_address>0x224d</load_address>
         <run_address>0x224d</run_address>
         <size>0xa3</size>
         <input_file_ref idref="fl-a0"/>
      </object_component>
      <object_component id="oc-a0">
         <name>.debug_abbrev</name>
         <load_address>0x22f0</load_address>
         <run_address>0x22f0</run_address>
         <size>0x215</size>
         <input_file_ref idref="fl-a1"/>
      </object_component>
      <object_component id="oc-a3">
         <name>.debug_abbrev</name>
         <load_address>0x2505</load_address>
         <run_address>0x2505</run_address>
         <size>0xe3</size>
         <input_file_ref idref="fl-a2"/>
      </object_component>
      <object_component id="oc-a6">
[...]
         <object_component_ref idref="oc-cf"/>
      </symbol>
      <symbol id="sm-161">
         <name>_fixedMpy</name>
         <value>0x11810f44</value>
         <object_component_ref idref="oc-cf"/>
      </symbol>
      <symbol id="sm-162">
         <name>_filterSections</name>
         <value>0x11800000</value>
         <object_component_ref idref="oc-1a"/>
      </symbol>
      <symbol id="sm-163">
         <name>_cascadeSection</name>
         <value>0x11810e68</value>
         <object_component_ref idref="oc-cf"/>
      </symbol>
      <symbol id="sm-164">
         <name>_float2Fixed</name>
         <value>0x11810f88</value>
         <object_component_ref idref="oc-cf"/>
      </symbol>
      <symbol id="sm-165">
         <name>_cascade</name>
         <value>0x11810d80</value>
         <object_component_ref idref="oc-cf"/>
      </symbol>
      <symbol id="sm-166">
         <name>_dBuffer</name>
         <value>0x118000a0</value>
         <object_component_ref idref="oc-1b"/>
      </symbol>
      <symbol id="sm-1a3">
         <name>_main</name>
         <value>0x80004e20</value>
         <object_component_ref idref="oc-db"/>
      </symbol>
      <symbol id="sm-1a4">
         <name>_dOffset</name>
         <value>0x118117dc</value>
         <object_component_ref idref="oc-1f"/>
      </symbol>
      <symbol id="sm-1a5">
         <name>_gain</name>
         <value>0x118117d8</value>
         <object_component_ref idref="oc-1f"/>
      </symbol>
      <symbol id="sm-1a6">
         <name>_Cascade_Num</name>
         <value>0x118111d0</value>
         <object_component_ref idref="oc-e1"/>
      </symbol>
      <symbol id="sm-1a7">
         <name>_NL</name>
         <value>0x118117d0</value>
         <object_component_ref idref="oc-1f"/>
      </symbol>
      <symbol id="sm-1a8">
         <name>_codec_data</name>
         <value>0x11810d60</value>
         <object_component_ref idref="oc-22"/>
      </symbol>
      <symbol id="sm-1a9">
         <name>_Cascade_Den</name>
         <value>0x11811148</value>
         <object_component_ref idref="oc-e2"/>
      </symbol>
      <symbol id="sm-1aa">
         <name>_DL</name>
         <value>0x118117d4</value>
         <object_component_ref idref="oc-1f"/>
      </symbol>
      <symbol id="sm-1ab">
         <name>_i</name>
         <value>0x118117e0</value>
         <object_component_ref idref="oc-1f"/>
      </symbol>
      <symbol id="sm-1b8">
         <name>_vector10</name>
         <value>0x11811540</value>
         <object_component_ref idref="oc-27"/>
      </symbol>
      <symbol id="sm-1b9">
         <name>_vector11</name>
         <value>0x11811560</value>
         <object_component_ref idref="oc-27"/>
      </symbol>
      <symbol id="sm-1ba">
         <name>_vector12</name>
         <value>0x11811580</value>
         <object_component_ref idref="oc-27"/>
      </symbol>
      <symbol id="sm-1bb">
         <name>_vector13</name>
         <value>0x118115a0</value>
         <object_component_ref idref="oc-27"/>
      </symbol>
      <symbol id="sm-1bc">
         <name>_vector14</name>
         <value>0x118115c0</value>
         <object_component_ref idref="oc-27"/>
      </symbol>
      <symbol id="sm-1bd">
         <name>_vector15</name>
         <value>0x118115e0</value>
         <object_component_ref idref="oc-27"/>
      </symbol>
      <symbol id="sm-1be">
         <name>_vectors</name>
         <value>0x11811400</value>
         <object_component_ref idref="oc-27"/>
      </symbol>
      <symbol id="sm-1bf">
         <name>_vector1</name>
         <value>0x11811420</value>
         <object_component_ref idref="oc-27"/>
      </symbol>
      <symbol id="sm-1c0">
         <name>_vector3</name>
         <value>0x11811460</value>
         <object_component_ref idref="oc-27"/>
      </symbol>
      <symbol id="sm-1c1">
         <name>_vector2</name>
         <value>0x11811440</value>
         <object_component_ref idref="oc-27"/>
      </symbol>
      <symbol id="sm-1c2">
         <name>_vector5</name>
         <value>0x118114a0</value>
         <object_component_ref idref="oc-27"/>
      </symbol>
      <symbol id="sm-1c3">
         <name>_vector7</name>
         <value>0x118114e0</value>
         <object_component_ref idref="oc-27"/>
      </symbol>
      <symbol id="sm-1c4">
         <name>_vector6</name>
         <value>0x118114c0</value>
         <object_component_ref idref="oc-27"/>
      </symbol>
      <symbol id="sm-1c5">
         <name>_vector9</name>
         <value>0x11811520</value>
         <object_component_ref idref="oc-27"/>
      </symbol>
      <symbol id="sm-1c6">
         <name>_vector8</name>
         <value>0x11811500</value>
         <object_component_ref idref="oc-27"/>
      </symbol>
      <symbol id="sm-1d5">
         <name>_c_int00</name>
         <value>0x80008bc0</value>
         <object_component_ref idref="oc-11"/>
      </symbol>
      <symbol id="sm-1d6">
         <name>__stack</name>
         <value>0x118100f0</value>
         <object_component_ref idref="oc-2c"/>
      </symbol>
      <symbol id="sm-1e6">
         <name>__divf</name>
         <value>0x800050e0</value>
         <object_component_ref idref="oc-e3"/>
      </symbol>
      <symbol id="sm-1fd">
         <name>C$$EXIT</name>
         <value>0x800090c0</value>
         <object_component_ref idref="oc-dc"/>
      </symbol>
      <symbol id="sm-1fe">
         <name>_exit</name>
         <value>0x80008080</value>
         <object_component_ref idref="oc-ce"/>
      </symbol>
      <symbol id="sm-1ff">
         <name>___TI_enable_exit_profile_output</name>
         <value>0x11810d3c</value>
         <object_component_ref idref="oc-34"/>
      </symbol>
      <symbol id="sm-200">
         <name>_abort</name>
         <value>0x800090c0</value>
         <object_component_ref idref="oc-dc"/>
      </symbol>
      <symbol id="sm-201">
         <name>__cleanup_ptr</name>
         <value>0x11810d34</value>
         <object_component_ref idref="oc-34"/>
      </symbol>
      <symbol id="sm-202">
         <name>__dtors_ptr</name>
         <value>0x11810d38</value>
         <object_component_ref idref="oc-34"/>
      </symbol>
      <symbol id="sm-23a">
         <name>__sys_memory</name>
         <value>0x118000f0</value>
         <object_component_ref idref="oc-3a"/>
      </symbol>
      <symbol id="sm-23b">
         <name>_free</name>
         <value>0x80005360</value>
         <object_component_ref idref="oc-109"/>
      </symbol>
      <symbol id="sm-23c">
         <name>_malloc</name>
         <value>0x80006d60</value>
         <object_component_ref idref="oc-e5"/>
      </symbol>
      <symbol id="sm-247">
         <name>_memset</name>
         <value>0x80007a40</value>
         <object_component_ref idref="oc-e0"/>
      </symbol>
      <symbol id="sm-255">
         <name>__unlock</name>
         <value>0x11810d4c</value>
         <object_component_ref idref="oc-42"/>
      </symbol>
      <symbol id="sm-256">
         <name>__lock</name>
         <value>0x11810d48</value>
         <object_component_ref idref="oc-42"/>
      </symbol>
      <symbol id="sm-257">
         <name>__nop</name>
         <value>0x80009060</value>
         <object_component_ref idref="oc-d0"/>
      </symbol>
      <symbol id="sm-261">
         <name>__args_main</name>
         <value>0x80008f40</value>
         <object_component_ref idref="oc-cd"/>
      </symbol>
      <symbol id="sm-262">
         <name>__TI_args_main</name>
         <value>0x1</value>
      </symbol>
      <symbol id="sm-271">
         <name>__auto_init</name>
         <value>0x80007d80</value>
         <object_component_ref idref="oc-cc"/>
      </symbol>
      <symbol id="sm-27e">
         <name>___TI_cpp_init</name>
         <value>0x80008d40</value>
         <object_component_ref idref="oc-da"/>
      </symbol>
      <symbol id="sm-28c">
         <name>_copy_in</name>
         <value>0x80008660</value>
         <object_component_ref idref="oc-d8"/>
      </symbol>
      <symbol id="sm-294">
         <name>_memcpy</name>
         <value>0x80008840</value>
         <object_component_ref idref="oc-d9"/>
      </symbol>
      <symbol id="sm-2a3">
         <name>_USTIMER_get</name>
         <value>0x800066a4</value>
         <object_component_ref idref="oc-e7"/>
      </symbol>
      <symbol id="sm-2a4">
         <name>_USTIMER_delay</name>
         <value>0x800065e4</value>
         <object_component_ref idref="oc-e7"/>
      </symbol>
      <symbol id="sm-2a5">
         <name>_USTIMER_set</name>
         <value>0x800066b8</value>
         <object_component_ref idref="oc-e7"/>
      </symbol>
      <symbol id="sm-2a6">
         <name>_USTIMER_init</name>
         <value>0x80006500</value>
         <object_component_ref idref="oc-e7"/>
      </symbol>
      <symbol id="sm-2a7">
         <name>_USTIMER_reset</name>
         <value>0x80006674</value>
         <object_component_ref idref="oc-e7"/>
      </symbol>
      <symbol id="sm-2d3">
         <name>_AIC3106_writeRegister</name>
         <value>0x80006b90</value>
         <object_component_ref idref="oc-e4"/>
      </symbol>
      <symbol id="sm-2d4">
         <name>_AIC3106_init</name>
         <value>0x80006a40</value>
         <object_component_ref idref="oc-e4"/>
      </symbol>
      <symbol id="sm-2d5">
         <name>_AIC3106_readRegister</name>
         <value>0x80006b38</value>
         <object_component_ref idref="oc-e4"/>
      </symbol>
      <symbol id="sm-370">
         <name>_config_pll1</name>
         <value>0x80001ea4</value>
         <object_component_ref idref="oc-e6"/>
      </symbol>
      <symbol id="sm-371">
         <name>_config_pll0</name>
         <value>0x80001c68</value>
         <object_component_ref idref="oc-e6"/>
      </symbol>
      <symbol id="sm-372">
         <name>_UTIL_isUIBoardAttached</name>
         <value>0x800021e0</value>
         <object_component_ref idref="oc-e6"/>
      </symbol>
      <symbol id="sm-373">
         <name>_EVMOMAPL138_initRAM</name>
         <value>0x8000160c</value>
         <object_component_ref idref="oc-e6"/>
      </symbol>
      <symbol id="sm-374">
         <name>_EVMOMAPL138_lpscTransition</name>
         <value>0x80001890</value>
         <object_component_ref idref="oc-e6"/>
      </symbol>
      <symbol id="sm-375">
         <name>_EVMOMAPL138_enableDsp</name>
         <value>0x800017c8</value>
         <object_component_ref idref="oc-e6"/>
      </symbol>
      <symbol id="sm-376">
         <name>_EVMOMAPL138_init</name>
         <value>0x800015e0</value>
         <object_component_ref idref="oc-e6"/>
      </symbol>
      <symbol id="sm-377">
         <name>_UTIL_printMem</name>
         <value>0x80002088</value>
         <object_component_ref idref="oc-e6"/>
      </symbol>
      <symbol id="sm-378">
         <name>_EVMOMAPL138_pinmuxConfig</name>
         <value>0x800017f4</value>
         <object_component_ref idref="oc-e6"/>
      </symbol>
      <symbol id="sm-3a6">
         <name>_I2CGPIO_getInput</name>
         <value>0x80003314</value>
         <object_component_ref idref="oc-ec"/>
      </symbol>
      <symbol id="sm-3a7">
         <name>_I2CGPIO_setOutputAll</name>
         <value>0x80003688</value>
         <object_component_ref idref="oc-ec"/>
      </symbol>
      <symbol id="sm-3a8">
         <name>_I2CGPIO_setOutput</name>
         <value>0x80003540</value>
         <object_component_ref idref="oc-ec"/>
      </symbol>
      <symbol id="sm-3a9">
         <name>_I2CGPIO_getInputAll</name>
         <value>0x80003430</value>
         <object_component_ref idref="oc-ec"/>
      </symbol>
      <symbol id="sm-3aa">
         <name>_I2CGPIO_init</name>
         <value>0x80003240</value>
         <object_component_ref idref="oc-ec"/>
      </symbol>
      <symbol id="sm-3f3">
         <name>_I2C_read</name>
         <value>0x80003fec</value>
         <object_component_ref idref="oc-e8"/>
      </symbol>
      <symbol id="sm-3f4">
         <name>_I2C_write</name>
         <value>0x80004148</value>
         <object_component_ref idref="oc-e8"/>
      </symbol>
      <symbol id="sm-3f5">
         <name>_I2C_init</name>
         <value>0x80003f00</value>
         <object_component_ref idref="oc-e8"/>
      </symbol>
      <symbol id="sm-40a">
         <name>_printf</name>
         <value>0x80007b20</value>
         <object_component_ref idref="oc-eb"/>
      </symbol>
      <symbol id="sm-516">
         <name>__printfi</name>
         <value>0x80003720</value>
         <object_component_ref idref="oc-ee"/>
      </symbol>
      <symbol id="sm-524">
         <name>_atoi</name>
         <value>0x80007880</value>
         <object_component_ref idref="oc-f9"/>
      </symbol>
      <symbol id="sm-52c">
         <name>__ctypes_</name>
         <value>0x11811040</value>
         <object_component_ref idref="oc-ff"/>
      </symbol>
      <symbol id="sm-536">
         <name>__tmpnams</name>
         <value>0x11810ad0</value>
         <object_component_ref idref="oc-78"/>
      </symbol>
      <symbol id="sm-537">
         <name>__ft_end</name>
         <value>0x11810c10</value>
         <object_component_ref idref="oc-78"/>
      </symbol>
      <symbol id="sm-538">
         <name>__ftable</name>
         <value>0x118108f0</value>
         <object_component_ref idref="oc-78"/>
      </symbol>
      <symbol id="sm-54a">
         <name>__divd</name>
         <value>0x80002200</value>
         <object_component_ref idref="oc-110"/>
      </symbol>
      <symbol id="sm-553">
         <name>__c6xabi_divu</name>
         <value>0x80007f00</value>
         <object_component_ref idref="oc-118"/>
      </symbol>
      <symbol id="sm-554">
         <name>__divu</name>
         <value>0x80007f00</value>
         <object_component_ref idref="oc-118"/>
      </symbol>
      <symbol id="sm-561">
         <name>__fixdli</name>
         <value>0x80008520</value>
         <object_component_ref idref="oc-113"/>
      </symbol>
      <symbol id="sm-56c">
         <name>__fltlid</name>
         <value>0x80008ac0</value>
         <object_component_ref idref="oc-115"/>
      </symbol>
      <symbol id="sm-587">
         <name>_putc</name>
         <value>0x80005ee0</value>
         <object_component_ref idref="oc-f5"/>
      </symbol>
      <symbol id="sm-588">
         <name>_fputc</name>
         <value>0x80005ee0</value>
         <object_component_ref idref="oc-f5"/>
      </symbol>
      <symbol id="sm-5aa">
         <name>_fputs</name>
         <value>0x80003b60</value>
         <object_component_ref idref="oc-f0"/>
      </symbol>
      <symbol id="sm-5b4">
         <name>__frcmpyd_div</name>
         <value>0x80008f80</value>
         <object_component_ref idref="oc-117"/>
      </symbol>
      <symbol id="sm-5c4">
         <name>__divul</name>
         <value>0x800068a0</value>
         <object_component_ref idref="oc-119"/>
      </symbol>
      <symbol id="sm-5c5">
         <name>__remli</name>
         <value>0x80009000</value>
         <object_component_ref idref="oc-11d"/>
      </symbol>
      <symbol id="sm-5c6">
         <name>__divli</name>
         <value>0x80008340</value>
         <object_component_ref idref="oc-11e"/>
      </symbol>
      <symbol id="sm-5da">
         <name>__subcull</name>
         <value>0x80008da0</value>
         <object_component_ref idref="oc-120"/>
      </symbol>
      <symbol id="sm-5db">
         <name>__divull</name>
         <value>0x800055e0</value>
         <object_component_ref idref="oc-11a"/>
      </symbol>
      <symbol id="sm-5e5">
         <name>___isinf</name>
         <value>0x80008ec0</value>
         <object_component_ref idref="oc-101"/>
      </symbol>
      <symbol id="sm-5f3">
         <name>__llshl</name>
         <value>0x80008b40</value>
         <object_component_ref idref="oc-11f"/>
      </symbol>
      <symbol id="sm-5f4">
         <name>__llshru</name>
         <value>0x80008fc0</value>
         <object_component_ref idref="oc-116"/>
      </symbol>
      <symbol id="sm-631">
         <name>_unlink</name>
         <value>0x80008cc0</value>
         <object_component_ref idref="oc-121"/>
      </symbol>
      <symbol id="sm-632">
         <name>_lseek</name>
         <value>0x800087a0</value>
         <object_component_ref idref="oc-108"/>
      </symbol>
      <symbol id="sm-633">
         <name>_close</name>
         <value>0x80007960</value>
         <object_component_ref idref="oc-11b"/>
      </symbol>
      <symbol id="sm-634">
         <name>_write</name>
         <value>0x80008a20</value>
         <object_component_ref idref="oc-f8"/>
      </symbol>
      <symbol id="sm-641">
         <name>_ltoa</name>
         <value>0x80008140</value>
         <object_component_ref idref="oc-114"/>
      </symbol>
      <symbol id="sm-64e">
         <name>_memccpy</name>
         <value>0x80008e00</value>
         <object_component_ref idref="oc-fc"/>
      </symbol>
      <symbol id="sm-658">
         <name>__negll</name>
         <value>0x80009040</value>
         <object_component_ref idref="oc-106"/>
      </symbol>
      <symbol id="sm-681">
         <name>_HOSTopen</name>
         <value>0x800076c0</value>
         <object_component_ref idref="oc-d1"/>
      </symbol>
      <symbol id="sm-682">
         <name>_HOSTread</name>
         <value>0x800077a0</value>
         <object_component_ref idref="oc-d3"/>
      </symbol>
      <symbol id="sm-683">
         <name>_HOSTrename</name>
         <value>0x80006be0</value>
         <object_component_ref idref="oc-d7"/>
      </symbol>
      <symbol id="sm-684">
         <name>_HOSTwrite</name>
         <value>0x80007cc0</value>
         <object_component_ref idref="oc-d4"/>
      </symbol>
      <symbol id="sm-685">
         <name>_HOSTlseek</name>
         <value>0x800074c0</value>
         <object_component_ref idref="oc-d5"/>
      </symbol>
      <symbol id="sm-686">
         <name>_HOSTunlink</name>
         <value>0x80007c00</value>
         <object_component_ref idref="oc-d6"/>
      </symbol>
      <symbol id="sm-687">
         <name>_HOSTclose</name>
         <value>0x80008200</value>
         <object_component_ref idref="oc-d2"/>
      </symbol>
      <symbol id="sm-697">
         <name>C$$IO$$</name>
         <value>0x80008eb8</value>
         <object_component_ref idref="oc-de"/>
      </symbol>
      <symbol id="sm-698">
         <name>__CIOBUF_</name>
         <value>0x118112b8</value>
         <object_component_ref idref="oc-af"/>
      </symbol>
      <symbol id="sm-699">
         <name>_readmsg</name>
         <value>0x80008c40</value>
         <object_component_ref idref="oc-df"/>
      </symbol>
      <symbol id="sm-69a">
         <name>_writemsg</name>
         <value>0x80008e60</value>
         <object_component_ref idref="oc-de"/>
      </symbol>
      <symbol id="sm-6a9">
         <name>__wrt_ok</name>
         <value>0x800075c0</value>
         <object_component_ref idref="oc-f6"/>
      </symbol>
      <symbol id="sm-6bd">
         <name>__doflush</name>
         <value>0x80007fc0</value>
         <object_component_ref idref="oc-f7"/>
      </symbol>
      <symbol id="sm-6ce">
         <name>_fseek</name>
         <value>0x800073a0</value>
         <object_component_ref idref="oc-fd"/>
      </symbol>
      <symbol id="sm-6e5">
         <name>_setvbuf</name>
         <value>0x80006300</value>
         <object_component_ref idref="oc-fe"/>
      </symbol>
      <symbol id="sm-6f8">
         <name>__cleanup</name>
         <value>0x800082a0</value>
         <object_component_ref idref="oc-10a"/>
      </symbol>
      <symbol id="sm-70a">
         <name>__closefile</name>
         <value>0x80007160</value>
         <object_component_ref idref="oc-112"/>
      </symbol>
      <symbol id="sm-714">
         <name>_remove</name>
         <value>0x800090e0</value>
         <object_component_ref idref="oc-11c"/>
      </symbol>
   </symbol_table>
</link_info>
