******************************************************************************
               TMS320C6x Linker PC v7.4.24                     
******************************************************************************
>> Linked Fri Mar 08 18:32:18 2019

OUTPUT FILE NAME:   <Lab4.out>
ENTRY POINT SYMBOL: "_c_int00"  address: 800089e0


MEMORY CONFIGURATION

         name            origin    length      used     unused   attr    fill
----------------------  --------  ---------  --------  --------  ----  --------
  SHDSPL2ROM            11700000   00100000  00000000  00100000  RWIX
  ARRAY_DATA_MEM        11800000   00000800  00000800  00000000  RWIX
  SHDSPL2RAM            11800800   0003f800  000113cb  0002e435  RWIX
  SHDSPL1PRAM           11e00000   00008000  00000000  00008000  RWIX
  SHDSPL1DRAM           11f00000   00008000  00000000  00008000  RWIX
  EMIFACS0              40000000   20000000  00000000  20000000  RWIX
  EMIFACS2              60000000   02000000  00000000  02000000  RWIX
  EMIFACS3              62000000   02000000  00000000  02000000  RWIX
  EMIFACS4              64000000   02000000  00000000  02000000  RWIX
  EMIFACS5              66000000   02000000  00000000  02000000  RWIX
  SHRAM                 80000000   00020000  00008f60  000170a0  RWIX
  EXT_DDR2              c0000000   08000000  00000000  08000000  RWIX


SECTION ALLOCATION MAP

 output                                  attributes/
section   page    origin      length       input sections
--------  ----  ----------  ----------   ----------------
arraySect 
*          0    11800000    00000800     UNINITIALIZED
                  11800000    00000800     adaptive.obj (arraySect)

.data      0    11800800    00000000     UNINITIALIZED

.sysmem    0    11800800    00010000     UNINITIALIZED
                  11800800    00000008     rts6740.lib : memory.obj (.sysmem)
                  11800808    0000fff8     --HOLE--

.stack     0    11810800    00000800     UNINITIALIZED
                  11810800    00000008     rts6740.lib : boot.obj (.stack)
                  11810808    000007f8     --HOLE--

.far       0    11811000    00000474     UNINITIALIZED
                  11811000    00000324     rts6740.lib : defs.obj (.far)
                  11811324    00000004                 : fopen.obj (.far)
                  11811328    0000011c                 : lowlev.obj (.far)
                  11811444    0000000c                 : exit.obj (.far)
                  11811450    00000008     L138_aic3106_init.obj (.far)
                  11811458    00000008     rts6740.lib : _lock.obj (.far)
                  11811460    00000008                 : memory.obj (.far)
                  11811468    00000008                 : trgdrv.obj (.far)
                  11811470    00000004     template2.obj (.far)

.cinit     0    11811478    000001a4     
                  11811478    0000005c     rts6740.lib : defs.obj (.cinit)
                  118114d4    00000004     --HOLE-- [fill = 0]
                  118114d8    0000005c                 : lowlev.obj (.cinit)
                  11811534    00000004     --HOLE-- [fill = 0]
                  11811538    0000002c     L138_aic3106_init.obj (.cinit)
                  11811564    00000004     --HOLE-- [fill = 0]
                  11811568    0000002c     rts6740.lib : exit.obj (.cinit)
                  11811594    00000004     --HOLE-- [fill = 0]
                  11811598    0000002c                 : memory.obj (.cinit)
                  118115c4    00000004     --HOLE-- [fill = 0]
                  118115c8    0000001c                 : _lock.obj (.cinit)
                  118115e4    00000004     --HOLE-- [fill = 0]
                  118115e8    0000001c     template2.obj (.cinit)
                  11811604    00000004     --HOLE-- [fill = 0]
                  11811608    0000000c     rts6740.lib : fopen.obj (.cinit)
                  11811614    00000004     --HOLE-- [fill = 0]
                  11811618    00000004     (.pad.cinit) [fill = 0]

.const     0    11811620    00000167     
                  11811620    00000101     rts6740.lib : ctype.obj (.const:.string:__ctypes_)
                  11811721    00000002                 : fputs.obj (.const:.string)
                  11811723    00000001     --HOLE-- [fill = 0]
                  11811724    00000040     evmomapl138_bsl.lib : evmomapl138.obj (.const:.string)
                  11811764    00000023     rts6740.lib : _printfi.obj (.const:.string)

.bss       0    11811788    0000002c     UNINITIALIZED
                  11811788    0000001c     L138_aic3106_init.obj (.bss)
                  118117a4    0000000c     template2.obj (.bss)
                  118117b0    00000004     evmomapl138_bsl.lib : evmomapl138_i2c.obj (.bss)

.vecs      0    11811800    00000200     
                  11811800    00000200     vectors_intr.obj (.vecs)

.cio       0    11811a00    00000120     UNINITIALIZED
                  11811a00    00000120     rts6740.lib : trgmsg.obj (.cio)

.adaptive 
*          0    11811b20    00000100     
                  11811b20    00000100     adaptive.obj (.adaptive)

.text      0    80000000    00008f60     
                  80000000    000015e0     L138_aic3106_init.obj (.text)
                  800015e0    00000c20     evmomapl138_bsl.lib : evmomapl138.obj (.text)
                  80002200    000005a0     rts6740.lib : divd.obj (.text:__divd)
                  800027a0    00000580                 : _printfi.obj (.text:__getarg_diouxp)
                  80002d20    00000520                 : _printfi.obj (.text:__setfield)
                  80003240    000004e0     evmomapl138_bsl.lib : evmomapl138_i2c_gpio.obj (.text)
                  80003720    00000440     rts6740.lib : _printfi.obj (.text:__printfi)
                  80003b60    000003a0                 : fputs.obj (.text:_fputs)
                  80003f00    00000380     evmomapl138_bsl.lib : evmomapl138_i2c.obj (.text)
                  80004280    00000320     rts6740.lib : _printfi.obj (.text:__pproc_fge)
                  800045a0    000002e0                 : _printfi.obj (.text:_ecvt)
                  80004880    000002e0                 : _printfi.obj (.text:_fcvt)
                  80004b60    000002c0                 : _printfi.obj (.text:__pproc_fwp)
                  80004e20    00000280                 : memory.obj (.text:_free)
                  800050a0    00000260                 : imath64.obj (.text:__divull)
                  80005300    00000240                 : _printfi.obj (.text:__pconv_e)
                  80005540    00000240                 : _printfi.obj (.text:__pproc_diouxp)
                  80005780    00000240     template2.obj (.text:retain)
                  800059c0    00000220     rts6740.lib : _printfi.obj (.text:__pproc_str)
                  80005be0    00000220                 : fputc.obj (.text:_fputc)
                  80005e00    00000200                 : _printfi.obj (.text:__pconv_g)
                  80006000    00000200                 : setvbuf.obj (.text:_setvbuf)
                  80006200    000001e0     evmomapl138_bsl.lib : evmomapl138_timer.obj (.text)
                  800063e0    000001c0     rts6740.lib : _printfi.obj (.text:__mcpy)
                  800065a0    000001a0                 : imath40.obj (.text:__divul)
                  80006740    000001a0     evmomapl138_bsl.lib : evmomapl138_aic3106.obj (.text)
                  800068e0    00000180     rts6740.lib : trgdrv.obj (.text:_HOSTrename)
                  80006a60    00000180                 : memory.obj (.text:_malloc)
                  80006be0    00000140                 : _printfi.obj (.text:__pproc_fflags)
                  80006d20    00000140                 : lowlev.obj (.text:_getdevice)
                  80006e60    00000120                 : fclose.obj (.text:__closefile)
                  80006f80    00000120                 : _printfi.obj (.text:__ltostr)
                  800070a0    00000120                 : fseek.obj (.text:_fseek)
                  800071c0    00000100                 : trgdrv.obj (.text:_HOSTlseek)
                  800072c0    00000100                 : _io_perm.obj (.text:__wrt_ok)
                  800073c0    000000e0                 : trgdrv.obj (.text:_HOSTopen)
                  800074a0    000000e0                 : trgdrv.obj (.text:_HOSTread)
                  80007580    000000e0                 : atoi.obj (.text:_atoi)
                  80007660    000000e0                 : lowlev.obj (.text:_close)
                  80007740    000000e0                 : memset.obj (.text:_memset)
                  80007820    000000e0                 : printf.obj (.text:_printf)
                  80007900    000000c0                 : trgdrv.obj (.text:_HOSTunlink)
                  800079c0    000000c0                 : trgdrv.obj (.text:_HOSTwrite)
                  80007a80    000000c0                 : autoinit.obj (.text:__auto_init)
                  80007b40    000000c0                 : _printfi.obj (.text:__div)
                  80007c00    000000c0                 : divu.obj (.text:__divu)
                  80007cc0    000000c0                 : fflush.obj (.text:__doflush)
                  80007d80    000000c0                 : exit.obj (.text:_exit)
                  80007e40    000000c0                 : ltoa.obj (.text:_ltoa)
                  80007f00    000000a0                 : trgdrv.obj (.text:_HOSTclose)
                  80007fa0    000000a0                 : fopen.obj (.text:__cleanup)
                  80008040    000000a0                 : imath40.obj (.text:__divli)
                  800080e0    000000a0                 : _printfi.obj (.text:__ecpy)
                  80008180    000000a0                 : _printfi.obj (.text:__fcpy)
                  80008220    000000a0                 : fixdli.obj (.text:__fixdli)
                  800082c0    000000a0                 : _printfi.obj (.text:__pconv_f)
                  80008360    000000a0                 : cpy_tbl.obj (.text:_copy_in)
                  80008400    000000a0                 : lowlev.obj (.text:_finddevice)
                  800084a0    000000a0                 : lowlev.obj (.text:_lseek)
                  80008540    000000a0                 : memcpy64.obj (.text:_memcpy)
                  800085e0    000000a0                 : memory.obj (.text:_minsert)
                  80008680    000000a0                 : memory.obj (.text:_mremove)
                  80008720    000000a0                 : lowlev.obj (.text:_write)
                  800087c0    000000a0     template2.obj (.text)
                  80008860    00000080     rts6740.lib : fixfu.obj (.text:__fixfu)
                  800088e0    00000080                 : fltlid.obj (.text:__fltlid)
                  80008960    00000080                 : llshift.obj (.text:__llshl)
                  800089e0    00000080                 : boot.obj (.text:_c_int00)
                  80008a60    00000080                 : trgmsg.obj (.text:_readmsg)
                  80008ae0    00000080                 : lowlev.obj (.text:_unlink)
                  80008b60    00000060                 : cpp_init.obj (.text:___TI_cpp_init)
                  80008bc0    00000060                 : imath64.obj (.text:__subcull)
                  80008c20    00000060                 : memccpy.obj (.text:_memccpy)
                  80008c80    00000060                 : trgmsg.obj (.text:_writemsg)
                  80008ce0    00000040                 : isinf.obj (.text:___isinf)
                  80008d20    00000040                 : _printfi.obj (.text:___isnan)
                  80008d60    00000040                 : args_main.obj (.text:__args_main)
                  80008da0    00000040                 : frcmpyd_div.obj (.text:__frcmpyd_div)
                  80008de0    00000040                 : llshift.obj (.text:__llshru)
                  80008e20    00000040                 : imath40.obj (.text:__remli)
                  80008e60    00000020                 : negll.obj (.text:__negll)
                  80008e80    00000020                 : _lock.obj (.text:__nop)
                  80008ea0    00000020                 : printf.obj (.text:__outc)
                  80008ec0    00000020                 : printf.obj (.text:__outs)
                  80008ee0    00000020                 : exit.obj (.text:_abort)
                  80008f00    00000020                 : remove.obj (.text:_remove)
                  80008f20    00000020     vectors_intr.obj (.text)
                  80008f40    00000010     adaptive.obj ($Tramp$S$$_init)
                  80008f50    00000010     adaptive.obj ($Tramp$S$$_adaptiveFilter)


FAR CALL TRAMPOLINES

callee name               trampoline name
   callee addr  tramp addr   call addr  call info
--------------  -----------  ---------  ----------------
$.adaptive:adaptive.obj$0x0  $Tramp$S$$_init
   11811b20     80008f40     80008848   template2.obj (.text)
$.adaptive:adaptive.obj$0x28  $Tramp$S$$_adaptiveFilter
   11811b48     80008f50     80005888   template2.obj (.text:retain)

[2 trampolines]
[2 trampoline calls]


GLOBAL SYMBOLS: SORTED ALPHABETICALLY BY Name 

address    name
--------   ----
11811788   $bss
11811788   .bss
11800800   .data
80000000   .text
80008ee0   C$$EXIT
80008cd8   C$$IO$$
80006740   _AIC3106_init
80006838   _AIC3106_readRegister
80006890   _AIC3106_writeRegister
11811450   _AIC31_data
80000258   _EDMA3_PaRAM_setup
800017c8   _EVMOMAPL138_enableDsp
800015e0   _EVMOMAPL138_init
8000160c   _EVMOMAPL138_initRAM
80001890   _EVMOMAPL138_lpscTransition
800017f4   _EVMOMAPL138_pinmuxConfig
80007f00   _HOSTclose
800071c0   _HOSTlseek
800073c0   _HOSTopen
800074a0   _HOSTread
800068e0   _HOSTrename
80007900   _HOSTunlink
800079c0   _HOSTwrite
80003314   _I2CGPIO_getInput
80003430   _I2CGPIO_getInputAll
80003240   _I2CGPIO_init
80003540   _I2CGPIO_setOutput
80003688   _I2CGPIO_setOutputAll
80003f00   _I2C_init
80003fec   _I2C_read
80004148   _I2C_write
80000de4   _L138_init_aic3106_registers
80000634   _L138_init_mcasp_edma
800008f0   _L138_init_mcasp_intr
80000b50   _L138_init_mcasp_poll
800010d8   _L138_initialise_edma
80001338   _L138_initialise_intr
80001264   _L138_initialise_poll
800062e4   _USTIMER_delay
800063a4   _USTIMER_get
80006200   _USTIMER_init
80006374   _USTIMER_reset
800063b8   _USTIMER_set
800021e0   _UTIL_isUIBoardAttached
80002088   _UTIL_printMem
11811a00   __CIOBUF_
11811000   __STACK_END
00000800   __STACK_SIZE
00010000   __SYSMEM_SIZE
00000001   __TI_args_main
80008b60   ___TI_cpp_init
1181144c   ___TI_enable_exit_profile_output
ffffffff   ___TI_pprof_out_hndl
ffffffff   ___TI_prof_data_size
ffffffff   ___TI_prof_data_start
ffffffff   ___binit__
11811788   ___bss__
ffffffff   ___c_args__
11811478   ___cinit__
11800800   ___data__
11800800   ___edata__
118117b4   ___end__
80008f60   ___etext__
80008ce0   ___isinf
ffffffff   ___pinit__
80000000   ___text__
80008d60   __args_main
80007a80   __auto_init
80007c00   __c6xabi_divu
80007fa0   __cleanup
11811444   __cleanup_ptr
80006e60   __closefile
11811620   __ctypes_
80002200   __divd
80008040   __divli
80007c00   __divu
800065a0   __divul
800050a0   __divull
80007cc0   __doflush
11811448   __dtors_ptr
80008220   __fixdli
80008860   __fixfu
800088e0   __fltlid
80008da0   __frcmpyd_div
11811320   __ft_end
11811000   __ftable
80008960   __llshl
80008de0   __llshru
11811458   __lock
80008e60   __negll
80008e80   __nop
80003720   __printfi
80008e20   __remli
11810800   __stack
80008bc0   __subcull
11800800   __sys_memory
118111e0   __tmpnams
1181145c   __unlock
800072c0   __wrt_ok
80008ee0   _abort
11811b48   _adaptiveFilter
80007580   _atoi
800089e0   _c_int00
80007660   _close
11811470   _codec_data
80001c68   _config_pll0
80001ea4   _config_pll1
80008360   _copy_in
118117a8   _error
80007d80   _exit
1181179c   _fb
11800400   _filter
80005be0   _fputc
80003b60   _fputs
80004e20   _free
800070a0   _fseek
11811b20   _init
800001a8   _input_left_sample
80000200   _input_right_sample
80000150   _input_sample
80005780   _interrupt4
800084a0   _lseek
80007e40   _ltoa
800087c0   _main
80006a60   _malloc
80008c20   _memccpy
80008540   _memcpy
80007740   _memset
118117ac   _offset
80000068   _output_left_sample
800000e0   _output_right_sample
80000000   _output_sample
118117a4   _p_xBuff
1181178c   _pingIN
11811790   _pingOUT
11811794   _pongIN
11811798   _pongOUT
800015b0   _prand
118117a0   _prand_seed
80001460   _prbs
80007820   _printf
80005be0   _putc
80001530   _rand31_next
80008a60   _readmsg
80008f00   _remove
80006000   _setvbuf
11811454   _sreg
80008ae0   _unlink
11811820   _vector1
11811940   _vector10
11811960   _vector11
11811980   _vector12
118119a0   _vector13
118119c0   _vector14
118119e0   _vector15
11811840   _vector2
11811860   _vector3
118118a0   _vector5
118118c0   _vector6
118118e0   _vector7
11811900   _vector8
11811920   _vector9
11811800   _vectors
80008720   _write
80008c80   _writemsg
11800000   _xBuff
ffffffff   binit
11811478   cinit
11800800   edata
118117b4   end
80008f60   etext
ffffffff   pinit


GLOBAL SYMBOLS: SORTED BY Symbol Address 

address    name
--------   ----
00000001   __TI_args_main
00000800   __STACK_SIZE
00010000   __SYSMEM_SIZE
11800000   _xBuff
11800400   _filter
11800800   .data
11800800   ___data__
11800800   ___edata__
11800800   __sys_memory
11800800   edata
11810800   __stack
11811000   __STACK_END
11811000   __ftable
118111e0   __tmpnams
11811320   __ft_end
11811444   __cleanup_ptr
11811448   __dtors_ptr
1181144c   ___TI_enable_exit_profile_output
11811450   _AIC31_data
11811454   _sreg
11811458   __lock
1181145c   __unlock
11811470   _codec_data
11811478   ___cinit__
11811478   cinit
11811620   __ctypes_
11811788   $bss
11811788   .bss
11811788   ___bss__
1181178c   _pingIN
11811790   _pingOUT
11811794   _pongIN
11811798   _pongOUT
1181179c   _fb
118117a0   _prand_seed
118117a4   _p_xBuff
118117a8   _error
118117ac   _offset
118117b4   ___end__
118117b4   end
11811800   _vectors
11811820   _vector1
11811840   _vector2
11811860   _vector3
118118a0   _vector5
118118c0   _vector6
118118e0   _vector7
11811900   _vector8
11811920   _vector9
11811940   _vector10
11811960   _vector11
11811980   _vector12
118119a0   _vector13
118119c0   _vector14
118119e0   _vector15
11811a00   __CIOBUF_
11811b20   _init
11811b48   _adaptiveFilter
80000000   .text
80000000   ___text__
80000000   _output_sample
80000068   _output_left_sample
800000e0   _output_right_sample
80000150   _input_sample
800001a8   _input_left_sample
80000200   _input_right_sample
80000258   _EDMA3_PaRAM_setup
80000634   _L138_init_mcasp_edma
800008f0   _L138_init_mcasp_intr
80000b50   _L138_init_mcasp_poll
80000de4   _L138_init_aic3106_registers
800010d8   _L138_initialise_edma
80001264   _L138_initialise_poll
80001338   _L138_initialise_intr
80001460   _prbs
80001530   _rand31_next
800015b0   _prand
800015e0   _EVMOMAPL138_init
8000160c   _EVMOMAPL138_initRAM
800017c8   _EVMOMAPL138_enableDsp
800017f4   _EVMOMAPL138_pinmuxConfig
80001890   _EVMOMAPL138_lpscTransition
80001c68   _config_pll0
80001ea4   _config_pll1
80002088   _UTIL_printMem
800021e0   _UTIL_isUIBoardAttached
80002200   __divd
80003240   _I2CGPIO_init
80003314   _I2CGPIO_getInput
80003430   _I2CGPIO_getInputAll
80003540   _I2CGPIO_setOutput
80003688   _I2CGPIO_setOutputAll
80003720   __printfi
80003b60   _fputs
80003f00   _I2C_init
80003fec   _I2C_read
80004148   _I2C_write
80004e20   _free
800050a0   __divull
80005780   _interrupt4
80005be0   _fputc
80005be0   _putc
80006000   _setvbuf
80006200   _USTIMER_init
800062e4   _USTIMER_delay
80006374   _USTIMER_reset
800063a4   _USTIMER_get
800063b8   _USTIMER_set
800065a0   __divul
80006740   _AIC3106_init
80006838   _AIC3106_readRegister
80006890   _AIC3106_writeRegister
800068e0   _HOSTrename
80006a60   _malloc
80006e60   __closefile
800070a0   _fseek
800071c0   _HOSTlseek
800072c0   __wrt_ok
800073c0   _HOSTopen
800074a0   _HOSTread
80007580   _atoi
80007660   _close
80007740   _memset
80007820   _printf
80007900   _HOSTunlink
800079c0   _HOSTwrite
80007a80   __auto_init
80007c00   __c6xabi_divu
80007c00   __divu
80007cc0   __doflush
80007d80   _exit
80007e40   _ltoa
80007f00   _HOSTclose
80007fa0   __cleanup
80008040   __divli
80008220   __fixdli
80008360   _copy_in
800084a0   _lseek
80008540   _memcpy
80008720   _write
800087c0   _main
80008860   __fixfu
800088e0   __fltlid
80008960   __llshl
800089e0   _c_int00
80008a60   _readmsg
80008ae0   _unlink
80008b60   ___TI_cpp_init
80008bc0   __subcull
80008c20   _memccpy
80008c80   _writemsg
80008cd8   C$$IO$$
80008ce0   ___isinf
80008d60   __args_main
80008da0   __frcmpyd_div
80008de0   __llshru
80008e20   __remli
80008e60   __negll
80008e80   __nop
80008ee0   C$$EXIT
80008ee0   _abort
80008f00   _remove
80008f60   ___etext__
80008f60   etext
ffffffff   ___TI_pprof_out_hndl
ffffffff   ___TI_prof_data_size
ffffffff   ___TI_prof_data_start
ffffffff   ___binit__
ffffffff   ___c_args__
ffffffff   ___pinit__
ffffffff   binit
ffffffff   pinit

[172 symbols]
