******************************************************************************
               TMS320C6x Linker PC v7.4.24                     
******************************************************************************
>> Linked Wed Feb 27 16:46:38 2019

OUTPUT FILE NAME:   <Lab3.out>
ENTRY POINT SYMBOL: "_c_int00"  address: 800089e0


MEMORY CONFIGURATION

         name            origin    length      used     unused   attr    fill
----------------------  --------  ---------  --------  --------  ----  --------
  SHDSPL2ROM            11700000   00100000  00000000  00100000  RWIX
  SHDSPL2RAM            11800000   00040000  00011563  0002ea9d  RWIX
  SHDSPL1PRAM           11e00000   00008000  00000000  00008000  RWIX
  SHDSPL1DRAM           11f00000   00008000  00000000  00008000  RWIX
  EMIFACS0              40000000   20000000  00000000  20000000  RWIX
  EMIFACS2              60000000   02000000  00000000  02000000  RWIX
  EMIFACS3              62000000   02000000  00000000  02000000  RWIX
  EMIFACS4              64000000   02000000  00000000  02000000  RWIX
  EMIFACS5              66000000   02000000  00000000  02000000  RWIX
  SHRAM                 80000000   00020000  00008f60  000170a0  RWIX
  EXT_DDR2              c0000000   08000000  00000000  08000000  RWIX


SECTION ALLOCATION MAP

 output                                  attributes/
section   page    origin      length       input sections
--------  ----  ----------  ----------   ----------------
.data      0    11800000    00000000     UNINITIALIZED

.sysmem    0    11800000    00010000     UNINITIALIZED
                  11800000    00000008     rts6740.lib : memory.obj (.sysmem)
                  11800008    0000fff8     --HOLE--

.stack     0    11810000    00000800     UNINITIALIZED
                  11810000    00000008     rts6740.lib : boot.obj (.stack)
                  11810008    000007f8     --HOLE--

.far       0    11810800    00000548     UNINITIALIZED
                  11810800    00000324     rts6740.lib : defs.obj (.far)
                  11810b24    00000004                 : fopen.obj (.far)
                  11810b28    0000011c                 : lowlev.obj (.far)
                  11810c44    0000000c                 : exit.obj (.far)
                  11810c50    000000d4     template2.obj (.far)
                  11810d24    00000008     L138_aic3106_init.obj (.far)
                  11810d2c    00000008     rts6740.lib : _lock.obj (.far)
                  11810d34    00000008                 : memory.obj (.far)
                  11810d3c    00000004     --HOLE--
                  11810d40    00000008                 : trgdrv.obj (.far)

.cinit     0    11810d48    0000022c     
                  11810d48    000000a4     template2.obj (.cinit)
                  11810dec    00000004     --HOLE-- [fill = 0]
                  11810df0    0000005c     rts6740.lib : defs.obj (.cinit)
                  11810e4c    00000004     --HOLE-- [fill = 0]
                  11810e50    0000005c                 : lowlev.obj (.cinit)
                  11810eac    00000004     --HOLE-- [fill = 0]
                  11810eb0    0000002c     L138_aic3106_init.obj (.cinit)
                  11810edc    00000004     --HOLE-- [fill = 0]
                  11810ee0    0000002c     rts6740.lib : exit.obj (.cinit)
                  11810f0c    00000004     --HOLE-- [fill = 0]
                  11810f10    0000002c                 : memory.obj (.cinit)
                  11810f3c    00000004     --HOLE-- [fill = 0]
                  11810f40    0000001c                 : _lock.obj (.cinit)
                  11810f5c    00000004     --HOLE-- [fill = 0]
                  11810f60    0000000c                 : fopen.obj (.cinit)
                  11810f6c    00000004     --HOLE-- [fill = 0]
                  11810f70    00000004     (.pad.cinit) [fill = 0]

.bss       0    11810f74    00000028     UNINITIALIZED
                  11810f74    0000001c     L138_aic3106_init.obj (.bss)
                  11810f90    00000008     template2.obj (.bss)
                  11810f98    00000004     evmomapl138_bsl.lib : evmomapl138_i2c.obj (.bss)

.vecs      0    11811000    00000200     
                  11811000    00000200     vectors_intr.obj (.vecs)

.const     0    11811200    00000167     
                  11811200    00000101     rts6740.lib : ctype.obj (.const:.string:__ctypes_)
                  11811301    00000002                 : fputs.obj (.const:.string)
                  11811303    00000001     --HOLE-- [fill = 0]
                  11811304    00000040     evmomapl138_bsl.lib : evmomapl138.obj (.const:.string)
                  11811344    00000023     rts6740.lib : _printfi.obj (.const:.string)

.cascade   0    11811380    00000140     
                  11811380    000000a0     cascade.obj (.cascade)
                  11811420    000000a0     cascadeSection.obj (.cascade)

.cio       0    118114c0    00000120     UNINITIALIZED
                  118114c0    00000120     rts6740.lib : trgmsg.obj (.cio)

.text      0    80000000    00008f60     
                  80000000    000015e0     L138_aic3106_init.obj (.text)
                  800015e0    00000c20     evmomapl138_bsl.lib : evmomapl138.obj (.text)
                  80002200    000005a0     rts6740.lib : divd.obj (.text:__divd)
                  800027a0    00000580                 : _printfi.obj (.text:__getarg_diouxp)
                  80002d20    00000520                 : _printfi.obj (.text:__setfield)
                  80003240    000004e0     evmomapl138_bsl.lib : evmomapl138_i2c_gpio.obj (.text)
                  80003720    00000440     rts6740.lib : _printfi.obj (.text:__printfi)
                  80003b60    000003a0                 : fputs.obj (.text:_fputs)
                  80003f00    00000380     evmomapl138_bsl.lib : evmomapl138_i2c.obj (.text)
                  80004280    00000320     rts6740.lib : _printfi.obj (.text:__pproc_fge)
                  800045a0    000002e0                 : _printfi.obj (.text:_ecvt)
                  80004880    000002e0                 : _printfi.obj (.text:_fcvt)
                  80004b60    000002c0                 : _printfi.obj (.text:__pproc_fwp)
                  80004e20    00000280                 : memory.obj (.text:_free)
                  800050a0    00000260                 : imath64.obj (.text:__divull)
                  80005300    00000240                 : _printfi.obj (.text:__pconv_e)
                  80005540    00000240                 : _printfi.obj (.text:__pproc_diouxp)
                  80005780    00000240     template2.obj (.text:retain)
                  800059c0    00000220     rts6740.lib : _printfi.obj (.text:__pproc_str)
                  80005be0    00000220                 : fputc.obj (.text:_fputc)
                  80005e00    00000200                 : _printfi.obj (.text:__pconv_g)
                  80006000    00000200                 : setvbuf.obj (.text:_setvbuf)
                  80006200    000001e0     evmomapl138_bsl.lib : evmomapl138_timer.obj (.text)
                  800063e0    000001c0     rts6740.lib : _printfi.obj (.text:__mcpy)
                  800065a0    000001a0                 : imath40.obj (.text:__divul)
                  80006740    000001a0     evmomapl138_bsl.lib : evmomapl138_aic3106.obj (.text)
                  800068e0    00000180     rts6740.lib : trgdrv.obj (.text:_HOSTrename)
                  80006a60    00000180                 : memory.obj (.text:_malloc)
                  80006be0    00000140                 : _printfi.obj (.text:__pproc_fflags)
                  80006d20    00000140                 : lowlev.obj (.text:_getdevice)
                  80006e60    00000120                 : fclose.obj (.text:__closefile)
                  80006f80    00000120                 : _printfi.obj (.text:__ltostr)
                  800070a0    00000120                 : fseek.obj (.text:_fseek)
                  800071c0    00000100                 : trgdrv.obj (.text:_HOSTlseek)
                  800072c0    00000100                 : _io_perm.obj (.text:__wrt_ok)
                  800073c0    000000e0                 : trgdrv.obj (.text:_HOSTopen)
                  800074a0    000000e0                 : trgdrv.obj (.text:_HOSTread)
                  80007580    000000e0                 : atoi.obj (.text:_atoi)
                  80007660    000000e0                 : lowlev.obj (.text:_close)
                  80007740    000000e0                 : memset.obj (.text:_memset)
                  80007820    000000e0                 : printf.obj (.text:_printf)
                  80007900    000000c0                 : trgdrv.obj (.text:_HOSTunlink)
                  800079c0    000000c0                 : trgdrv.obj (.text:_HOSTwrite)
                  80007a80    000000c0                 : autoinit.obj (.text:__auto_init)
                  80007b40    000000c0                 : _printfi.obj (.text:__div)
                  80007c00    000000c0                 : divu.obj (.text:__divu)
                  80007cc0    000000c0                 : fflush.obj (.text:__doflush)
                  80007d80    000000c0                 : exit.obj (.text:_exit)
                  80007e40    000000c0                 : ltoa.obj (.text:_ltoa)
                  80007f00    000000a0                 : trgdrv.obj (.text:_HOSTclose)
                  80007fa0    000000a0                 : fopen.obj (.text:__cleanup)
                  80008040    000000a0                 : imath40.obj (.text:__divli)
                  800080e0    000000a0                 : _printfi.obj (.text:__ecpy)
                  80008180    000000a0                 : _printfi.obj (.text:__fcpy)
                  80008220    000000a0                 : fixdli.obj (.text:__fixdli)
                  800082c0    000000a0                 : _printfi.obj (.text:__pconv_f)
                  80008360    000000a0                 : cpy_tbl.obj (.text:_copy_in)
                  80008400    000000a0                 : lowlev.obj (.text:_finddevice)
                  800084a0    000000a0                 : lowlev.obj (.text:_lseek)
                  80008540    000000a0                 : memcpy64.obj (.text:_memcpy)
                  800085e0    000000a0                 : memory.obj (.text:_minsert)
                  80008680    000000a0                 : memory.obj (.text:_mremove)
                  80008720    000000a0                 : lowlev.obj (.text:_write)
                  800087c0    000000a0     template2.obj (.text)
                  80008860    00000080     rts6740.lib : fixfu.obj (.text:__fixfu)
                  800088e0    00000080                 : fltlid.obj (.text:__fltlid)
                  80008960    00000080                 : llshift.obj (.text:__llshl)
                  800089e0    00000080                 : boot.obj (.text:_c_int00)
                  80008a60    00000080                 : trgmsg.obj (.text:_readmsg)
                  80008ae0    00000080                 : lowlev.obj (.text:_unlink)
                  80008b60    00000060                 : cpp_init.obj (.text:___TI_cpp_init)
                  80008bc0    00000060                 : imath64.obj (.text:__subcull)
                  80008c20    00000060                 : memccpy.obj (.text:_memccpy)
                  80008c80    00000060                 : trgmsg.obj (.text:_writemsg)
                  80008ce0    00000040                 : isinf.obj (.text:___isinf)
                  80008d20    00000040                 : _printfi.obj (.text:___isnan)
                  80008d60    00000040                 : args_main.obj (.text:__args_main)
                  80008da0    00000040                 : frcmpyd_div.obj (.text:__frcmpyd_div)
                  80008de0    00000040                 : llshift.obj (.text:__llshru)
                  80008e20    00000040                 : imath40.obj (.text:__remli)
                  80008e60    00000020                 : negll.obj (.text:__negll)
                  80008e80    00000020                 : _lock.obj (.text:__nop)
                  80008ea0    00000020                 : printf.obj (.text:__outc)
                  80008ec0    00000020                 : printf.obj (.text:__outs)
                  80008ee0    00000020                 : exit.obj (.text:_abort)
                  80008f00    00000020                 : remove.obj (.text:_remove)
                  80008f20    00000020     vectors_intr.obj (.text)
                  80008f40    00000010     cascade.obj ($Tramp$S$$_cascade)
                  80008f50    00000010     --HOLE-- [fill = 00000000]


FAR CALL TRAMPOLINES

callee name               trampoline name
   callee addr  tramp addr   call addr  call info
--------------  -----------  ---------  ----------------
$.cascade:cascade.obj$0x0  $Tramp$S$$_cascade
   11811380     80008f40     80005870   template2.obj (.text:retain)

[1 trampolines]
[1 trampoline calls]


GLOBAL SYMBOLS: SORTED ALPHABETICALLY BY Name 

address    name
--------   ----
11810f74   $bss
11810f74   .bss
11800000   .data
80000000   .text
80008ee0   C$$EXIT
80008cd8   C$$IO$$
80006740   _AIC3106_init
80006838   _AIC3106_readRegister
80006890   _AIC3106_writeRegister
11810d24   _AIC31_data
80000258   _EDMA3_PaRAM_setup
800017c8   _EVMOMAPL138_enableDsp
800015e0   _EVMOMAPL138_init
8000160c   _EVMOMAPL138_initRAM
80001890   _EVMOMAPL138_lpscTransition
800017f4   _EVMOMAPL138_pinmuxConfig
80007f00   _HOSTclose
800071c0   _HOSTlseek
800073c0   _HOSTopen
800074a0   _HOSTread
800068e0   _HOSTrename
80007900   _HOSTunlink
800079c0   _HOSTwrite
80003314   _I2CGPIO_getInput
80003430   _I2CGPIO_getInputAll
80003240   _I2CGPIO_init
80003540   _I2CGPIO_setOutput
80003688   _I2CGPIO_setOutputAll
80003f00   _I2C_init
80003fec   _I2C_read
80004148   _I2C_write
80000de4   _L138_init_aic3106_registers
80000634   _L138_init_mcasp_edma
800008f0   _L138_init_mcasp_intr
80000b50   _L138_init_mcasp_poll
800010d8   _L138_initialise_edma
80001338   _L138_initialise_intr
80001264   _L138_initialise_poll
800062e4   _USTIMER_delay
800063a4   _USTIMER_get
80006200   _USTIMER_init
80006374   _USTIMER_reset
800063b8   _USTIMER_set
800021e0   _UTIL_isUIBoardAttached
80002088   _UTIL_printMem
118114c0   __CIOBUF_
11810800   __STACK_END
00000800   __STACK_SIZE
00010000   __SYSMEM_SIZE
00000001   __TI_args_main
80008b60   ___TI_cpp_init
11810c4c   ___TI_enable_exit_profile_output
ffffffff   ___TI_pprof_out_hndl
ffffffff   ___TI_prof_data_size
ffffffff   ___TI_prof_data_start
ffffffff   ___binit__
11810f74   ___bss__
ffffffff   ___c_args__
11810d48   ___cinit__
11800000   ___data__
11800000   ___edata__
11810f9c   ___end__
80008f60   ___etext__
80008ce0   ___isinf
ffffffff   ___pinit__
80000000   ___text__
80008d60   __args_main
80007a80   __auto_init
80007c00   __c6xabi_divu
80007fa0   __cleanup
11810c44   __cleanup_ptr
80006e60   __closefile
11811200   __ctypes_
80002200   __divd
80008040   __divli
80007c00   __divu
800065a0   __divul
800050a0   __divull
80007cc0   __doflush
11810c48   __dtors_ptr
80008220   __fixdli
80008860   __fixfu
800088e0   __fltlid
80008da0   __frcmpyd_div
11810b20   __ft_end
11810800   __ftable
80008960   __llshl
80008de0   __llshru
11810d2c   __lock
80008e60   __negll
80008e80   __nop
80003720   __printfi
80008e20   __remli
11810000   __stack
80008bc0   __subcull
11800000   __sys_memory
118109e0   __tmpnams
11810d30   __unlock
800072c0   __wrt_ok
80008ee0   _abort
80007580   _atoi
800089e0   _c_int00
11811380   _cascade
11811420   _cascadeSection
80007660   _close
11810d20   _codec_data
80001c68   _config_pll0
80001ea4   _config_pll1
80008360   _copy_in
11810ce0   _dBuff
11810f90   _dOffset
80007d80   _exit
11810f88   _fb
11810c50   _filterSections
80005be0   _fputc
80003b60   _fputs
80004e20   _free
800070a0   _fseek
800001a8   _input_left_sample
80000200   _input_right_sample
80000150   _input_sample
80005780   _interrupt4
800084a0   _lseek
80007e40   _ltoa
800087c0   _main
80006a60   _malloc
80008c20   _memccpy
80008540   _memcpy
80007740   _memset
80000068   _output_left_sample
800000e0   _output_right_sample
80000000   _output_sample
11810f78   _pingIN
11810f7c   _pingOUT
11810f80   _pongIN
11810f84   _pongOUT
800015b0   _prand
11810f8c   _prand_seed
80001460   _prbs
80007820   _printf
80005be0   _putc
80001530   _rand31_next
80008a60   _readmsg
80008f00   _remove
11810f94   _sections
80006000   _setvbuf
11810d28   _sreg
80008ae0   _unlink
11811020   _vector1
11811140   _vector10
11811160   _vector11
11811180   _vector12
118111a0   _vector13
118111c0   _vector14
118111e0   _vector15
11811040   _vector2
11811060   _vector3
118110a0   _vector5
118110c0   _vector6
118110e0   _vector7
11811100   _vector8
11811120   _vector9
11811000   _vectors
80008720   _write
80008c80   _writemsg
ffffffff   binit
11810d48   cinit
11800000   edata
11810f9c   end
80008f60   etext
ffffffff   pinit


GLOBAL SYMBOLS: SORTED BY Symbol Address 

address    name
--------   ----
00000001   __TI_args_main
00000800   __STACK_SIZE
00010000   __SYSMEM_SIZE
11800000   .data
11800000   ___data__
11800000   ___edata__
11800000   __sys_memory
11800000   edata
11810000   __stack
11810800   __STACK_END
11810800   __ftable
118109e0   __tmpnams
11810b20   __ft_end
11810c44   __cleanup_ptr
11810c48   __dtors_ptr
11810c4c   ___TI_enable_exit_profile_output
11810c50   _filterSections
11810ce0   _dBuff
11810d20   _codec_data
11810d24   _AIC31_data
11810d28   _sreg
11810d2c   __lock
11810d30   __unlock
11810d48   ___cinit__
11810d48   cinit
11810f74   $bss
11810f74   .bss
11810f74   ___bss__
11810f78   _pingIN
11810f7c   _pingOUT
11810f80   _pongIN
11810f84   _pongOUT
11810f88   _fb
11810f8c   _prand_seed
11810f90   _dOffset
11810f94   _sections
11810f9c   ___end__
11810f9c   end
11811000   _vectors
11811020   _vector1
11811040   _vector2
11811060   _vector3
118110a0   _vector5
118110c0   _vector6
118110e0   _vector7
11811100   _vector8
11811120   _vector9
11811140   _vector10
11811160   _vector11
11811180   _vector12
118111a0   _vector13
118111c0   _vector14
118111e0   _vector15
11811200   __ctypes_
11811380   _cascade
11811420   _cascadeSection
118114c0   __CIOBUF_
80000000   .text
80000000   ___text__
80000000   _output_sample
80000068   _output_left_sample
800000e0   _output_right_sample
80000150   _input_sample
800001a8   _input_left_sample
80000200   _input_right_sample
80000258   _EDMA3_PaRAM_setup
80000634   _L138_init_mcasp_edma
800008f0   _L138_init_mcasp_intr
80000b50   _L138_init_mcasp_poll
80000de4   _L138_init_aic3106_registers
800010d8   _L138_initialise_edma
80001264   _L138_initialise_poll
80001338   _L138_initialise_intr
80001460   _prbs
80001530   _rand31_next
800015b0   _prand
800015e0   _EVMOMAPL138_init
8000160c   _EVMOMAPL138_initRAM
800017c8   _EVMOMAPL138_enableDsp
800017f4   _EVMOMAPL138_pinmuxConfig
80001890   _EVMOMAPL138_lpscTransition
80001c68   _config_pll0
80001ea4   _config_pll1
80002088   _UTIL_printMem
800021e0   _UTIL_isUIBoardAttached
80002200   __divd
80003240   _I2CGPIO_init
80003314   _I2CGPIO_getInput
80003430   _I2CGPIO_getInputAll
80003540   _I2CGPIO_setOutput
80003688   _I2CGPIO_setOutputAll
80003720   __printfi
80003b60   _fputs
80003f00   _I2C_init
80003fec   _I2C_read
80004148   _I2C_write
80004e20   _free
800050a0   __divull
80005780   _interrupt4
80005be0   _fputc
80005be0   _putc
80006000   _setvbuf
80006200   _USTIMER_init
800062e4   _USTIMER_delay
80006374   _USTIMER_reset
800063a4   _USTIMER_get
800063b8   _USTIMER_set
800065a0   __divul
80006740   _AIC3106_init
80006838   _AIC3106_readRegister
80006890   _AIC3106_writeRegister
800068e0   _HOSTrename
80006a60   _malloc
80006e60   __closefile
800070a0   _fseek
800071c0   _HOSTlseek
800072c0   __wrt_ok
800073c0   _HOSTopen
800074a0   _HOSTread
80007580   _atoi
80007660   _close
80007740   _memset
80007820   _printf
80007900   _HOSTunlink
800079c0   _HOSTwrite
80007a80   __auto_init
80007c00   __c6xabi_divu
80007c00   __divu
80007cc0   __doflush
80007d80   _exit
80007e40   _ltoa
80007f00   _HOSTclose
80007fa0   __cleanup
80008040   __divli
80008220   __fixdli
80008360   _copy_in
800084a0   _lseek
80008540   _memcpy
80008720   _write
800087c0   _main
80008860   __fixfu
800088e0   __fltlid
80008960   __llshl
800089e0   _c_int00
80008a60   _readmsg
80008ae0   _unlink
80008b60   ___TI_cpp_init
80008bc0   __subcull
80008c20   _memccpy
80008c80   _writemsg
80008cd8   C$$IO$$
80008ce0   ___isinf
80008d60   __args_main
80008da0   __frcmpyd_div
80008de0   __llshru
80008e20   __remli
80008e60   __negll
80008e80   __nop
80008ee0   C$$EXIT
80008ee0   _abort
80008f00   _remove
80008f60   ___etext__
80008f60   etext
ffffffff   ___TI_pprof_out_hndl
ffffffff   ___TI_prof_data_size
ffffffff   ___TI_prof_data_start
ffffffff   ___binit__
ffffffff   ___c_args__
ffffffff   ___pinit__
ffffffff   binit
ffffffff   pinit

[171 symbols]
