<?xml version="1.0"?>
<link_info>
   <banner>TMS320C6x Linker PC v7.4.24</banner>
   <copyright>Copyright (c) 1996-2017 Texas Instruments Incorporated</copyright>
   <link_time>0x5c771b15</link_time>
   <output_file>Lab3.out</output_file>
   <entry_point>
      <name>_c_int00</name>
      <address>0x80008920</address>
   </entry_point>
   <input_file_list>
      <input_file id="fl-2">
         <path>.\Lab Files\</path>
         <kind>object</kind>
         <file>L138_aic3106_init.obj</file>
         <name>L138_aic3106_init.obj</name>
      </input_file>
      <input_file id="fl-3">
         <path>.\Lab Files\</path>
         <kind>object</kind>
         <file>cascade.obj</file>
         <name>cascade.obj</name>
      </input_file>
      <input_file id="fl-4">
         <path>.\Lab Files\</path>
         <kind>object</kind>
         <file>cascadeSection.obj</file>
         <name>cascadeSection.obj</name>
      </input_file>
      <input_file id="fl-5">
         <path>.\Lab Files\</path>
         <kind>object</kind>
         <file>latticeLadder.obj</file>
         <name>latticeLadder.obj</name>
      </input_file>
      <input_file id="fl-6">
         <path>.\Lab Files\</path>
         <kind>object</kind>
         <file>template2.obj</file>
         <name>template2.obj</name>
      </input_file>
      <input_file id="fl-7">
         <path>.\Lab Files\</path>
         <kind>object</kind>
         <file>vectors_intr.obj</file>
         <name>vectors_intr.obj</name>
      </input_file>
      <input_file id="fl-83">
         <path>C:\ti\ccsv8\tools\compiler\c6000_7.4.24\lib\</path>
         <kind>archive</kind>
         <file>rts6740.lib</file>
         <name>boot.obj</name>
      </input_file>
      <input_file id="fl-84">
         <path>C:\ti\ccsv8\tools\compiler\c6000_7.4.24\lib\</path>
         <kind>archive</kind>
         <file>rts6740.lib</file>
         <name>exit.obj</name>
      </input_file>
      <input_file id="fl-85">
         <path>C:\ti\ccsv8\tools\compiler\c6000_7.4.24\lib\</path>
         <kind>archive</kind>
         <file>rts6740.lib</file>
         <name>fixfu.obj</name>
      </input_file>
      <input_file id="fl-86">
         <path>C:\ti\ccsv8\tools\compiler\c6000_7.4.24\lib\</path>
         <kind>archive</kind>
         <file>rts6740.lib</file>
         <name>memory.obj</name>
      </input_file>
      <input_file id="fl-87">
         <path>C:\ti\ccsv8\tools\compiler\c6000_7.4.24\lib\</path>
         <kind>archive</kind>
         <file>rts6740.lib</file>
         <name>_lock.obj</name>
      </input_file>
      <input_file id="fl-88">
         <path>C:\ti\ccsv8\tools\compiler\c6000_7.4.24\lib\</path>
         <kind>archive</kind>
         <file>rts6740.lib</file>
         <name>args_main.obj</name>
      </input_file>
      <input_file id="fl-89">
         <path>C:\ti\ccsv8\tools\compiler\c6000_7.4.24\lib\</path>
         <kind>archive</kind>
         <file>rts6740.lib</file>
         <name>autoinit.obj</name>
      </input_file>
      <input_file id="fl-8a">
         <path>C:\ti\ccsv8\tools\compiler\c6000_7.4.24\lib\</path>
         <kind>archive</kind>
         <file>rts6740.lib</file>
         <name>cpp_init.obj</name>
      </input_file>
      <input_file id="fl-8b">
         <path>C:\ti\ccsv8\tools\compiler\c6000_7.4.24\lib\</path>
         <kind>archive</kind>
         <file>rts6740.lib</file>
         <name>cpy_tbl.obj</name>
      </input_file>
      <input_file id="fl-8c">
         <path>C:\ti\ccsv8\tools\compiler\c6000_7.4.24\lib\</path>
         <kind>archive</kind>
         <file>rts6740.lib</file>
         <name>memcpy64.obj</name>
      </input_file>
      <input_file id="fl-8d">
         <path>C:\Users\Public\Documents\dsp_bsl\lib\</path>
         <kind>archive</kind>
         <file>evmomapl138_bsl.lib</file>
         <name>evmomapl138_timer.obj</name>
      </input_file>
      <input_file id="fl-8e">
         <path>C:\Users\Public\Documents\dsp_bsl\lib\</path>
         <kind>archive</kind>
         <file>evmomapl138_bsl.lib</file>
         <name>evmomapl138_aic3106.obj</name>
      </input_file>
      <input_file id="fl-8f">
         <path>C:\Users\Public\Documents\dsp_bsl\lib\</path>
         <kind>archive</kind>
         <file>evmomapl138_bsl.lib</file>
         <name>evmomapl138.obj</name>
      </input_file>
      <input_file id="fl-90">
         <path>C:\Users\Public\Documents\dsp_bsl\lib\</path>
         <kind>archive</kind>
         <file>evmomapl138_bsl.lib</file>
         <name>evmomapl138_i2c_gpio.obj</name>
      </input_file>
      <input_file id="fl-91">
         <path>C:\Users\Public\Documents\dsp_bsl\lib\</path>
         <kind>archive</kind>
         <file>evmomapl138_bsl.lib</file>
         <name>evmomapl138_i2c.obj</name>
      </input_file>
      <input_file id="fl-92">
         <path>C:\ti\ccsv8\tools\compiler\c6000_7.4.24\lib\</path>
         <kind>archive</kind>
         <file>rts6740.lib</file>
         <name>printf.obj</name>
      </input_file>
      <input_file id="fl-93">
         <path>C:\ti\ccsv8\tools\compiler\c6000_7.4.24\lib\</path>
         <kind>archive</kind>
         <file>rts6740.lib</file>
         <name>_printfi.obj</name>
      </input_file>
      <input_file id="fl-94">
         <path>C:\ti\ccsv8\tools\compiler\c6000_7.4.24\lib\</path>
         <kind>archive</kind>
         <file>rts6740.lib</file>
         <name>atoi.obj</name>
      </input_file>
      <input_file id="fl-95">
         <path>C:\ti\ccsv8\tools\compiler\c6000_7.4.24\lib\</path>
         <kind>archive</kind>
         <file>rts6740.lib</file>
         <name>ctype.obj</name>
      </input_file>
      <input_file id="fl-96">
         <path>C:\ti\ccsv8\tools\compiler\c6000_7.4.24\lib\</path>
         <kind>archive</kind>
         <file>rts6740.lib</file>
         <name>defs.obj</name>
      </input_file>
      <input_file id="fl-97">
         <path>C:\ti\ccsv8\tools\compiler\c6000_7.4.24\lib\</path>
         <kind>archive</kind>
         <file>rts6740.lib</file>
         <name>divd.obj</name>
      </input_file>
      <input_file id="fl-98">
         <path>C:\ti\ccsv8\tools\compiler\c6000_7.4.24\lib\</path>
         <kind>archive</kind>
         <file>rts6740.lib</file>
         <name>divu.obj</name>
      </input_file>
      <input_file id="fl-99">
         <path>C:\ti\ccsv8\tools\compiler\c6000_7.4.24\lib\</path>
         <kind>archive</kind>
         <file>rts6740.lib</file>
         <name>fixdli.obj</name>
      </input_file>
      <input_file id="fl-9a">
         <path>C:\ti\ccsv8\tools\compiler\c6000_7.4.24\lib\</path>
         <kind>archive</kind>
         <file>rts6740.lib</file>
         <name>fltlid.obj</name>
      </input_file>
      <input_file id="fl-9b">
         <path>C:\ti\ccsv8\tools\compiler\c6000_7.4.24\lib\</path>
         <kind>archive</kind>
         <file>rts6740.lib</file>
         <name>fputc.obj</name>
      </input_file>
      <input_file id="fl-9c">
         <path>C:\ti\ccsv8\tools\compiler\c6000_7.4.24\lib\</path>
         <kind>archive</kind>
         <file>rts6740.lib</file>
         <name>fputs.obj</name>
      </input_file>
      <input_file id="fl-9d">
         <path>C:\ti\ccsv8\tools\compiler\c6000_7.4.24\lib\</path>
         <kind>archive</kind>
         <file>rts6740.lib</file>
         <name>frcmpyd_div.obj</name>
      </input_file>
      <input_file id="fl-9e">
         <path>C:\ti\ccsv8\tools\compiler\c6000_7.4.24\lib\</path>
         <kind>archive</kind>
         <file>rts6740.lib</file>
         <name>imath40.obj</name>
      </input_file>
      <input_file id="fl-9f">
         <path>C:\ti\ccsv8\tools\compiler\c6000_7.4.24\lib\</path>
         <kind>archive</kind>
         <file>rts6740.lib</file>
         <name>imath64.obj</name>
      </input_file>
      <input_file id="fl-a0">
         <path>C:\ti\ccsv8\tools\compiler\c6000_7.4.24\lib\</path>
         <kind>archive</kind>
         <file>rts6740.lib</file>
         <name>isinf.obj</name>
      </input_file>
      <input_file id="fl-a1">
         <path>C:\ti\ccsv8\tools\compiler\c6000_7.4.24\lib\</path>
         <kind>archive</kind>
         <file>rts6740.lib</file>
         <name>llshift.obj</name>
      </input_file>
      <input_file id="fl-a2">
         <path>C:\ti\ccsv8\tools\compiler\c6000_7.4.24\lib\</path>
         <kind>archive</kind>
         <file>rts6740.lib</file>
         <name>lowlev.obj</name>
      </input_file>
      <input_file id="fl-a3">
         <path>C:\ti\ccsv8\tools\compiler\c6000_7.4.24\lib\</path>
         <kind>archive</kind>
         <file>rts6740.lib</file>
         <name>ltoa.obj</name>
      </input_file>
      <input_file id="fl-a4">
         <path>C:\ti\ccsv8\tools\compiler\c6000_7.4.24\lib\</path>
         <kind>archive</kind>
         <file>rts6740.lib</file>
         <name>memccpy.obj</name>
      </input_file>
      <input_file id="fl-a5">
         <path>C:\ti\ccsv8\tools\compiler\c6000_7.4.24\lib\</path>
         <kind>archive</kind>
         <file>rts6740.lib</file>
         <name>memset.obj</name>
      </input_file>
      <input_file id="fl-a6">
         <path>C:\ti\ccsv8\tools\compiler\c6000_7.4.24\lib\</path>
         <kind>archive</kind>
         <file>rts6740.lib</file>
         <name>negll.obj</name>
      </input_file>
      <input_file id="fl-a7">
         <path>C:\ti\ccsv8\tools\compiler\c6000_7.4.24\lib\</path>
         <kind>archive</kind>
         <file>rts6740.lib</file>
         <name>trgdrv.obj</name>
      </input_file>
      <input_file id="fl-a8">
         <path>C:\ti\ccsv8\tools\compiler\c6000_7.4.24\lib\</path>
         <kind>archive</kind>
         <file>rts6740.lib</file>
         <name>trgmsg.obj</name>
      </input_file>
      <input_file id="fl-a9">
         <path>C:\ti\ccsv8\tools\compiler\c6000_7.4.24\lib\</path>
         <kind>archive</kind>
         <file>rts6740.lib</file>
         <name>_io_perm.obj</name>
      </input_file>
      <input_file id="fl-aa">
         <path>C:\ti\ccsv8\tools\compiler\c6000_7.4.24\lib\</path>
         <kind>archive</kind>
         <file>rts6740.lib</file>
         <name>abs.obj</name>
      </input_file>
      <input_file id="fl-ab">
         <path>C:\ti\ccsv8\tools\compiler\c6000_7.4.24\lib\</path>
         <kind>archive</kind>
         <file>rts6740.lib</file>
         <name>fflush.obj</name>
      </input_file>
      <input_file id="fl-ac">
         <path>C:\ti\ccsv8\tools\compiler\c6000_7.4.24\lib\</path>
         <kind>archive</kind>
         <file>rts6740.lib</file>
         <name>fseek.obj</name>
      </input_file>
      <input_file id="fl-ad">
         <path>C:\ti\ccsv8\tools\compiler\c6000_7.4.24\lib\</path>
         <kind>archive</kind>
         <file>rts6740.lib</file>
         <name>setvbuf.obj</name>
      </input_file>
      <input_file id="fl-ae">
         <path>C:\ti\ccsv8\tools\compiler\c6000_7.4.24\lib\</path>
         <kind>archive</kind>
         <file>rts6740.lib</file>
         <name>fopen.obj</name>
      </input_file>
      <input_file id="fl-af">
         <path>C:\ti\ccsv8\tools\compiler\c6000_7.4.24\lib\</path>
         <kind>archive</kind>
         <file>rts6740.lib</file>
         <name>fclose.obj</name>
      </input_file>
      <input_file id="fl-b0">
         <path>C:\ti\ccsv8\tools\compiler\c6000_7.4.24\lib\</path>
         <kind>archive</kind>
         <file>rts6740.lib</file>
         <name>remove.obj</name>
      </input_file>
   </input_file_list>
   <object_component_list>
      <object_component id="oc-d0">
         <name>.text</name>
         <load_address>0x80000000</load_address>
         <run_address>0x80000000</run_address>
         <size>0x1680</size>
         <input_file_ref idref="fl-2"/>
      </object_component>
      <object_component id="oc-e1">
         <name>.text</name>
         <load_address>0x80001680</load_address>
         <run_address>0x80001680</run_address>
         <size>0xc20</size>
         <input_file_ref idref="fl-8f"/>
      </object_component>
      <object_component id="oc-110">
         <name>.text:__divd</name>
         <load_address>0x800022a0</load_address>
         <run_address>0x800022a0</run_address>
         <size>0x5a0</size>
         <input_file_ref idref="fl-97"/>
      </object_component>
      <object_component id="oc-105">
         <name>.text:__getarg_diouxp</name>
         <load_address>0x80002840</load_address>
         <run_address>0x80002840</run_address>
         <size>0x580</size>
         <input_file_ref idref="fl-93"/>
      </object_component>
      <object_component id="oc-f2">
         <name>.text:__setfield</name>
         <load_address>0x80002dc0</load_address>
         <run_address>0x80002dc0</run_address>
         <size>0x520</size>
         <input_file_ref idref="fl-93"/>
      </object_component>
      <object_component id="oc-e9">
         <name>.text</name>
         <load_address>0x800032e0</load_address>
         <run_address>0x800032e0</run_address>
         <size>0x4e0</size>
         <input_file_ref idref="fl-90"/>
      </object_component>
      <object_component id="oc-ed">
         <name>.text:__printfi</name>
         <load_address>0x800037c0</load_address>
         <run_address>0x800037c0</run_address>
         <size>0x440</size>
         <input_file_ref idref="fl-93"/>
      </object_component>
      <object_component id="oc-ef">
         <name>.text:_fputs</name>
         <load_address>0x80003c00</load_address>
         <run_address>0x80003c00</run_address>
         <size>0x3a0</size>
         <input_file_ref idref="fl-9c"/>
      </object_component>
      <object_component id="oc-e7">
         <name>.text</name>
         <load_address>0x80003fa0</load_address>
         <run_address>0x80003fa0</run_address>
         <size>0x380</size>
         <input_file_ref idref="fl-91"/>
      </object_component>
      <object_component id="oc-fa">
         <name>.text:__pproc_fge</name>
         <load_address>0x80004320</load_address>
         <run_address>0x80004320</run_address>
         <size>0x320</size>
         <input_file_ref idref="fl-93"/>
      </object_component>
      <object_component id="oc-10b">
         <name>.text:_ecvt</name>
         <load_address>0x80004640</load_address>
         <run_address>0x80004640</run_address>
         <size>0x2e0</size>
         <input_file_ref idref="fl-93"/>
      </object_component>
      <object_component id="oc-10e">
         <name>.text:_fcvt</name>
         <load_address>0x80004920</load_address>
         <run_address>0x80004920</run_address>
         <size>0x2e0</size>
         <input_file_ref idref="fl-93"/>
      </object_component>
      <object_component id="oc-f1">
         <name>.text:__pproc_fwp</name>
         <load_address>0x80004c00</load_address>
         <run_address>0x80004c00</run_address>
         <size>0x2c0</size>
         <input_file_ref idref="fl-93"/>
      </object_component>
      <object_component id="oc-109">
         <name>.text:_free</name>
         <load_address>0x80004ec0</load_address>
         <run_address>0x80004ec0</run_address>
         <size>0x280</size>
         <input_file_ref idref="fl-86"/>
      </object_component>
      <object_component id="oc-11a">
         <name>.text:__divull</name>
         <load_address>0x80005140</load_address>
         <run_address>0x80005140</run_address>
         <size>0x260</size>
         <input_file_ref idref="fl-9f"/>
      </object_component>
      <object_component id="oc-104">
         <name>.text:__pconv_e</name>
         <load_address>0x800053a0</load_address>
         <run_address>0x800053a0</run_address>
         <size>0x240</size>
         <input_file_ref idref="fl-93"/>
      </object_component>
      <object_component id="oc-fb">
         <name>.text:__pproc_diouxp</name>
         <load_address>0x800055e0</load_address>
         <run_address>0x800055e0</run_address>
         <size>0x240</size>
         <input_file_ref idref="fl-93"/>
      </object_component>
      <object_component id="oc-f3">
         <name>.text:__pproc_str</name>
         <load_address>0x80005820</load_address>
         <run_address>0x80005820</run_address>
         <size>0x220</size>
         <input_file_ref idref="fl-93"/>
      </object_component>
      <object_component id="oc-f4">
         <name>.text:_fputc</name>
         <load_address>0x80005a40</load_address>
         <run_address>0x80005a40</run_address>
         <size>0x220</size>
         <input_file_ref idref="fl-9b"/>
      </object_component>
      <object_component id="oc-102">
         <name>.text:__pconv_g</name>
         <load_address>0x80005c60</load_address>
         <run_address>0x80005c60</run_address>
         <size>0x200</size>
         <input_file_ref idref="fl-93"/>
      </object_component>
      <object_component id="oc-fe">
         <name>.text:_setvbuf</name>
         <load_address>0x80005e60</load_address>
         <run_address>0x80005e60</run_address>
         <size>0x200</size>
         <input_file_ref idref="fl-ad"/>
      </object_component>
      <object_component id="oc-e2">
         <name>.text</name>
         <load_address>0x80006060</load_address>
         <run_address>0x80006060</run_address>
         <size>0x1e0</size>
         <input_file_ref idref="fl-8d"/>
      </object_component>
      <object_component id="oc-10d">
         <name>.text:__mcpy</name>
         <load_address>0x80006240</load_address>
         <run_address>0x80006240</run_address>
         <size>0x1c0</size>
         <input_file_ref idref="fl-93"/>
      </object_component>
      <object_component id="oc-119">
         <name>.text:__divul</name>
         <load_address>0x80006400</load_address>
         <run_address>0x80006400</run_address>
         <size>0x1a0</size>
         <input_file_ref idref="fl-9e"/>
      </object_component>
      <object_component id="oc-e0">
         <name>.text</name>
         <load_address>0x800065a0</load_address>
         <run_address>0x800065a0</run_address>
         <size>0x1a0</size>
         <input_file_ref idref="fl-8e"/>
      </object_component>
      <object_component id="oc-da">
         <name>.text:_HOSTrename</name>
         <load_address>0x80006740</load_address>
         <run_address>0x80006740</run_address>
         <size>0x180</size>
         <input_file_ref idref="fl-a7"/>
      </object_component>
      <object_component id="oc-e3">
         <name>.text:_malloc</name>
         <load_address>0x800068c0</load_address>
         <run_address>0x800068c0</run_address>
         <size>0x180</size>
         <input_file_ref idref="fl-86"/>
      </object_component>
      <object_component id="oc-24">
         <name>.text:retain</name>
         <load_address>0x80006a40</load_address>
         <run_address>0x80006a40</run_address>
         <size>0x180</size>
         <input_file_ref idref="fl-6"/>
      </object_component>
      <object_component id="oc-f0">
         <name>.text:__pproc_fflags</name>
         <load_address>0x80006bc0</load_address>
         <run_address>0x80006bc0</run_address>
         <size>0x140</size>
         <input_file_ref idref="fl-93"/>
      </object_component>
      <object_component id="oc-122">
         <name>.text:_getdevice</name>
         <load_address>0x80006d00</load_address>
         <run_address>0x80006d00</run_address>
         <size>0x140</size>
         <input_file_ref idref="fl-a2"/>
      </object_component>
      <object_component id="oc-112">
         <name>.text:__closefile</name>
         <load_address>0x80006e40</load_address>
         <run_address>0x80006e40</run_address>
         <size>0x120</size>
         <input_file_ref idref="fl-af"/>
      </object_component>
      <object_component id="oc-107">
         <name>.text:__ltostr</name>
         <load_address>0x80006f60</load_address>
         <run_address>0x80006f60</run_address>
         <size>0x120</size>
         <input_file_ref idref="fl-93"/>
      </object_component>
      <object_component id="oc-fd">
         <name>.text:_fseek</name>
         <load_address>0x80007080</load_address>
         <run_address>0x80007080</run_address>
         <size>0x120</size>
         <input_file_ref idref="fl-ac"/>
      </object_component>
      <object_component id="oc-d8">
         <name>.text:_HOSTlseek</name>
         <load_address>0x800071a0</load_address>
         <run_address>0x800071a0</run_address>
         <size>0x100</size>
         <input_file_ref idref="fl-a7"/>
      </object_component>
      <object_component id="oc-f5">
         <name>.text:__wrt_ok</name>
         <load_address>0x800072a0</load_address>
         <run_address>0x800072a0</run_address>
         <size>0x100</size>
         <input_file_ref idref="fl-a9"/>
      </object_component>
      <object_component id="oc-d4">
         <name>.text:_HOSTopen</name>
         <load_address>0x800073a0</load_address>
         <run_address>0x800073a0</run_address>
         <size>0xe0</size>
         <input_file_ref idref="fl-a7"/>
      </object_component>
      <object_component id="oc-d6">
         <name>.text:_HOSTread</name>
         <load_address>0x80007480</load_address>
         <run_address>0x80007480</run_address>
         <size>0xe0</size>
         <input_file_ref idref="fl-a7"/>
      </object_component>
      <object_component id="oc-f9">
         <name>.text:_atoi</name>
         <load_address>0x80007560</load_address>
         <run_address>0x80007560</run_address>
         <size>0xe0</size>
         <input_file_ref idref="fl-94"/>
      </object_component>
      <object_component id="oc-11b">
         <name>.text:_close</name>
         <load_address>0x80007640</load_address>
         <run_address>0x80007640</run_address>
         <size>0xe0</size>
         <input_file_ref idref="fl-a2"/>
      </object_component>
      <object_component id="oc-f8">
         <name>.text:_memset</name>
         <load_address>0x80007720</load_address>
         <run_address>0x80007720</run_address>
         <size>0xe0</size>
         <input_file_ref idref="fl-a5"/>
      </object_component>
      <object_component id="oc-e8">
         <name>.text:_printf</name>
         <load_address>0x80007800</load_address>
         <run_address>0x80007800</run_address>
         <size>0xe0</size>
         <input_file_ref idref="fl-92"/>
      </object_component>
      <object_component id="oc-d9">
         <name>.text:_HOSTunlink</name>
         <load_address>0x800078e0</load_address>
         <run_address>0x800078e0</run_address>
         <size>0xc0</size>
         <input_file_ref idref="fl-a7"/>
      </object_component>
      <object_component id="oc-d7">
         <name>.text:_HOSTwrite</name>
         <load_address>0x800079a0</load_address>
         <run_address>0x800079a0</run_address>
         <size>0xc0</size>
         <input_file_ref idref="fl-a7"/>
      </object_component>
      <object_component id="oc-cd">
         <name>.text:__auto_init</name>
         <load_address>0x80007a60</load_address>
         <run_address>0x80007a60</run_address>
         <size>0xc0</size>
         <input_file_ref idref="fl-89"/>
      </object_component>
      <object_component id="oc-111">
         <name>.text:__div</name>
         <load_address>0x80007b20</load_address>
         <run_address>0x80007b20</run_address>
         <size>0xc0</size>
         <input_file_ref idref="fl-93"/>
      </object_component>
      <object_component id="oc-118">
         <name>.text:__divu</name>
         <load_address>0x80007be0</load_address>
         <run_address>0x80007be0</run_address>
         <size>0xc0</size>
         <input_file_ref idref="fl-98"/>
      </object_component>
      <object_component id="oc-f6">
         <name>.text:__doflush</name>
         <load_address>0x80007ca0</load_address>
         <run_address>0x80007ca0</run_address>
         <size>0xc0</size>
         <input_file_ref idref="fl-ab"/>
      </object_component>
      <object_component id="oc-cf">
         <name>.text:_exit</name>
         <load_address>0x80007d60</load_address>
         <run_address>0x80007d60</run_address>
         <size>0xc0</size>
         <input_file_ref idref="fl-84"/>
      </object_component>
      <object_component id="oc-114">
         <name>.text:_ltoa</name>
         <load_address>0x80007e20</load_address>
         <run_address>0x80007e20</run_address>
         <size>0xc0</size>
         <input_file_ref idref="fl-a3"/>
      </object_component>
      <object_component id="oc-d5">
         <name>.text:_HOSTclose</name>
         <load_address>0x80007ee0</load_address>
         <run_address>0x80007ee0</run_address>
         <size>0xa0</size>
         <input_file_ref idref="fl-a7"/>
      </object_component>
      <object_component id="oc-10a">
         <name>.text:__cleanup</name>
         <load_address>0x80007f80</load_address>
         <run_address>0x80007f80</run_address>
         <size>0xa0</size>
         <input_file_ref idref="fl-ae"/>
      </object_component>
      <object_component id="oc-11e">
         <name>.text:__divli</name>
         <load_address>0x80008020</load_address>
         <run_address>0x80008020</run_address>
         <size>0xa0</size>
         <input_file_ref idref="fl-9e"/>
      </object_component>
      <object_component id="oc-10c">
         <name>.text:__ecpy</name>
         <load_address>0x800080c0</load_address>
         <run_address>0x800080c0</run_address>
         <size>0xa0</size>
         <input_file_ref idref="fl-93"/>
      </object_component>
      <object_component id="oc-10f">
         <name>.text:__fcpy</name>
         <load_address>0x80008160</load_address>
         <run_address>0x80008160</run_address>
         <size>0xa0</size>
         <input_file_ref idref="fl-93"/>
      </object_component>
      <object_component id="oc-113">
         <name>.text:__fixdli</name>
         <load_address>0x80008200</load_address>
         <run_address>0x80008200</run_address>
         <size>0xa0</size>
         <input_file_ref idref="fl-99"/>
      </object_component>
      <object_component id="oc-103">
         <name>.text:__pconv_f</name>
         <load_address>0x800082a0</load_address>
         <run_address>0x800082a0</run_address>
         <size>0xa0</size>
         <input_file_ref idref="fl-93"/>
      </object_component>
      <object_component id="oc-db">
         <name>.text:_copy_in</name>
         <load_address>0x80008340</load_address>
         <run_address>0x80008340</run_address>
         <size>0xa0</size>
         <input_file_ref idref="fl-8b"/>
      </object_component>
      <object_component id="oc-123">
         <name>.text:_finddevice</name>
         <load_address>0x800083e0</load_address>
         <run_address>0x800083e0</run_address>
         <size>0xa0</size>
         <input_file_ref idref="fl-a2"/>
      </object_component>
      <object_component id="oc-108">
         <name>.text:_lseek</name>
         <load_address>0x80008480</load_address>
         <run_address>0x80008480</run_address>
         <size>0xa0</size>
         <input_file_ref idref="fl-a2"/>
      </object_component>
      <object_component id="oc-dc">
         <name>.text:_memcpy</name>
         <load_address>0x80008520</load_address>
         <run_address>0x80008520</run_address>
         <size>0xa0</size>
         <input_file_ref idref="fl-8c"/>
      </object_component>
      <object_component id="oc-eb">
         <name>.text:_minsert</name>
         <load_address>0x800085c0</load_address>
         <run_address>0x800085c0</run_address>
         <size>0xa0</size>
         <input_file_ref idref="fl-86"/>
      </object_component>
      <object_component id="oc-ea">
         <name>.text:_mremove</name>
         <load_address>0x80008660</load_address>
         <run_address>0x80008660</run_address>
         <size>0xa0</size>
         <input_file_ref idref="fl-86"/>
      </object_component>
      <object_component id="oc-f7">
         <name>.text:_write</name>
         <load_address>0x80008700</load_address>
         <run_address>0x80008700</run_address>
         <size>0xa0</size>
         <input_file_ref idref="fl-a2"/>
      </object_component>
      <object_component id="oc-d2">
         <name>.text:__fixfu</name>
         <load_address>0x800087a0</load_address>
         <run_address>0x800087a0</run_address>
         <size>0x80</size>
         <input_file_ref idref="fl-85"/>
      </object_component>
      <object_component id="oc-115">
         <name>.text:__fltlid</name>
         <load_address>0x80008820</load_address>
         <run_address>0x80008820</run_address>
         <size>0x80</size>
         <input_file_ref idref="fl-9a"/>
      </object_component>
      <object_component id="oc-11f">
         <name>.text:__llshl</name>
         <load_address>0x800088a0</load_address>
         <run_address>0x800088a0</run_address>
         <size>0x80</size>
         <input_file_ref idref="fl-a1"/>
      </object_component>
      <object_component id="oc-10">
         <name>.text:_c_int00</name>
         <load_address>0x80008920</load_address>
         <run_address>0x80008920</run_address>
         <size>0x80</size>
         <input_file_ref idref="fl-83"/>
      </object_component>
      <object_component id="oc-e6">
         <name>.text:_readmsg</name>
         <load_address>0x800089a0</load_address>
         <run_address>0x800089a0</run_address>
         <size>0x80</size>
         <input_file_ref idref="fl-a8"/>
      </object_component>
      <object_component id="oc-121">
         <name>.text:_unlink</name>
         <load_address>0x80008a20</load_address>
         <run_address>0x80008a20</run_address>
         <size>0x80</size>
         <input_file_ref idref="fl-a2"/>
      </object_component>
      <object_component id="oc-dd">
         <name>.text:___TI_cpp_init</name>
         <load_address>0x80008aa0</load_address>
         <run_address>0x80008aa0</run_address>
         <size>0x60</size>
         <input_file_ref idref="fl-8a"/>
      </object_component>
      <object_component id="oc-120">
         <name>.text:__subcull</name>
         <load_address>0x80008b00</load_address>
         <run_address>0x80008b00</run_address>
         <size>0x60</size>
         <input_file_ref idref="fl-9f"/>
      </object_component>
      <object_component id="oc-fc">
         <name>.text:_memccpy</name>
         <load_address>0x80008b60</load_address>
         <run_address>0x80008b60</run_address>
         <size>0x60</size>
         <input_file_ref idref="fl-a4"/>
      </object_component>
      <object_component id="oc-e5">
         <name>.text:_writemsg</name>
         <load_address>0x80008bc0</load_address>
         <run_address>0x80008bc0</run_address>
         <size>0x60</size>
         <input_file_ref idref="fl-a8"/>
      </object_component>
      <object_component id="oc-de">
         <name>.text</name>
         <load_address>0x80008c20</load_address>
         <run_address>0x80008c20</run_address>
         <size>0x60</size>
         <input_file_ref idref="fl-6"/>
      </object_component>
      <object_component id="oc-101">
         <name>.text:___isinf</name>
         <load_address>0x80008c80</load_address>
         <run_address>0x80008c80</run_address>
         <size>0x40</size>
         <input_file_ref idref="fl-a0"/>
      </object_component>
      <object_component id="oc-100">
         <name>.text:___isnan</name>
         <load_address>0x80008cc0</load_address>
         <run_address>0x80008cc0</run_address>
         <size>0x40</size>
         <input_file_ref idref="fl-93"/>
      </object_component>
      <object_component id="oc-ce">
         <name>.text:__args_main</name>
         <load_address>0x80008d00</load_address>
         <run_address>0x80008d00</run_address>
         <size>0x40</size>
         <input_file_ref idref="fl-88"/>
      </object_component>
      <object_component id="oc-117">
         <name>.text:__frcmpyd_div</name>
         <load_address>0x80008d40</load_address>
         <run_address>0x80008d40</run_address>
         <size>0x40</size>
         <input_file_ref idref="fl-9d"/>
      </object_component>
      <object_component id="oc-116">
         <name>.text:__llshru</name>
         <load_address>0x80008d80</load_address>
         <run_address>0x80008d80</run_address>
         <size>0x40</size>
         <input_file_ref idref="fl-a1"/>
      </object_component>
      <object_component id="oc-11d">
         <name>.text:__remli</name>
         <load_address>0x80008dc0</load_address>
         <run_address>0x80008dc0</run_address>
         <size>0x40</size>
         <input_file_ref idref="fl-9e"/>
      </object_component>
      <object_component id="oc-106">
         <name>.text:__negll</name>
         <load_address>0x80008e00</load_address>
         <run_address>0x80008e00</run_address>
         <size>0x20</size>
         <input_file_ref idref="fl-a6"/>
      </object_component>
      <object_component id="oc-d3">
         <name>.text:__nop</name>
         <load_address>0x80008e20</load_address>
         <run_address>0x80008e20</run_address>
         <size>0x20</size>
         <input_file_ref idref="fl-87"/>
      </object_component>
      <object_component id="oc-ee">
         <name>.text:__outc</name>
         <load_address>0x80008e40</load_address>
         <run_address>0x80008e40</run_address>
         <size>0x20</size>
         <input_file_ref idref="fl-92"/>
      </object_component>
      <object_component id="oc-ec">
         <name>.text:__outs</name>
         <load_address>0x80008e60</load_address>
         <run_address>0x80008e60</run_address>
         <size>0x20</size>
         <input_file_ref idref="fl-92"/>
      </object_component>
      <object_component id="oc-df">
         <name>.text:_abort</name>
         <load_address>0x80008e80</load_address>
         <run_address>0x80008e80</run_address>
         <size>0x20</size>
         <input_file_ref idref="fl-84"/>
      </object_component>
      <object_component id="oc-11c">
         <name>.text:_remove</name>
         <load_address>0x80008ea0</load_address>
         <run_address>0x80008ea0</run_address>
         <size>0x20</size>
         <input_file_ref idref="fl-b0"/>
      </object_component>
      <object_component id="oc-27">
         <name>.text</name>
         <load_address>0x80008ec0</load_address>
         <run_address>0x80008ec0</run_address>
         <size>0x20</size>
         <input_file_ref idref="fl-7"/>
      </object_component>
      <object_component id="oc-13d">
         <name>$Tramp$S$$_cascade</name>
         <load_address>0x80008ee0</load_address>
         <run_address>0x80008ee0</run_address>
         <size>0x10</size>
         <input_file_ref idref="fl-3"/>
      </object_component>
      <object_component id="oc-ff">
         <name>.const:.string:__ctypes_</name>
         <load_address>0x11811380</load_address>
         <run_address>0x11811380</run_address>
         <size>0x101</size>
         <input_file_ref idref="fl-95"/>
      </object_component>
      <object_component id="oc-88">
         <name>.const:.string</name>
         <load_address>0x11811481</load_address>
         <run_address>0x11811481</run_address>
         <size>0x2</size>
         <input_file_ref idref="fl-9c"/>
      </object_component>
      <object_component id="oc-5b">
         <name>.const:.string</name>
         <load_address>0x11811484</load_address>
         <run_address>0x11811484</run_address>
         <size>0x40</size>
         <input_file_ref idref="fl-8f"/>
      </object_component>
      <object_component id="oc-6c">
         <name>.const:.string</name>
         <load_address>0x118114c4</load_address>
         <run_address>0x118114c4</run_address>
         <size>0x23</size>
         <input_file_ref idref="fl-93"/>
      </object_component>
      <object_component id="oc-11">
         <name>.bss</name>
         <uninitialized>true</uninitialized>
         <run_address>0x11810f74</run_address>
         <size>0x1c</size>
         <input_file_ref idref="fl-2"/>
      </object_component>
      <object_component id="oc-20">
         <name>.bss</name>
         <uninitialized>true</uninitialized>
         <run_address>0x11810f90</run_address>
         <size>0x8</size>
         <input_file_ref idref="fl-6"/>
      </object_component>
      <object_component id="oc-63">
         <name>.bss</name>
         <uninitialized>true</uninitialized>
         <run_address>0x11810f98</run_address>
         <size>0x4</size>
         <input_file_ref idref="fl-91"/>
      </object_component>
      <object_component id="oc-14">
         <name>.far</name>
         <uninitialized>true</uninitialized>
         <run_address>0x11810d24</run_address>
         <size>0x8</size>
         <input_file_ref idref="fl-2"/>
      </object_component>
      <object_component id="oc-23">
         <name>.far</name>
         <uninitialized>true</uninitialized>
         <run_address>0x11810c50</run_address>
         <size>0xd4</size>
         <input_file_ref idref="fl-6"/>
      </object_component>
      <object_component id="oc-32">
         <name>.far</name>
         <uninitialized>true</uninitialized>
         <run_address>0x11810c44</run_address>
         <size>0xc</size>
         <input_file_ref idref="fl-84"/>
      </object_component>
      <object_component id="oc-3a">
         <name>.far</name>
         <uninitialized>true</uninitialized>
         <run_address>0x11810d34</run_address>
         <size>0x8</size>
         <input_file_ref idref="fl-86"/>
      </object_component>
      <object_component id="oc-40">
         <name>.far</name>
         <uninitialized>true</uninitialized>
         <run_address>0x11810d2c</run_address>
         <size>0x8</size>
         <input_file_ref idref="fl-87"/>
      </object_component>
      <object_component id="oc-76">
         <name>.far</name>
         <uninitialized>true</uninitialized>
         <run_address>0x11810800</run_address>
         <size>0x324</size>
         <input_file_ref idref="fl-96"/>
      </object_component>
      <object_component id="oc-9c">
         <name>.far</name>
         <uninitialized>true</uninitialized>
         <run_address>0x11810b28</run_address>
         <size>0x11c</size>
         <input_file_ref idref="fl-a2"/>
      </object_component>
      <object_component id="oc-ac">
         <name>.far</name>
         <uninitialized>true</uninitialized>
         <run_address>0x11810d40</run_address>
         <size>0x8</size>
         <input_file_ref idref="fl-a7"/>
      </object_component>
      <object_component id="oc-c4">
         <name>.far</name>
         <uninitialized>true</uninitialized>
         <run_address>0x11810b24</run_address>
         <size>0x4</size>
         <input_file_ref idref="fl-ae"/>
      </object_component>
      <object_component id="oc-2d">
         <name>.stack</name>
         <uninitialized>true</uninitialized>
         <run_address>0x11810000</run_address>
         <size>0x8</size>
         <input_file_ref idref="fl-83"/>
      </object_component>
      <object_component id="oc-13b">
         <name>.stack</name>
         <uninitialized>true</uninitialized>
         <run_address>0x11810000</run_address>
         <size>0x0</size>
      </object_component>
      <object_component id="oc-22">
         <name>.cinit</name>
         <load_address>0x11810d48</load_address>
         <run_address>0x11810d48</run_address>
         <size>0xa4</size>
         <input_file_ref idref="fl-6"/>
      </object_component>
      <object_component id="oc-75">
         <name>.cinit</name>
         <load_address>0x11810df0</load_address>
         <run_address>0x11810df0</run_address>
         <size>0x5c</size>
         <input_file_ref idref="fl-96"/>
      </object_component>
      <object_component id="oc-9b">
         <name>.cinit</name>
         <load_address>0x11810e50</load_address>
         <run_address>0x11810e50</run_address>
         <size>0x5c</size>
         <input_file_ref idref="fl-a2"/>
      </object_component>
      <object_component id="oc-13">
         <name>.cinit</name>
         <load_address>0x11810eb0</load_address>
         <run_address>0x11810eb0</run_address>
         <size>0x2c</size>
         <input_file_ref idref="fl-2"/>
      </object_component>
      <object_component id="oc-31">
         <name>.cinit</name>
         <load_address>0x11810ee0</load_address>
         <run_address>0x11810ee0</run_address>
         <size>0x2c</size>
         <input_file_ref idref="fl-84"/>
      </object_component>
      <object_component id="oc-39">
         <name>.cinit</name>
         <load_address>0x11810f10</load_address>
         <run_address>0x11810f10</run_address>
         <size>0x2c</size>
         <input_file_ref idref="fl-86"/>
      </object_component>
      <object_component id="oc-3f">
         <name>.cinit</name>
         <load_address>0x11810f40</load_address>
         <run_address>0x11810f40</run_address>
         <size>0x1c</size>
         <input_file_ref idref="fl-87"/>
      </object_component>
      <object_component id="oc-c3">
         <name>.cinit</name>
         <load_address>0x11810f60</load_address>
         <run_address>0x11810f60</run_address>
         <size>0xc</size>
         <input_file_ref idref="fl-ae"/>
      </object_component>
      <object_component id="oc-3b">
         <name>.sysmem</name>
         <uninitialized>true</uninitialized>
         <run_address>0x11800000</run_address>
         <size>0x8</size>
         <input_file_ref idref="fl-86"/>
      </object_component>
      <object_component id="oc-13c">
         <name>.sysmem</name>
         <uninitialized>true</uninitialized>
         <run_address>0x11800000</run_address>
         <size>0x0</size>
      </object_component>
      <object_component id="oc-b0">
         <name>.cio</name>
         <uninitialized>true</uninitialized>
         <run_address>0x118114e8</run_address>
         <size>0x120</size>
         <input_file_ref idref="fl-a8"/>
      </object_component>
      <object_component id="oc-28">
         <name>.vecs</name>
         <load_address>0x11811000</load_address>
         <run_address>0x11811000</run_address>
         <size>0x200</size>
         <input_file_ref idref="fl-7"/>
      </object_component>
      <object_component id="oc-d1">
         <name>.cascade</name>
         <load_address>0x11811200</load_address>
         <run_address>0x11811200</run_address>
         <size>0xc0</size>
         <input_file_ref idref="fl-3"/>
      </object_component>
      <object_component id="oc-e4">
         <name>.cascade</name>
         <load_address>0x118112c0</load_address>
         <run_address>0x118112c0</run_address>
         <size>0xc0</size>
         <input_file_ref idref="fl-4"/>
      </object_component>
      <object_component id="oc-12">
         <name>.debug_info</name>
         <load_address>0x0</load_address>
         <run_address>0x0</run_address>
         <size>0x3ecc</size>
         <input_file_ref idref="fl-2"/>
      </object_component>
      <object_component id="oc-17">
         <name>.debug_info</name>
         <load_address>0x3ecc</load_address>
         <run_address>0x3ecc</run_address>
         <size>0x6ec</size>
         <input_file_ref idref="fl-3"/>
      </object_component>
      <object_component id="oc-1a">
         <name>.debug_info</name>
         <load_address>0x45b8</load_address>
         <run_address>0x45b8</run_address>
         <size>0x6e1</size>
         <input_file_ref idref="fl-4"/>
      </object_component>
      <object_component id="oc-1d">
         <name>.debug_info</name>
         <load_address>0x4c99</load_address>
         <run_address>0x4c99</run_address>
         <size>0x5df</size>
         <input_file_ref idref="fl-5"/>
      </object_component>
      <object_component id="oc-21">
         <name>.debug_info</name>
         <load_address>0x5278</load_address>
         <run_address>0x5278</run_address>
         <size>0xa6f</size>
         <input_file_ref idref="fl-6"/>
      </object_component>
      <object_component id="oc-29">
         <name>.debug_info</name>
         <load_address>0x5ce7</load_address>
         <run_address>0x5ce7</run_address>
         <size>0x116</size>
         <input_file_ref idref="fl-7"/>
      </object_component>
      <object_component id="oc-2c">
         <name>.debug_info</name>
         <load_address>0x5dfd</load_address>
         <run_address>0x5dfd</run_address>
         <size>0x739</size>
         <input_file_ref idref="fl-83"/>
      </object_component>
      <object_component id="oc-30">
         <name>.debug_info</name>
         <load_address>0x6536</load_address>
         <run_address>0x6536</run_address>
         <size>0x867</size>
         <input_file_ref idref="fl-84"/>
      </object_component>
      <object_component id="oc-35">
         <name>.debug_info</name>
         <load_address>0x6d9d</load_address>
         <run_address>0x6d9d</run_address>
         <size>0x674</size>
         <input_file_ref idref="fl-85"/>
      </object_component>
      <object_component id="oc-38">
         <name>.debug_info</name>
         <load_address>0x7411</load_address>
         <run_address>0x7411</run_address>
         <size>0xc91</size>
         <input_file_ref idref="fl-86"/>
      </object_component>
      <object_component id="oc-3e">
         <name>.debug_info</name>
         <load_address>0x80a2</load_address>
         <run_address>0x80a2</run_address>
         <size>0x67a</size>
         <input_file_ref idref="fl-87"/>
      </object_component>
      <object_component id="oc-43">
         <name>.debug_info</name>
         <load_address>0x871c</load_address>
         <run_address>0x871c</run_address>
         <size>0x70f</size>
         <input_file_ref idref="fl-88"/>
      </object_component>
      <object_component id="oc-46">
         <name>.debug_info</name>
         <load_address>0x8e2b</load_address>
         <run_address>0x8e2b</run_address>
         <size>0x8e6</size>
         <input_file_ref idref="fl-89"/>
      </object_component>
      <object_component id="oc-49">
         <name>.debug_info</name>
         <load_address>0x9711</load_address>
         <run_address>0x9711</run_address>
         <size>0x75e</size>
         <input_file_ref idref="fl-8a"/>
      </object_component>
      <object_component id="oc-4c">
         <name>.debug_info</name>
         <load_address>0x9e6f</load_address>
         <run_address>0x9e6f</run_address>
         <size>0x854</size>
         <input_file_ref idref="fl-8b"/>
      </object_component>
      <object_component id="oc-4f">
         <name>.debug_info</name>
         <load_address>0xa6c3</load_address>
         <run_address>0xa6c3</run_address>
         <size>0x111</size>
         <input_file_ref idref="fl-8c"/>
      </object_component>
      <object_component id="oc-52">
         <name>.debug_info</name>
         <load_address>0xa7d4</load_address>
         <run_address>0xa7d4</run_address>
         <size>0xb3f</size>
         <input_file_ref idref="fl-8d"/>
      </object_component>
      <object_component id="oc-56">
         <name>.debug_info</name>
         <load_address>0xb313</load_address>
         <run_address>0xb313</run_address>
         <size>0xee6</size>
         <input_file_ref idref="fl-8e"/>
      </object_component>
      <object_component id="oc-5a">
         <name>.debug_info</name>
         <load_address>0xc1f9</load_address>
         <run_address>0xc1f9</run_address>
         <size>0x2761</size>
         <input_file_ref idref="fl-8f"/>
      </object_component>
      <object_component id="oc-5f">
         <name>.debug_info</name>
         <load_address>0xe95a</load_address>
         <run_address>0xe95a</run_address>
         <size>0xf3c</size>
         <input_file_ref idref="fl-90"/>
      </object_component>
      <object_component id="oc-64">
         <name>.debug_info</name>
         <load_address>0xf896</load_address>
         <run_address>0xf896</run_address>
         <size>0x13d9</size>
         <input_file_ref idref="fl-91"/>
      </object_component>
      <object_component id="oc-68">
         <name>.debug_info</name>
         <load_address>0x10c6f</load_address>
         <run_address>0x10c6f</run_address>
         <size>0x930</size>
         <input_file_ref idref="fl-92"/>
      </object_component>
      <object_component id="oc-6b">
         <name>.debug_info</name>
         <load_address>0x1159f</load_address>
         <run_address>0x1159f</run_address>
         <size>0x38a3</size>
         <input_file_ref idref="fl-93"/>
      </object_component>
      <object_component id="oc-6f">
         <name>.debug_info</name>
         <load_address>0x14e42</load_address>
         <run_address>0x14e42</run_address>
         <size>0x7de</size>
         <input_file_ref idref="fl-94"/>
      </object_component>
      <object_component id="oc-72">
         <name>.debug_info</name>
         <load_address>0x15620</load_address>
         <run_address>0x15620</run_address>
         <size>0x628</size>
         <input_file_ref idref="fl-95"/>
      </object_component>
      <object_component id="oc-74">
         <name>.debug_info</name>
         <load_address>0x15c48</load_address>
         <run_address>0x15c48</run_address>
         <size>0x715</size>
         <input_file_ref idref="fl-96"/>
      </object_component>
      <object_component id="oc-78">
         <name>.debug_info</name>
         <load_address>0x1635d</load_address>
         <run_address>0x1635d</run_address>
         <size>0x9b1</size>
         <input_file_ref idref="fl-97"/>
      </object_component>
      <object_component id="oc-7b">
         <name>.debug_info</name>
         <load_address>0x16d0e</load_address>
         <run_address>0x16d0e</run_address>
         <size>0x102</size>
         <input_file_ref idref="fl-98"/>
      </object_component>
      <object_component id="oc-7e">
         <name>.debug_info</name>
         <load_address>0x16e10</load_address>
         <run_address>0x16e10</run_address>
         <size>0x6bf</size>
         <input_file_ref idref="fl-99"/>
      </object_component>
      <object_component id="oc-81">
         <name>.debug_info</name>
         <load_address>0x174cf</load_address>
         <run_address>0x174cf</run_address>
         <size>0x6de</size>
         <input_file_ref idref="fl-9a"/>
      </object_component>
      <object_component id="oc-84">
         <name>.debug_info</name>
         <load_address>0x17bad</load_address>
         <run_address>0x17bad</run_address>
         <size>0x858</size>
         <input_file_ref idref="fl-9b"/>
      </object_component>
      <object_component id="oc-87">
         <name>.debug_info</name>
         <load_address>0x18405</load_address>
         <run_address>0x18405</run_address>
         <size>0xd9b</size>
         <input_file_ref idref="fl-9c"/>
      </object_component>
      <object_component id="oc-8b">
         <name>.debug_info</name>
         <load_address>0x191a0</load_address>
         <run_address>0x191a0</run_address>
         <size>0x69a</size>
         <input_file_ref idref="fl-9d"/>
      </object_component>
      <object_component id="oc-8e">
         <name>.debug_info</name>
         <load_address>0x1983a</load_address>
         <run_address>0x1983a</run_address>
         <size>0x832</size>
         <input_file_ref idref="fl-9e"/>
      </object_component>
      <object_component id="oc-91">
         <name>.debug_info</name>
         <load_address>0x1a06c</load_address>
         <run_address>0x1a06c</run_address>
         <size>0x82d</size>
         <input_file_ref idref="fl-9f"/>
      </object_component>
      <object_component id="oc-94">
         <name>.debug_info</name>
         <load_address>0x1a899</load_address>
         <run_address>0x1a899</run_address>
         <size>0x844</size>
         <input_file_ref idref="fl-a0"/>
      </object_component>
      <object_component id="oc-97">
         <name>.debug_info</name>
         <load_address>0x1b0dd</load_address>
         <run_address>0x1b0dd</run_address>
         <size>0x72f</size>
         <input_file_ref idref="fl-a1"/>
      </object_component>
      <object_component id="oc-9a">
         <name>.debug_info</name>
         <load_address>0x1b80c</load_address>
         <run_address>0x1b80c</run_address>
         <size>0x11b4</size>
         <input_file_ref idref="fl-a2"/>
      </object_component>
      <object_component id="oc-9f">
         <name>.debug_info</name>
         <load_address>0x1c9c0</load_address>
         <run_address>0x1c9c0</run_address>
         <size>0x7be</size>
         <input_file_ref idref="fl-a3"/>
      </object_component>
      <object_component id="oc-a2">
         <name>.debug_info</name>
         <load_address>0x1d17e</load_address>
         <run_address>0x1d17e</run_address>
         <size>0x761</size>
         <input_file_ref idref="fl-a4"/>
      </object_component>
      <object_component id="oc-a5">
         <name>.debug_info</name>
         <load_address>0x1d8df</load_address>
         <run_address>0x1d8df</run_address>
         <size>0x845</size>
         <input_file_ref idref="fl-a5"/>
      </object_component>
      <object_component id="oc-a8">
         <name>.debug_info</name>
         <load_address>0x1e124</load_address>
         <run_address>0x1e124</run_address>
         <size>0x646</size>
         <input_file_ref idref="fl-a6"/>
      </object_component>
      <object_component id="oc-ab">
         <name>.debug_info</name>
         <load_address>0x1e76a</load_address>
         <run_address>0x1e76a</run_address>
         <size>0x11f4</size>
         <input_file_ref idref="fl-a7"/>
      </object_component>
      <object_component id="oc-af">
         <name>.debug_info</name>
         <load_address>0x1f95e</load_address>
         <run_address>0x1f95e</run_address>
         <size>0xa1b</size>
         <input_file_ref idref="fl-a8"/>
      </object_component>
      <object_component id="oc-b3">
         <name>.debug_info</name>
         <load_address>0x20379</load_address>
         <run_address>0x20379</run_address>
         <size>0x788</size>
         <input_file_ref idref="fl-a9"/>
      </object_component>
      <object_component id="oc-b6">
         <name>.debug_info</name>
         <load_address>0x20b01</load_address>
         <run_address>0x20b01</run_address>
         <size>0x5fa</size>
         <input_file_ref idref="fl-aa"/>
      </object_component>
      <object_component id="oc-b9">
         <name>.debug_info</name>
         <load_address>0x210fb</load_address>
         <run_address>0x210fb</run_address>
         <size>0x7af</size>
         <input_file_ref idref="fl-ab"/>
      </object_component>
      <object_component id="oc-bc">
         <name>.debug_info</name>
         <load_address>0x218aa</load_address>
         <run_address>0x218aa</run_address>
         <size>0x7e7</size>
         <input_file_ref idref="fl-ac"/>
      </object_component>
      <object_component id="oc-bf">
         <name>.debug_info</name>
         <load_address>0x22091</load_address>
         <run_address>0x22091</run_address>
         <size>0x841</size>
         <input_file_ref idref="fl-ad"/>
      </object_component>
      <object_component id="oc-c2">
         <name>.debug_info</name>
         <load_address>0x228d2</load_address>
         <run_address>0x228d2</run_address>
         <size>0x8fa</size>
         <input_file_ref idref="fl-ae"/>
      </object_component>
      <object_component id="oc-c7">
         <name>.debug_info</name>
         <load_address>0x231cc</load_address>
         <run_address>0x231cc</run_address>
         <size>0x834</size>
         <input_file_ref idref="fl-af"/>
      </object_component>
      <object_component id="oc-ca">
         <name>.debug_info</name>
         <load_address>0x23a00</load_address>
         <run_address>0x23a00</run_address>
         <size>0x692</size>
         <input_file_ref idref="fl-b0"/>
      </object_component>
      <object_component id="oc-13f">
         <name>.debug_info</name>
         <load_address>0x24092</load_address>
         <run_address>0x24092</run_address>
         <size>0xa1</size>
      </object_component>
      <object_component id="oc-15">
         <name>.debug_line</name>
         <load_address>0x0</load_address>
         <run_address>0x0</run_address>
         <size>0x23d</size>
         <input_file_ref idref="fl-2"/>
      </object_component>
      <object_component id="oc-18">
         <name>.debug_line</name>
         <load_address>0x23d</load_address>
         <run_address>0x23d</run_address>
         <size>0x4a</size>
         <input_file_ref idref="fl-3"/>
      </object_component>
      <object_component id="oc-1b">
         <name>.debug_line</name>
         <load_address>0x287</load_address>
         <run_address>0x287</run_address>
         <size>0x5b</size>
         <input_file_ref idref="fl-4"/>
      </object_component>
      <object_component id="oc-1e">
         <name>.debug_line</name>
         <load_address>0x2e2</load_address>
         <run_address>0x2e2</run_address>
         <size>0x3b</size>
         <input_file_ref idref="fl-5"/>
      </object_component>
      <object_component id="oc-25">
         <name>.debug_line</name>
         <load_address>0x31d</load_address>
         <run_address>0x31d</run_address>
         <size>0x6c</size>
         <input_file_ref idref="fl-6"/>
      </object_component>
      <object_component id="oc-2a">
         <name>.debug_line</name>
         <load_address>0x389</load_address>
         <run_address>0x389</run_address>
         <size>0xd9</size>
         <input_file_ref idref="fl-7"/>
      </object_component>
      <object_component id="oc-2e">
         <name>.debug_line</name>
         <load_address>0x462</load_address>
         <run_address>0x462</run_address>
         <size>0x3d</size>
         <input_file_ref idref="fl-83"/>
      </object_component>
      <object_component id="oc-33">
         <name>.debug_line</name>
         <load_address>0x49f</load_address>
         <run_address>0x49f</run_address>
         <size>0x4f</size>
         <input_file_ref idref="fl-84"/>
      </object_component>
      <object_component id="oc-36">
         <name>.debug_line</name>
         <load_address>0x4ee</load_address>
         <run_address>0x4ee</run_address>
         <size>0x3d</size>
         <input_file_ref idref="fl-85"/>
      </object_component>
      <object_component id="oc-3c">
         <name>.debug_line</name>
         <load_address>0x52b</load_address>
         <run_address>0x52b</run_address>
         <size>0xa7</size>
         <input_file_ref idref="fl-86"/>
      </object_component>
      <object_component id="oc-41">
         <name>.debug_line</name>
         <load_address>0x5d2</load_address>
         <run_address>0x5d2</run_address>
         <size>0x35</size>
         <input_file_ref idref="fl-87"/>
      </object_component>
      <object_component id="oc-44">
         <name>.debug_line</name>
         <load_address>0x607</load_address>
         <run_address>0x607</run_address>
         <size>0x3f</size>
         <input_file_ref idref="fl-88"/>
      </object_component>
      <object_component id="oc-47">
         <name>.debug_line</name>
         <load_address>0x646</load_address>
         <run_address>0x646</run_address>
         <size>0x49</size>
         <input_file_ref idref="fl-89"/>
      </object_component>
      <object_component id="oc-4a">
         <name>.debug_line</name>
         <load_address>0x68f</load_address>
         <run_address>0x68f</run_address>
         <size>0x45</size>
         <input_file_ref idref="fl-8a"/>
      </object_component>
      <object_component id="oc-4d">
         <name>.debug_line</name>
         <load_address>0x6d4</load_address>
         <run_address>0x6d4</run_address>
         <size>0x44</size>
         <input_file_ref idref="fl-8b"/>
      </object_component>
      <object_component id="oc-50">
         <name>.debug_line</name>
         <load_address>0x718</load_address>
         <run_address>0x718</run_address>
         <size>0x4a</size>
         <input_file_ref idref="fl-8c"/>
      </object_component>
      <object_component id="oc-54">
         <name>.debug_line</name>
         <load_address>0x762</load_address>
         <run_address>0x762</run_address>
         <size>0xd8</size>
         <input_file_ref idref="fl-8d"/>
      </object_component>
      <object_component id="oc-58">
         <name>.debug_line</name>
         <load_address>0x83a</load_address>
         <run_address>0x83a</run_address>
         <size>0xad</size>
         <input_file_ref idref="fl-8e"/>
      </object_component>
      <object_component id="oc-5d">
         <name>.debug_line</name>
         <load_address>0x8e7</load_address>
         <run_address>0x8e7</run_address>
         <size>0x2d8</size>
         <input_file_ref idref="fl-8f"/>
      </object_component>
      <object_component id="oc-61">
         <name>.debug_line</name>
         <load_address>0xbbf</load_address>
         <run_address>0xbbf</run_address>
         <size>0x169</size>
         <input_file_ref idref="fl-90"/>
      </object_component>
      <object_component id="oc-66">
         <name>.debug_line</name>
         <load_address>0xd28</load_address>
         <run_address>0xd28</run_address>
         <size>0x143</size>
         <input_file_ref idref="fl-91"/>
      </object_component>
      <object_component id="oc-69">
         <name>.debug_line</name>
         <load_address>0xe6b</load_address>
         <run_address>0xe6b</run_address>
         <size>0x6a</size>
         <input_file_ref idref="fl-92"/>
      </object_component>
      <object_component id="oc-6d">
         <name>.debug_line</name>
         <load_address>0xed5</load_address>
         <run_address>0xed5</run_address>
         <size>0x3a6</size>
         <input_file_ref idref="fl-93"/>
      </object_component>
      <object_component id="oc-70">
         <name>.debug_line</name>
         <load_address>0x127b</load_address>
         <run_address>0x127b</run_address>
         <size>0x45</size>
         <input_file_ref idref="fl-94"/>
      </object_component>
      <object_component id="oc-79">
         <name>.debug_line</name>
         <load_address>0x12c0</load_address>
         <run_address>0x12c0</run_address>
         <size>0x3c</size>
         <input_file_ref idref="fl-97"/>
      </object_component>
      <object_component id="oc-7c">
         <name>.debug_line</name>
         <load_address>0x12fc</load_address>
         <run_address>0x12fc</run_address>
         <size>0x44</size>
         <input_file_ref idref="fl-98"/>
      </object_component>
      <object_component id="oc-7f">
         <name>.debug_line</name>
         <load_address>0x1340</load_address>
         <run_address>0x1340</run_address>
         <size>0x3d</size>
         <input_file_ref idref="fl-99"/>
      </object_component>
      <object_component id="oc-82">
         <name>.debug_line</name>
         <load_address>0x137d</load_address>
         <run_address>0x137d</run_address>
         <size>0x3d</size>
         <input_file_ref idref="fl-9a"/>
      </object_component>
      <object_component id="oc-85">
         <name>.debug_line</name>
         <load_address>0x13ba</load_address>
         <run_address>0x13ba</run_address>
         <size>0x3f</size>
         <input_file_ref idref="fl-9b"/>
      </object_component>
      <object_component id="oc-89">
         <name>.debug_line</name>
         <load_address>0x13f9</load_address>
         <run_address>0x13f9</run_address>
         <size>0xd9</size>
         <input_file_ref idref="fl-9c"/>
      </object_component>
      <object_component id="oc-8c">
         <name>.debug_line</name>
         <load_address>0x14d2</load_address>
         <run_address>0x14d2</run_address>
         <size>0x3e</size>
         <input_file_ref idref="fl-9d"/>
      </object_component>
      <object_component id="oc-8f">
         <name>.debug_line</name>
         <load_address>0x1510</load_address>
         <run_address>0x1510</run_address>
         <size>0x73</size>
         <input_file_ref idref="fl-9e"/>
      </object_component>
      <object_component id="oc-92">
         <name>.debug_line</name>
         <load_address>0x1583</load_address>
         <run_address>0x1583</run_address>
         <size>0x61</size>
         <input_file_ref idref="fl-9f"/>
      </object_component>
      <object_component id="oc-95">
         <name>.debug_line</name>
         <load_address>0x15e4</load_address>
         <run_address>0x15e4</run_address>
         <size>0x38</size>
         <input_file_ref idref="fl-a0"/>
      </object_component>
      <object_component id="oc-98">
         <name>.debug_line</name>
         <load_address>0x161c</load_address>
         <run_address>0x161c</run_address>
         <size>0x56</size>
         <input_file_ref idref="fl-a1"/>
      </object_component>
      <object_component id="oc-9d">
         <name>.debug_line</name>
         <load_address>0x1672</load_address>
         <run_address>0x1672</run_address>
         <size>0x13b</size>
         <input_file_ref idref="fl-a2"/>
      </object_component>
      <object_component id="oc-a0">
         <name>.debug_line</name>
         <load_address>0x17ad</load_address>
         <run_address>0x17ad</run_address>
         <size>0x40</size>
         <input_file_ref idref="fl-a3"/>
      </object_component>
      <object_component id="oc-a3">
         <name>.debug_line</name>
         <load_address>0x17ed</load_address>
         <run_address>0x17ed</run_address>
         <size>0x3f</size>
         <input_file_ref idref="fl-a4"/>
      </object_component>
      <object_component id="oc-a6">
         <name>.debug_line</name>
         <load_address>0x182c</load_address>
         <run_address>0x182c</run_address>
         <size>0x46</size>
         <input_file_ref idref="fl-a5"/>
      </object_component>
      <object_component id="oc-a9">
         <name>.debug_line</name>
         <load_address>0x1872</load_address>
         <run_address>0x1872</run_address>
         <size>0x39</size>
         <input_file_ref idref="fl-a6"/>
      </object_component>
      <object_component id="oc-ad">
         <name>.debug_line</name>
         <load_address>0x18ab</load_address>
         <run_address>0x18ab</run_address>
         <size>0x16c</size>
         <input_file_ref idref="fl-a7"/>
      </object_component>
      <object_component id="oc-b1">
         <name>.debug_line</name>
         <load_address>0x1a17</load_address>
         <run_address>0x1a17</run_address>
         <size>0x66</size>
         <input_file_ref idref="fl-a8"/>
      </object_component>
      <object_component id="oc-b4">
         <name>.debug_line</name>
         <load_address>0x1a7d</load_address>
         <run_address>0x1a7d</run_address>
         <size>0x40</size>
         <input_file_ref idref="fl-a9"/>
      </object_component>
      <object_component id="oc-b7">
         <name>.debug_line</name>
         <load_address>0x1abd</load_address>
         <run_address>0x1abd</run_address>
         <size>0x23</size>
         <input_file_ref idref="fl-aa"/>
      </object_component>
      <object_component id="oc-ba">
         <name>.debug_line</name>
         <load_address>0x1ae0</load_address>
         <run_address>0x1ae0</run_address>
         <size>0x3e</size>
         <input_file_ref idref="fl-ab"/>
      </object_component>
      <object_component id="oc-bd">
         <name>.debug_line</name>
         <load_address>0x1b1e</load_address>
         <run_address>0x1b1e</run_address>
         <size>0x3c</size>
         <input_file_ref idref="fl-ac"/>
      </object_component>
      <object_component id="oc-c0">
         <name>.debug_line</name>
         <load_address>0x1b5a</load_address>
         <run_address>0x1b5a</run_address>
         <size>0x40</size>
         <input_file_ref idref="fl-ad"/>
      </object_component>
      <object_component id="oc-c5">
         <name>.debug_line</name>
         <load_address>0x1b9a</load_address>
         <run_address>0x1b9a</run_address>
         <size>0x42</size>
         <input_file_ref idref="fl-ae"/>
      </object_component>
      <object_component id="oc-c8">
         <name>.debug_line</name>
         <load_address>0x1bdc</load_address>
         <run_address>0x1bdc</run_address>
         <size>0x3e</size>
         <input_file_ref idref="fl-af"/>
      </object_component>
      <object_component id="oc-cb">
         <name>.debug_line</name>
         <load_address>0x1c1a</load_address>
         <run_address>0x1c1a</run_address>
         <size>0x39</size>
         <input_file_ref idref="fl-b0"/>
      </object_component>
      <object_component id="oc-16">
         <name>.debug_abbrev</name>
         <load_address>0x0</load_address>
         <run_address>0x0</run_address>
         <size>0x249</size>
         <input_file_ref idref="fl-2"/>
      </object_component>
      <object_component id="oc-19">
         <name>.debug_abbrev</name>
         <load_address>0x249</load_address>
         <run_address>0x249</run_address>
         <size>0x8b</size>
         <input_file_ref idref="fl-3"/>
      </object_component>
      <object_component id="oc-1c">
         <name>.debug_abbrev</name>
         <load_address>0x2d4</load_address>
         <run_address>0x2d4</run_address>
         <size>0x7d</size>
         <input_file_ref idref="fl-4"/>
      </object_component>
      <object_component id="oc-1f">
         <name>.debug_abbrev</name>
         <load_address>0x351</load_address>
         <run_address>0x351</run_address>
         <size>0x7d</size>
         <input_file_ref idref="fl-5"/>
      </object_component>
      <object_component id="oc-26">
         <name>.debug_abbrev</name>
         <load_address>0x3ce</load_address>
         <run_address>0x3ce</run_address>
         <size>0x141</size>
         <input_file_ref idref="fl-6"/>
      </object_component>
      <object_component id="oc-2b">
         <name>.debug_abbrev</name>
         <load_address>0x50f</load_address>
         <run_address>0x50f</run_address>
         <size>0x24</size>
         <input_file_ref idref="fl-7"/>
      </object_component>
      <object_component id="oc-2f">
         <name>.debug_abbrev</name>
         <load_address>0x533</load_address>
         <run_address>0x533</run_address>
         <size>0xfe</size>
         <input_file_ref idref="fl-83"/>
      </object_component>
      <object_component id="oc-34">
         <name>.debug_abbrev</name>
         <load_address>0x631</load_address>
         <run_address>0x631</run_address>
         <size>0x119</size>
         <input_file_ref idref="fl-84"/>
      </object_component>
      <object_component id="oc-37">
         <name>.debug_abbrev</name>
         <load_address>0x74a</load_address>
         <run_address>0x74a</run_address>
         <size>0x98</size>
         <input_file_ref idref="fl-85"/>
      </object_component>
      <object_component id="oc-3d">
         <name>.debug_abbrev</name>
         <load_address>0x7e2</load_address>
         <run_address>0x7e2</run_address>
         <size>0x1f6</size>
         <input_file_ref idref="fl-86"/>
      </object_component>
      <object_component id="oc-42">
         <name>.debug_abbrev</name>
         <load_address>0x9d8</load_address>
         <run_address>0x9d8</run_address>
         <size>0x9f</size>
         <input_file_ref idref="fl-87"/>
      </object_component>
      <object_component id="oc-45">
         <name>.debug_abbrev</name>
         <load_address>0xa77</load_address>
         <run_address>0xa77</run_address>
         <size>0xe1</size>
         <input_file_ref idref="fl-88"/>
      </object_component>
      <object_component id="oc-48">
         <name>.debug_abbrev</name>
         <load_address>0xb58</load_address>
         <run_address>0xb58</run_address>
         <size>0x13f</size>
         <input_file_ref idref="fl-89"/>
      </object_component>
      <object_component id="oc-4b">
         <name>.debug_abbrev</name>
         <load_address>0xc97</load_address>
         <run_address>0xc97</run_address>
         <size>0xdd</size>
         <input_file_ref idref="fl-8a"/>
      </object_component>
      <object_component id="oc-4e">
         <name>.debug_abbrev</name>
         <load_address>0xd74</load_address>
         <run_address>0xd74</run_address>
         <size>0x10c</size>
         <input_file_ref idref="fl-8b"/>
      </object_component>
      <object_component id="oc-51">
         <name>.debug_abbrev</name>
         <load_address>0xe80</load_address>
         <run_address>0xe80</run_address>
         <size>0x3b</size>
         <input_file_ref idref="fl-8c"/>
      </object_component>
      <object_component id="oc-55">
         <name>.debug_abbrev</name>
         <load_address>0xebb</load_address>
         <run_address>0xebb</run_address>
         <size>0x104</size>
         <input_file_ref idref="fl-8d"/>
      </object_component>
      <object_component id="oc-59">
         <name>.debug_abbrev</name>
         <load_address>0xfbf</load_address>
         <run_address>0xfbf</run_address>
         <size>0xf0</size>
         <input_file_ref idref="fl-8e"/>
      </object_component>
      <object_component id="oc-5e">
         <name>.debug_abbrev</name>
         <load_address>0x10af</load_address>
         <run_address>0x10af</run_address>
         <size>0x208</size>
         <input_file_ref idref="fl-8f"/>
      </object_component>
      <object_component id="oc-62">
         <name>.debug_abbrev</name>
         <load_address>0x12b7</load_address>
         <run_address>0x12b7</run_address>
         <size>0x147</size>
         <input_file_ref idref="fl-90"/>
      </object_component>
      <object_component id="oc-67">
         <name>.debug_abbrev</name>
         <load_address>0x13fe</load_address>
         <run_address>0x13fe</run_address>
         <size>0x136</size>
         <input_file_ref idref="fl-91"/>
      </object_component>
      <object_component id="oc-6a">
         <name>.debug_abbrev</name>
         <load_address>0x1534</load_address>
         <run_address>0x1534</run_address>
         <size>0x161</size>
         <input_file_ref idref="fl-92"/>
      </object_component>
      <object_component id="oc-6e">
         <name>.debug_abbrev</name>
         <load_address>0x1695</load_address>
         <run_address>0x1695</run_address>
         <size>0x1d1</size>
         <input_file_ref idref="fl-93"/>
      </object_component>
      <object_component id="oc-71">
         <name>.debug_abbrev</name>
         <load_address>0x1866</load_address>
         <run_address>0x1866</run_address>
         <size>0xcc</size>
         <input_file_ref idref="fl-94"/>
      </object_component>
      <object_component id="oc-73">
         <name>.debug_abbrev</name>
         <load_address>0x1932</load_address>
         <run_address>0x1932</run_address>
         <size>0x5f</size>
         <input_file_ref idref="fl-95"/>
      </object_component>
      <object_component id="oc-77">
         <name>.debug_abbrev</name>
         <load_address>0x1991</load_address>
         <run_address>0x1991</run_address>
         <size>0x8e</size>
         <input_file_ref idref="fl-96"/>
      </object_component>
      <object_component id="oc-7a">
         <name>.debug_abbrev</name>
         <load_address>0x1a1f</load_address>
         <run_address>0x1a1f</run_address>
         <size>0xf5</size>
         <input_file_ref idref="fl-97"/>
      </object_component>
      <object_component id="oc-7d">
         <name>.debug_abbrev</name>
         <load_address>0x1b14</load_address>
         <run_address>0x1b14</run_address>
         <size>0x3b</size>
         <input_file_ref idref="fl-98"/>
      </object_component>
      <object_component id="oc-80">
         <name>.debug_abbrev</name>
         <load_address>0x1b4f</load_address>
         <run_address>0x1b4f</run_address>
         <size>0xac</size>
         <input_file_ref idref="fl-99"/>
      </object_component>
      <object_component id="oc-83">
         <name>.debug_abbrev</name>
         <load_address>0x1bfb</load_address>
         <run_address>0x1bfb</run_address>
         <size>0xc3</size>
         <input_file_ref idref="fl-9a"/>
      </object_component>
      <object_component id="oc-86">
         <name>.debug_abbrev</name>
         <load_address>0x1cbe</load_address>
         <run_address>0x1cbe</run_address>
         <size>0x11f</size>
         <input_file_ref idref="fl-9b"/>
      </object_component>
      <object_component id="oc-8a">
         <name>.debug_abbrev</name>
         <load_address>0x1ddd</load_address>
         <run_address>0x1ddd</run_address>
         <size>0x14b</size>
         <input_file_ref idref="fl-9c"/>
      </object_component>
      <object_component id="oc-8d">
         <name>.debug_abbrev</name>
         <load_address>0x1f28</load_address>
         <run_address>0x1f28</run_address>
         <size>0x8c</size>
         <input_file_ref idref="fl-9d"/>
      </object_component>
      <object_component id="oc-90">
         <name>.debug_abbrev</name>
         <load_address>0x1fb4</load_address>
         <run_address>0x1fb4</run_address>
         <size>0xc3</size>
         <input_file_ref idref="fl-9e"/>
      </object_component>
      <object_component id="oc-93">
         <name>.debug_abbrev</name>
         <load_address>0x2077</load_address>
         <run_address>0x2077</run_address>
         <size>0xc3</size>
         <input_file_ref idref="fl-9f"/>
      </object_component>
      <object_component id="oc-96">
         <name>.debug_abbrev</name>
         <load_address>0x213a</load_address>
         <run_address>0x213a</run_address>
         <size>0xd0</size>
         <input_file_ref idref="fl-a0"/>
      </object_component>
      <object_component id="oc-99">
         <name>.debug_abbrev</name>
         <load_address>0x220a</load_address>
         <run_address>0x220a</run_address>
         <size>0xa3</size>
         <input_file_ref idref="fl-a1"/>
      </object_component>
      <object_component id="oc-9e">
         <name>.debug_abbrev</name>
         <load_address>0x22ad</load_address>
         <run_address>0x22ad</run_address>
         <size>0x215</size>
         <input_file_ref idref="fl-a2"/>
      </object_component>
      <object_component id="oc-a1">
         <name>.debug_abbrev</name>
         <load_address>0x24c2</load_address>
         <run_address>0x24c2</run_address>
         <size>0xe3</size>
         <input_file_ref idref="fl-a3"/>
      </object_component>
      <object_component id="oc-a4">
         <name>.debug_abbrev</name>
         <load_address>0x25a5</load_address>
         <run_address>0x25a5</run_address>
         <size>0xae</size>
         <input_file_ref idref="fl-a4"/>
      </object_component>
      <object_component id="oc-a7">
         <name>.debug_abbrev</name>
         <load_address>0x2653</load_address>
         <run_address>0x2653</run_address>
         <size>0xd0</size>
         <input_file_ref idref="fl-a5"/>
      </object_component>
      <object_component id="oc-aa">
         <name>.debug_abbrev</name>
         <load_address>0x2723</load_address>
         <run_address>0x2723</run_address>
         <size>0x71</size>
         <input_file_ref idref="fl-a6"/>
      </object_component>
      <object_component id="oc-ae">
         <name>.debug_abbrev</name>
         <load_address>0x2794</load_address>
         <run_address>0x2794</run_address>
         <size>0x180</size>
         <input_file_ref idref="fl-a7"/>
      </object_component>
      <object_component id="oc-b2">
         <name>.debug_abbrev</name>
         <load_address>0x2914</load_address>
         <run_address>0x2914</run_address>
         <size>0xd5</size>
         <input_file_ref idref="fl-a8"/>
      </object_component>
      <object_component id="oc-b5">
         <name>.debug_abbrev</name>
         <load_address>0x29e9</load_address>
         <run_address>0x29e9</run_address>
         <size>0xd1</size>
         <input_file_ref idref="fl-a9"/>
[...]
         <object_component_ref idref="oc-d0"/>
      </symbol>
      <symbol id="sm-9b">
         <name>_input_sample</name>
         <value>0x800001e0</value>
         <object_component_ref idref="oc-d0"/>
      </symbol>
      <symbol id="sm-9c">
         <name>_output_right_sample</name>
         <value>0x80000108</value>
         <object_component_ref idref="oc-d0"/>
      </symbol>
      <symbol id="sm-9d">
         <name>_pongIN</name>
         <value>0x11810f80</value>
         <object_component_ref idref="oc-11"/>
      </symbol>
      <symbol id="sm-9e">
         <name>_pongOUT</name>
         <value>0x11810f84</value>
         <object_component_ref idref="oc-11"/>
      </symbol>
      <symbol id="sm-9f">
         <name>_pingOUT</name>
         <value>0x11810f7c</value>
         <object_component_ref idref="oc-11"/>
      </symbol>
      <symbol id="sm-a0">
         <name>_L138_init_mcasp_poll</name>
         <value>0x8000066c</value>
         <object_component_ref idref="oc-d0"/>
      </symbol>
      <symbol id="sm-aa">
         <name>_cascade</name>
         <value>0x11811200</value>
         <object_component_ref idref="oc-d1"/>
      </symbol>
      <symbol id="sm-b3">
         <name>_cascadeSection</name>
         <value>0x118112c0</value>
         <object_component_ref idref="oc-e4"/>
      </symbol>
      <symbol id="sm-cc">
         <name>_main</name>
         <value>0x80008c20</value>
         <object_component_ref idref="oc-de"/>
      </symbol>
      <symbol id="sm-cd">
         <name>_dOffset</name>
         <value>0x11810f90</value>
         <object_component_ref idref="oc-20"/>
      </symbol>
      <symbol id="sm-ce">
         <name>_dBuff</name>
         <value>0x11810ce0</value>
         <object_component_ref idref="oc-23"/>
      </symbol>
      <symbol id="sm-cf">
         <name>_filterSections</name>
         <value>0x11810c50</value>
         <object_component_ref idref="oc-23"/>
      </symbol>
      <symbol id="sm-d0">
         <name>_codec_data</name>
         <value>0x11810d20</value>
         <object_component_ref idref="oc-23"/>
      </symbol>
      <symbol id="sm-d1">
         <name>_interrupt4</name>
         <value>0x80006a40</value>
         <object_component_ref idref="oc-24"/>
      </symbol>
      <symbol id="sm-d2">
         <name>_sections</name>
         <value>0x11810f94</value>
         <object_component_ref idref="oc-20"/>
      </symbol>
      <symbol id="sm-dd">
         <name>_vector10</name>
         <value>0x11811140</value>
         <object_component_ref idref="oc-28"/>
      </symbol>
      <symbol id="sm-de">
         <name>_vector11</name>
         <value>0x11811160</value>
         <object_component_ref idref="oc-28"/>
      </symbol>
      <symbol id="sm-df">
         <name>_vector12</name>
         <value>0x11811180</value>
         <object_component_ref idref="oc-28"/>
      </symbol>
      <symbol id="sm-e0">
         <name>_vector13</name>
         <value>0x118111a0</value>
         <object_component_ref idref="oc-28"/>
      </symbol>
      <symbol id="sm-e1">
         <name>_vector14</name>
         <value>0x118111c0</value>
         <object_component_ref idref="oc-28"/>
      </symbol>
      <symbol id="sm-e2">
         <name>_vector15</name>
         <value>0x118111e0</value>
         <object_component_ref idref="oc-28"/>
      </symbol>
      <symbol id="sm-e3">
         <name>_vectors</name>
         <value>0x11811000</value>
         <object_component_ref idref="oc-28"/>
      </symbol>
      <symbol id="sm-e4">
         <name>_vector1</name>
         <value>0x11811020</value>
         <object_component_ref idref="oc-28"/>
      </symbol>
      <symbol id="sm-e5">
         <name>_vector3</name>
         <value>0x11811060</value>
         <object_component_ref idref="oc-28"/>
      </symbol>
      <symbol id="sm-e6">
         <name>_vector2</name>
         <value>0x11811040</value>
         <object_component_ref idref="oc-28"/>
      </symbol>
      <symbol id="sm-e7">
         <name>_vector5</name>
         <value>0x118110a0</value>
         <object_component_ref idref="oc-28"/>
      </symbol>
      <symbol id="sm-e8">
         <name>_vector7</name>
         <value>0x118110e0</value>
         <object_component_ref idref="oc-28"/>
      </symbol>
      <symbol id="sm-e9">
         <name>_vector6</name>
         <value>0x118110c0</value>
         <object_component_ref idref="oc-28"/>
      </symbol>
      <symbol id="sm-ea">
         <name>_vector9</name>
         <value>0x11811120</value>
         <object_component_ref idref="oc-28"/>
      </symbol>
      <symbol id="sm-eb">
         <name>_vector8</name>
         <value>0x11811100</value>
         <object_component_ref idref="oc-28"/>
      </symbol>
      <symbol id="sm-fa">
         <name>_c_int00</name>
         <value>0x80008920</value>
         <object_component_ref idref="oc-10"/>
      </symbol>
      <symbol id="sm-fb">
         <name>__stack</name>
         <value>0x11810000</value>
         <object_component_ref idref="oc-2d"/>
      </symbol>
      <symbol id="sm-112">
         <name>C$$EXIT</name>
         <value>0x80008e80</value>
         <object_component_ref idref="oc-df"/>
      </symbol>
      <symbol id="sm-113">
         <name>_exit</name>
         <value>0x80007d60</value>
         <object_component_ref idref="oc-cf"/>
      </symbol>
      <symbol id="sm-114">
         <name>___TI_enable_exit_profile_output</name>
         <value>0x11810c4c</value>
         <object_component_ref idref="oc-32"/>
      </symbol>
      <symbol id="sm-115">
         <name>_abort</name>
         <value>0x80008e80</value>
         <object_component_ref idref="oc-df"/>
      </symbol>
      <symbol id="sm-116">
         <name>__cleanup_ptr</name>
         <value>0x11810c44</value>
         <object_component_ref idref="oc-32"/>
      </symbol>
      <symbol id="sm-117">
         <name>__dtors_ptr</name>
         <value>0x11810c48</value>
         <object_component_ref idref="oc-32"/>
      </symbol>
      <symbol id="sm-124">
         <name>__fixfu</name>
         <value>0x800087a0</value>
         <object_component_ref idref="oc-d2"/>
      </symbol>
      <symbol id="sm-15c">
         <name>__sys_memory</name>
         <value>0x11800000</value>
         <object_component_ref idref="oc-3b"/>
      </symbol>
      <symbol id="sm-15d">
         <name>_free</name>
         <value>0x80004ec0</value>
         <object_component_ref idref="oc-109"/>
      </symbol>
      <symbol id="sm-15e">
         <name>_malloc</name>
         <value>0x800068c0</value>
         <object_component_ref idref="oc-e3"/>
      </symbol>
      <symbol id="sm-16c">
         <name>__unlock</name>
         <value>0x11810d30</value>
         <object_component_ref idref="oc-40"/>
      </symbol>
      <symbol id="sm-16d">
         <name>__lock</name>
         <value>0x11810d2c</value>
         <object_component_ref idref="oc-40"/>
      </symbol>
      <symbol id="sm-16e">
         <name>__nop</name>
         <value>0x80008e20</value>
         <object_component_ref idref="oc-d3"/>
      </symbol>
      <symbol id="sm-178">
         <name>__args_main</name>
         <value>0x80008d00</value>
         <object_component_ref idref="oc-ce"/>
      </symbol>
      <symbol id="sm-179">
         <name>__TI_args_main</name>
         <value>0x1</value>
      </symbol>
      <symbol id="sm-188">
         <name>__auto_init</name>
         <value>0x80007a60</value>
         <object_component_ref idref="oc-cd"/>
      </symbol>
      <symbol id="sm-195">
         <name>___TI_cpp_init</name>
         <value>0x80008aa0</value>
         <object_component_ref idref="oc-dd"/>
      </symbol>
      <symbol id="sm-1a3">
         <name>_copy_in</name>
         <value>0x80008340</value>
         <object_component_ref idref="oc-db"/>
      </symbol>
      <symbol id="sm-1ab">
         <name>_memcpy</name>
         <value>0x80008520</value>
         <object_component_ref idref="oc-dc"/>
      </symbol>
      <symbol id="sm-1ba">
         <name>_USTIMER_get</name>
         <value>0x80006204</value>
         <object_component_ref idref="oc-e2"/>
      </symbol>
      <symbol id="sm-1bb">
         <name>_USTIMER_delay</name>
         <value>0x80006144</value>
         <object_component_ref idref="oc-e2"/>
      </symbol>
      <symbol id="sm-1bc">
         <name>_USTIMER_set</name>
         <value>0x80006218</value>
         <object_component_ref idref="oc-e2"/>
      </symbol>
      <symbol id="sm-1bd">
         <name>_USTIMER_init</name>
         <value>0x80006060</value>
         <object_component_ref idref="oc-e2"/>
      </symbol>
      <symbol id="sm-1be">
         <name>_USTIMER_reset</name>
         <value>0x800061d4</value>
         <object_component_ref idref="oc-e2"/>
      </symbol>
      <symbol id="sm-1ea">
         <name>_AIC3106_writeRegister</name>
         <value>0x800066f0</value>
         <object_component_ref idref="oc-e0"/>
      </symbol>
      <symbol id="sm-1eb">
         <name>_AIC3106_init</name>
         <value>0x800065a0</value>
         <object_component_ref idref="oc-e0"/>
      </symbol>
      <symbol id="sm-1ec">
         <name>_AIC3106_readRegister</name>
         <value>0x80006698</value>
         <object_component_ref idref="oc-e0"/>
      </symbol>
      <symbol id="sm-287">
         <name>_config_pll1</name>
         <value>0x80001f44</value>
         <object_component_ref idref="oc-e1"/>
      </symbol>
      <symbol id="sm-288">
         <name>_config_pll0</name>
         <value>0x80001d08</value>
         <object_component_ref idref="oc-e1"/>
      </symbol>
      <symbol id="sm-289">
         <name>_UTIL_isUIBoardAttached</name>
         <value>0x80002280</value>
         <object_component_ref idref="oc-e1"/>
      </symbol>
      <symbol id="sm-28a">
         <name>_EVMOMAPL138_initRAM</name>
         <value>0x800016ac</value>
         <object_component_ref idref="oc-e1"/>
      </symbol>
      <symbol id="sm-28b">
         <name>_EVMOMAPL138_lpscTransition</name>
         <value>0x80001930</value>
         <object_component_ref idref="oc-e1"/>
      </symbol>
      <symbol id="sm-28c">
         <name>_EVMOMAPL138_enableDsp</name>
         <value>0x80001868</value>
         <object_component_ref idref="oc-e1"/>
      </symbol>
      <symbol id="sm-28d">
         <name>_EVMOMAPL138_init</name>
         <value>0x80001680</value>
         <object_component_ref idref="oc-e1"/>
      </symbol>
      <symbol id="sm-28e">
         <name>_UTIL_printMem</name>
         <value>0x80002128</value>
         <object_component_ref idref="oc-e1"/>
      </symbol>
      <symbol id="sm-28f">
         <name>_EVMOMAPL138_pinmuxConfig</name>
         <value>0x80001894</value>
         <object_component_ref idref="oc-e1"/>
      </symbol>
      <symbol id="sm-2bd">
         <name>_I2CGPIO_getInput</name>
         <value>0x800033b4</value>
         <object_component_ref idref="oc-e9"/>
      </symbol>
      <symbol id="sm-2be">
         <name>_I2CGPIO_setOutputAll</name>
         <value>0x80003728</value>
         <object_component_ref idref="oc-e9"/>
      </symbol>
      <symbol id="sm-2bf">
         <name>_I2CGPIO_setOutput</name>
         <value>0x800035e0</value>
         <object_component_ref idref="oc-e9"/>
      </symbol>
      <symbol id="sm-2c0">
         <name>_I2CGPIO_getInputAll</name>
         <value>0x800034d0</value>
         <object_component_ref idref="oc-e9"/>
      </symbol>
      <symbol id="sm-2c1">
         <name>_I2CGPIO_init</name>
         <value>0x800032e0</value>
         <object_component_ref idref="oc-e9"/>
      </symbol>
      <symbol id="sm-30a">
         <name>_I2C_read</name>
         <value>0x8000408c</value>
         <object_component_ref idref="oc-e7"/>
      </symbol>
      <symbol id="sm-30b">
         <name>_I2C_write</name>
         <value>0x800041e8</value>
         <object_component_ref idref="oc-e7"/>
      </symbol>
      <symbol id="sm-30c">
         <name>_I2C_init</name>
         <value>0x80003fa0</value>
         <object_component_ref idref="oc-e7"/>
      </symbol>
      <symbol id="sm-321">
         <name>_printf</name>
         <value>0x80007800</value>
         <object_component_ref idref="oc-e8"/>
      </symbol>
      <symbol id="sm-42d">
         <name>__printfi</name>
         <value>0x800037c0</value>
         <object_component_ref idref="oc-ed"/>
      </symbol>
      <symbol id="sm-43b">
         <name>_atoi</name>
         <value>0x80007560</value>
         <object_component_ref idref="oc-f9"/>
      </symbol>
      <symbol id="sm-443">
         <name>__ctypes_</name>
         <value>0x11811380</value>
         <object_component_ref idref="oc-ff"/>
      </symbol>
      <symbol id="sm-44d">
         <name>__tmpnams</name>
         <value>0x118109e0</value>
         <object_component_ref idref="oc-76"/>
      </symbol>
      <symbol id="sm-44e">
         <name>__ft_end</name>
         <value>0x11810b20</value>
         <object_component_ref idref="oc-76"/>
      </symbol>
      <symbol id="sm-44f">
         <name>__ftable</name>
         <value>0x11810800</value>
         <object_component_ref idref="oc-76"/>
      </symbol>
      <symbol id="sm-461">
         <name>__divd</name>
         <value>0x800022a0</value>
         <object_component_ref idref="oc-110"/>
      </symbol>
      <symbol id="sm-46a">
         <name>__c6xabi_divu</name>
         <value>0x80007be0</value>
         <object_component_ref idref="oc-118"/>
      </symbol>
      <symbol id="sm-46b">
         <name>__divu</name>
         <value>0x80007be0</value>
         <object_component_ref idref="oc-118"/>
      </symbol>
      <symbol id="sm-478">
         <name>__fixdli</name>
         <value>0x80008200</value>
         <object_component_ref idref="oc-113"/>
      </symbol>
      <symbol id="sm-483">
         <name>__fltlid</name>
         <value>0x80008820</value>
         <object_component_ref idref="oc-115"/>
      </symbol>
      <symbol id="sm-49e">
         <name>_putc</name>
         <value>0x80005a40</value>
         <object_component_ref idref="oc-f4"/>
      </symbol>
      <symbol id="sm-49f">
         <name>_fputc</name>
         <value>0x80005a40</value>
         <object_component_ref idref="oc-f4"/>
      </symbol>
      <symbol id="sm-4c1">
         <name>_fputs</name>
         <value>0x80003c00</value>
         <object_component_ref idref="oc-ef"/>
      </symbol>
      <symbol id="sm-4cb">
         <name>__frcmpyd_div</name>
         <value>0x80008d40</value>
         <object_component_ref idref="oc-117"/>
      </symbol>
      <symbol id="sm-4db">
         <name>__divul</name>
         <value>0x80006400</value>
         <object_component_ref idref="oc-119"/>
      </symbol>
      <symbol id="sm-4dc">
         <name>__remli</name>
         <value>0x80008dc0</value>
         <object_component_ref idref="oc-11d"/>
      </symbol>
      <symbol id="sm-4dd">
         <name>__divli</name>
         <value>0x80008020</value>
         <object_component_ref idref="oc-11e"/>
      </symbol>
      <symbol id="sm-4f1">
         <name>__subcull</name>
         <value>0x80008b00</value>
         <object_component_ref idref="oc-120"/>
      </symbol>
      <symbol id="sm-4f2">
         <name>__divull</name>
         <value>0x80005140</value>
         <object_component_ref idref="oc-11a"/>
      </symbol>
      <symbol id="sm-4fc">
         <name>___isinf</name>
         <value>0x80008c80</value>
         <object_component_ref idref="oc-101"/>
      </symbol>
      <symbol id="sm-50a">
         <name>__llshl</name>
         <value>0x800088a0</value>
         <object_component_ref idref="oc-11f"/>
      </symbol>
      <symbol id="sm-50b">
         <name>__llshru</name>
         <value>0x80008d80</value>
         <object_component_ref idref="oc-116"/>
      </symbol>
      <symbol id="sm-548">
         <name>_unlink</name>
         <value>0x80008a20</value>
         <object_component_ref idref="oc-121"/>
      </symbol>
      <symbol id="sm-549">
         <name>_lseek</name>
         <value>0x80008480</value>
         <object_component_ref idref="oc-108"/>
      </symbol>
      <symbol id="sm-54a">
         <name>_close</name>
         <value>0x80007640</value>
         <object_component_ref idref="oc-11b"/>
      </symbol>
      <symbol id="sm-54b">
         <name>_write</name>
         <value>0x80008700</value>
         <object_component_ref idref="oc-f7"/>
      </symbol>
      <symbol id="sm-558">
         <name>_ltoa</name>
         <value>0x80007e20</value>
         <object_component_ref idref="oc-114"/>
      </symbol>
      <symbol id="sm-565">
         <name>_memccpy</name>
         <value>0x80008b60</value>
         <object_component_ref idref="oc-fc"/>
      </symbol>
      <symbol id="sm-570">
         <name>_memset</name>
         <value>0x80007720</value>
         <object_component_ref idref="oc-f8"/>
      </symbol>
      <symbol id="sm-57a">
         <name>__negll</name>
         <value>0x80008e00</value>
         <object_component_ref idref="oc-106"/>
      </symbol>
      <symbol id="sm-5a3">
         <name>_HOSTopen</name>
         <value>0x800073a0</value>
         <object_component_ref idref="oc-d4"/>
      </symbol>
      <symbol id="sm-5a4">
         <name>_HOSTread</name>
         <value>0x80007480</value>
         <object_component_ref idref="oc-d6"/>
      </symbol>
      <symbol id="sm-5a5">
         <name>_HOSTrename</name>
         <value>0x80006740</value>
         <object_component_ref idref="oc-da"/>
      </symbol>
      <symbol id="sm-5a6">
         <name>_HOSTwrite</name>
         <value>0x800079a0</value>
         <object_component_ref idref="oc-d7"/>
      </symbol>
      <symbol id="sm-5a7">
         <name>_HOSTlseek</name>
         <value>0x800071a0</value>
         <object_component_ref idref="oc-d8"/>
      </symbol>
      <symbol id="sm-5a8">
         <name>_HOSTunlink</name>
         <value>0x800078e0</value>
         <object_component_ref idref="oc-d9"/>
      </symbol>
      <symbol id="sm-5a9">
         <name>_HOSTclose</name>
         <value>0x80007ee0</value>
         <object_component_ref idref="oc-d5"/>
      </symbol>
      <symbol id="sm-5b9">
         <name>C$$IO$$</name>
         <value>0x80008c18</value>
         <object_component_ref idref="oc-e5"/>
      </symbol>
      <symbol id="sm-5ba">
         <name>__CIOBUF_</name>
         <value>0x118114e8</value>
         <object_component_ref idref="oc-b0"/>
      </symbol>
      <symbol id="sm-5bb">
         <name>_readmsg</name>
         <value>0x800089a0</value>
         <object_component_ref idref="oc-e6"/>
      </symbol>
      <symbol id="sm-5bc">
         <name>_writemsg</name>
         <value>0x80008bc0</value>
         <object_component_ref idref="oc-e5"/>
      </symbol>
      <symbol id="sm-5cb">
         <name>__wrt_ok</name>
         <value>0x800072a0</value>
         <object_component_ref idref="oc-f5"/>
      </symbol>
      <symbol id="sm-5df">
         <name>__doflush</name>
         <value>0x80007ca0</value>
         <object_component_ref idref="oc-f6"/>
      </symbol>
      <symbol id="sm-5f0">
         <name>_fseek</name>
         <value>0x80007080</value>
         <object_component_ref idref="oc-fd"/>
      </symbol>
      <symbol id="sm-607">
         <name>_setvbuf</name>
         <value>0x80005e60</value>
         <object_component_ref idref="oc-fe"/>
      </symbol>
      <symbol id="sm-61a">
         <name>__cleanup</name>
         <value>0x80007f80</value>
         <object_component_ref idref="oc-10a"/>
      </symbol>
      <symbol id="sm-62c">
         <name>__closefile</name>
         <value>0x80006e40</value>
         <object_component_ref idref="oc-112"/>
      </symbol>
      <symbol id="sm-636">
         <name>_remove</name>
         <value>0x80008ea0</value>
         <object_component_ref idref="oc-11c"/>
      </symbol>
   </symbol_table>
</link_info>
